2026-04-04 09:18:49.654 +07:00 [INF] Request starting HTTP/1.1 OPTIONS http://localhost:5283/api/v1/nhan-luc-cntt - null null
2026-04-04 09:18:49.671 +07:00 [INF] CORS policy execution successful.
2026-04-04 09:18:49.674 +07:00 [INF] HTTP OPTIONS /api/v1/nhan-luc-cntt => 204 in 5.4786 ms CorrelationId=705f878ff6fa4db899253209ad1c3db5 UserId=anonymous
2026-04-04 09:18:49.675 +07:00 [INF] HTTP OPTIONS /api/v1/nhan-luc-cntt responded 204 in 7.5174 ms
2026-04-04 09:18:49.677 +07:00 [INF] Request finished HTTP/1.1 OPTIONS http://localhost:5283/api/v1/nhan-luc-cntt - 204 null null 23.7278ms
2026-04-04 09:18:49.682 +07:00 [INF] Request starting HTTP/1.1 GET http://localhost:5283/api/v1/nhan-luc-cntt - null null
2026-04-04 09:18:49.684 +07:00 [INF] CORS policy execution successful.
2026-04-04 09:18:49.698 +07:00 [INF] Failed to validate the token.
Microsoft.IdentityModel.Tokens.SecurityTokenExpiredException: IDX10223: Lifetime validation failed. The token is expired. ValidTo (UTC): '4/3/2026 4:57:11 PM', Current time (UTC): '4/4/2026 2:18:49 AM'.
   at Microsoft.IdentityModel.Tokens.ValidatorUtilities.ValidateLifetime(Nullable`1 notBefore, Nullable`1 expires, SecurityToken securityToken, TokenValidationParameters validationParameters)
   at Microsoft.IdentityModel.Tokens.Validators.ValidateLifetime(Nullable`1 notBefore, Nullable`1 expires, SecurityToken securityToken, TokenValidationParameters validationParameters)
   at Microsoft.IdentityModel.JsonWebTokens.JsonWebTokenHandler.ValidateTokenPayloadAsync(JsonWebToken jsonWebToken, TokenValidationParameters validationParameters, BaseConfiguration configuration)
   at Microsoft.IdentityModel.JsonWebTokens.JsonWebTokenHandler.ValidateJWSAsync(JsonWebToken jsonWebToken, TokenValidationParameters validationParameters, BaseConfiguration configuration)
2026-04-04 09:18:49.722 +07:00 [INF] Bearer was not authenticated. Failure message: IDX10223: Lifetime validation failed. The token is expired. ValidTo (UTC): '4/3/2026 4:57:11 PM', Current time (UTC): '4/4/2026 2:18:49 AM'.
2026-04-04 09:18:49.726 +07:00 [INF] Authorization failed. These requirements were not met:
ThucLuc.Api.Common.Authorization.PermissionRequirement
2026-04-04 09:18:49.732 +07:00 [INF] AuthenticationScheme: Bearer was challenged.
2026-04-04 09:18:49.733 +07:00 [INF] HTTP GET /api/v1/nhan-luc-cntt => 401 in 49.39 ms CorrelationId=3d8b306dd5d64b62b155a3718a7b767c UserId=anonymous
2026-04-04 09:18:49.735 +07:00 [INF] HTTP GET /api/v1/nhan-luc-cntt responded 401 in 51.0545 ms
2026-04-04 09:18:49.737 +07:00 [INF] Request finished HTTP/1.1 GET http://localhost:5283/api/v1/nhan-luc-cntt - 401 0 null 55.0128ms
2026-04-04 15:26:41.454 +07:00 [INF] Application is shutting down...
