2026-03-30 09:18:20.679 +07:00 [INF] Request starting HTTP/1.1 OPTIONS http://localhost:5283/api/v1/don-vi/tree - null null
2026-03-30 09:18:20.679 +07:00 [INF] Request starting HTTP/1.1 OPTIONS http://localhost:5283/api/v1/don-vi/loai-don-vi-options - null null
2026-03-30 09:18:20.709 +07:00 [INF] CORS policy execution successful.
2026-03-30 09:18:20.709 +07:00 [INF] CORS policy execution successful.
2026-03-30 09:18:20.710 +07:00 [INF] HTTP OPTIONS /api/v1/don-vi/loai-don-vi-options => 204 in 1.1495 ms CorrelationId=33b1a524ea5b4cbca9fe8044543df037 UserId=anonymous
2026-03-30 09:18:20.711 +07:00 [INF] HTTP OPTIONS /api/v1/don-vi/tree => 204 in 1.8491 ms CorrelationId=b559dac627ed44eb9f51493974c305a4 UserId=anonymous
2026-03-30 09:18:20.712 +07:00 [INF] HTTP OPTIONS /api/v1/don-vi/loai-don-vi-options responded 204 in 3.8842 ms
2026-03-30 09:18:20.714 +07:00 [INF] HTTP OPTIONS /api/v1/don-vi/tree responded 204 in 5.5100 ms
2026-03-30 09:18:20.715 +07:00 [INF] Request finished HTTP/1.1 OPTIONS http://localhost:5283/api/v1/don-vi/loai-don-vi-options - 204 null null 37.6703ms
2026-03-30 09:18:20.717 +07:00 [INF] Request finished HTTP/1.1 OPTIONS http://localhost:5283/api/v1/don-vi/tree - 204 null null 38.903ms
2026-03-30 09:18:20.719 +07:00 [INF] Request starting HTTP/1.1 GET http://localhost:5283/api/v1/don-vi/tree - null null
2026-03-30 09:18:20.721 +07:00 [INF] Request starting HTTP/1.1 GET http://localhost:5283/api/v1/don-vi/loai-don-vi-options - null null
2026-03-30 09:18:20.722 +07:00 [INF] CORS policy execution successful.
2026-03-30 09:18:20.724 +07:00 [INF] CORS policy execution successful.
2026-03-30 09:18:20.745 +07:00 [INF] Failed to validate the token.
Microsoft.IdentityModel.Tokens.SecurityTokenExpiredException: IDX10223: Lifetime validation failed. The token is expired. ValidTo (UTC): '3/29/2026 5:57:16 AM', Current time (UTC): '3/30/2026 2:18:20 AM'.
   at Microsoft.IdentityModel.Tokens.ValidatorUtilities.ValidateLifetime(Nullable`1 notBefore, Nullable`1 expires, SecurityToken securityToken, TokenValidationParameters validationParameters)
   at Microsoft.IdentityModel.JsonWebTokens.JsonWebTokenHandler.ValidateTokenPayloadAsync(JsonWebToken jsonWebToken, TokenValidationParameters validationParameters, BaseConfiguration configuration)
   at Microsoft.IdentityModel.JsonWebTokens.JsonWebTokenHandler.ValidateJWSAsync(JsonWebToken jsonWebToken, TokenValidationParameters validationParameters, BaseConfiguration configuration)
2026-03-30 09:18:20.745 +07:00 [INF] Failed to validate the token.
Microsoft.IdentityModel.Tokens.SecurityTokenExpiredException: IDX10223: Lifetime validation failed. The token is expired. ValidTo (UTC): '3/29/2026 5:57:16 AM', Current time (UTC): '3/30/2026 2:18:20 AM'.
   at Microsoft.IdentityModel.Tokens.ValidatorUtilities.ValidateLifetime(Nullable`1 notBefore, Nullable`1 expires, SecurityToken securityToken, TokenValidationParameters validationParameters)
   at Microsoft.IdentityModel.JsonWebTokens.JsonWebTokenHandler.ValidateTokenPayloadAsync(JsonWebToken jsonWebToken, TokenValidationParameters validationParameters, BaseConfiguration configuration)
   at Microsoft.IdentityModel.JsonWebTokens.JsonWebTokenHandler.ValidateJWSAsync(JsonWebToken jsonWebToken, TokenValidationParameters validationParameters, BaseConfiguration configuration)
2026-03-30 09:18:20.772 +07:00 [INF] Bearer was not authenticated. Failure message: IDX10223: Lifetime validation failed. The token is expired. ValidTo (UTC): '3/29/2026 5:57:16 AM', Current time (UTC): '3/30/2026 2:18:20 AM'.
2026-03-30 09:18:20.772 +07:00 [INF] Bearer was not authenticated. Failure message: IDX10223: Lifetime validation failed. The token is expired. ValidTo (UTC): '3/29/2026 5:57:16 AM', Current time (UTC): '3/30/2026 2:18:20 AM'.
2026-03-30 09:18:20.775 +07:00 [INF] Authorization failed. These requirements were not met:
ThucLuc.Api.Common.Authorization.PermissionRequirement
2026-03-30 09:18:20.775 +07:00 [INF] Authorization failed. These requirements were not met:
ThucLuc.Api.Common.Authorization.PermissionRequirement
2026-03-30 09:18:20.779 +07:00 [INF] AuthenticationScheme: Bearer was challenged.
2026-03-30 09:18:20.779 +07:00 [INF] AuthenticationScheme: Bearer was challenged.
2026-03-30 09:18:20.780 +07:00 [INF] HTTP GET /api/v1/don-vi/tree => 401 in 58.1085 ms CorrelationId=1cc62945bdb54797bd015989f6cf1744 UserId=anonymous
2026-03-30 09:18:20.779 +07:00 [INF] HTTP GET /api/v1/don-vi/loai-don-vi-options => 401 in 55.1628 ms CorrelationId=5629b55d59d141268cbf9e6666adb030 UserId=anonymous
2026-03-30 09:18:20.783 +07:00 [INF] HTTP GET /api/v1/don-vi/tree responded 401 in 60.2671 ms
2026-03-30 09:18:20.784 +07:00 [INF] HTTP GET /api/v1/don-vi/loai-don-vi-options responded 401 in 59.8074 ms
2026-03-30 09:18:20.785 +07:00 [INF] Request finished HTTP/1.1 GET http://localhost:5283/api/v1/don-vi/tree - 401 0 null 66.1989ms
2026-03-30 09:18:20.786 +07:00 [INF] Request finished HTTP/1.1 GET http://localhost:5283/api/v1/don-vi/loai-don-vi-options - 401 0 null 65.0169ms
2026-03-30 09:18:22.005 +07:00 [INF] Request starting HTTP/1.1 OPTIONS http://localhost:5283/api/v1/auth/login - null null
2026-03-30 09:18:22.008 +07:00 [INF] CORS policy execution successful.
2026-03-30 09:18:22.009 +07:00 [INF] HTTP OPTIONS /api/v1/auth/login => 204 in 0.3452 ms CorrelationId=a6ee60c843a54035a51f28358161aced UserId=anonymous
2026-03-30 09:18:22.011 +07:00 [INF] HTTP OPTIONS /api/v1/auth/login responded 204 in 3.1015 ms
2026-03-30 09:18:22.013 +07:00 [INF] Request finished HTTP/1.1 OPTIONS http://localhost:5283/api/v1/auth/login - 204 null null 8.0587ms
2026-03-30 09:18:22.018 +07:00 [INF] Request starting HTTP/1.1 POST http://localhost:5283/api/v1/auth/login - application/json 43
2026-03-30 09:18:22.020 +07:00 [INF] CORS policy execution successful.
2026-03-30 09:18:22.030 +07:00 [INF] Executing endpoint 'ThucLuc.Api.Controllers.V1.AuthController.Login (ThucLuc.Api)'
2026-03-30 09:18:22.064 +07:00 [INF] Route matched with {action = "Login", controller = "Auth"}. Executing controller action with signature System.Threading.Tasks.Task`1[Microsoft.AspNetCore.Mvc.ActionResult`1[ThucLuc.Api.Common.Models.ApiResponse`1[ThucLuc.Application.Features.Auth.AuthTokenDto]]] Login(ThucLuc.Application.Features.Auth.LoginRequest, System.Threading.CancellationToken) on controller ThucLuc.Api.Controllers.V1.AuthController (ThucLuc.Api).
2026-03-30 09:18:22.767 +07:00 [INF] Executing OkObjectResult, writing value of type 'ThucLuc.Api.Common.Models.ApiResponse`1[[ThucLuc.Application.Features.Auth.AuthTokenDto, ThucLuc.Application, Version=1.0.0.0, Culture=neutral, PublicKeyToken=null]]'.
2026-03-30 09:18:22.771 +07:00 [INF] Executed action ThucLuc.Api.Controllers.V1.AuthController.Login (ThucLuc.Api) in 701.5665ms
2026-03-30 09:18:22.772 +07:00 [INF] Executed endpoint 'ThucLuc.Api.Controllers.V1.AuthController.Login (ThucLuc.Api)'
2026-03-30 09:18:22.773 +07:00 [INF] HTTP POST /api/v1/auth/login => 200 in 753.0968 ms CorrelationId=9824c08f3bbf4f0196353c5f46c2d293 UserId=anonymous
2026-03-30 09:18:22.775 +07:00 [INF] HTTP POST /api/v1/auth/login responded 200 in 754.8721 ms
2026-03-30 09:18:22.776 +07:00 [INF] Request finished HTTP/1.1 POST http://localhost:5283/api/v1/auth/login - 200 null application/json; charset=utf-8 758.7241ms
2026-03-30 09:18:22.779 +07:00 [INF] Request starting HTTP/1.1 OPTIONS http://localhost:5283/api/v1/auth/me - null null
2026-03-30 09:18:22.782 +07:00 [INF] CORS policy execution successful.
2026-03-30 09:18:22.782 +07:00 [INF] HTTP OPTIONS /api/v1/auth/me => 204 in 0.7404 ms CorrelationId=6b8f925a1bfd4ea7bd2189fdc8450319 UserId=anonymous
2026-03-30 09:18:22.784 +07:00 [INF] HTTP OPTIONS /api/v1/auth/me responded 204 in 2.5350 ms
2026-03-30 09:18:22.786 +07:00 [INF] Request finished HTTP/1.1 OPTIONS http://localhost:5283/api/v1/auth/me - 204 null null 6.5231ms
2026-03-30 09:18:22.788 +07:00 [INF] Request starting HTTP/1.1 GET http://localhost:5283/api/v1/auth/me - null null
2026-03-30 09:18:22.791 +07:00 [INF] CORS policy execution successful.
2026-03-30 09:18:22.792 +07:00 [INF] Executing endpoint 'ThucLuc.Api.Controllers.V1.AuthController.Me (ThucLuc.Api)'
2026-03-30 09:18:22.797 +07:00 [INF] Route matched with {action = "Me", controller = "Auth"}. Executing controller action with signature System.Threading.Tasks.Task`1[Microsoft.AspNetCore.Mvc.ActionResult`1[ThucLuc.Api.Common.Models.ApiResponse`1[ThucLuc.Application.Features.Auth.UserProfileDto]]] Me(System.Threading.CancellationToken) on controller ThucLuc.Api.Controllers.V1.AuthController (ThucLuc.Api).
2026-03-30 09:18:22.816 +07:00 [INF] Executing OkObjectResult, writing value of type 'ThucLuc.Api.Common.Models.ApiResponse`1[[ThucLuc.Application.Features.Auth.UserProfileDto, ThucLuc.Application, Version=1.0.0.0, Culture=neutral, PublicKeyToken=null]]'.
2026-03-30 09:18:22.818 +07:00 [INF] Executed action ThucLuc.Api.Controllers.V1.AuthController.Me (ThucLuc.Api) in 18.7341ms
2026-03-30 09:18:22.819 +07:00 [INF] Executed endpoint 'ThucLuc.Api.Controllers.V1.AuthController.Me (ThucLuc.Api)'
2026-03-30 09:18:22.820 +07:00 [INF] HTTP GET /api/v1/auth/me => 200 in 29.1075 ms CorrelationId=b2acd82e8dbf45ecbc4a8416d3868a70 UserId=5001
2026-03-30 09:18:22.822 +07:00 [INF] HTTP GET /api/v1/auth/me responded 200 in 30.9597 ms
2026-03-30 09:18:22.823 +07:00 [INF] Request finished HTTP/1.1 GET http://localhost:5283/api/v1/auth/me - 200 null application/json; charset=utf-8 34.8315ms
2026-03-30 09:18:24.321 +07:00 [INF] Request starting HTTP/1.1 OPTIONS http://localhost:5283/api/v1/codes?includeInactive=false - null null
2026-03-30 09:18:24.325 +07:00 [INF] CORS policy execution successful.
2026-03-30 09:18:24.326 +07:00 [INF] HTTP OPTIONS /api/v1/codes => 204 in 0.842 ms CorrelationId=8b730bddb6774d7f824b429575d35925 UserId=anonymous
2026-03-30 09:18:24.329 +07:00 [INF] HTTP OPTIONS /api/v1/codes responded 204 in 3.4007 ms
2026-03-30 09:18:24.333 +07:00 [INF] Request finished HTTP/1.1 OPTIONS http://localhost:5283/api/v1/codes?includeInactive=false - 204 null null 12.505ms
2026-03-30 09:18:24.336 +07:00 [INF] Request starting HTTP/1.1 GET http://localhost:5283/api/v1/codes?includeInactive=false - null null
2026-03-30 09:18:24.339 +07:00 [INF] CORS policy execution successful.
2026-03-30 09:18:24.340 +07:00 [INF] Executing endpoint 'ThucLuc.Api.Controllers.V1.CodesController.GetAll (ThucLuc.Api)'
2026-03-30 09:18:24.342 +07:00 [INF] Route matched with {action = "GetAll", controller = "Codes"}. Executing controller action with signature System.Threading.Tasks.Task`1[Microsoft.AspNetCore.Mvc.ActionResult`1[ThucLuc.Api.Common.Models.ApiResponse`1[System.Collections.Generic.IReadOnlyCollection`1[ThucLuc.Application.Features.Codes.CodeDto]]]] GetAll(Boolean, System.Threading.CancellationToken) on controller ThucLuc.Api.Controllers.V1.CodesController (ThucLuc.Api).
2026-03-30 09:18:24.351 +07:00 [INF] Executing OkObjectResult, writing value of type 'ThucLuc.Api.Common.Models.ApiResponse`1[[System.Collections.Generic.IReadOnlyCollection`1[[ThucLuc.Application.Features.Codes.CodeDto, ThucLuc.Application, Version=1.0.0.0, Culture=neutral, PublicKeyToken=null]], System.Private.CoreLib, Version=8.0.0.0, Culture=neutral, PublicKeyToken=7cec85d7bea7798e]]'.
2026-03-30 09:18:24.354 +07:00 [INF] Executed action ThucLuc.Api.Controllers.V1.CodesController.GetAll (ThucLuc.Api) in 7.9049ms
2026-03-30 09:18:24.357 +07:00 [INF] Executed endpoint 'ThucLuc.Api.Controllers.V1.CodesController.GetAll (ThucLuc.Api)'
2026-03-30 09:18:24.359 +07:00 [INF] HTTP GET /api/v1/codes => 200 in 20.8512 ms CorrelationId=ae047e08cc9f47568588f7a836cf690e UserId=5001
2026-03-30 09:18:24.361 +07:00 [INF] HTTP GET /api/v1/codes responded 200 in 22.4444 ms
2026-03-30 09:18:24.362 +07:00 [INF] Request finished HTTP/1.1 GET http://localhost:5283/api/v1/codes?includeInactive=false - 200 null application/json; charset=utf-8 26.0041ms
2026-03-30 09:18:24.366 +07:00 [INF] Request starting HTTP/1.1 OPTIONS http://localhost:5283/api/v1/codes/1 - null null
2026-03-30 09:18:24.368 +07:00 [INF] CORS policy execution successful.
2026-03-30 09:18:24.368 +07:00 [INF] HTTP OPTIONS /api/v1/codes/1 => 204 in 0.491 ms CorrelationId=e6ccfde692714ba6b4d5a59eb753a8c6 UserId=anonymous
2026-03-30 09:18:24.370 +07:00 [INF] HTTP OPTIONS /api/v1/codes/1 responded 204 in 1.7149 ms
2026-03-30 09:18:24.370 +07:00 [INF] Request finished HTTP/1.1 OPTIONS http://localhost:5283/api/v1/codes/1 - 204 null null 4.1523ms
2026-03-30 09:18:24.372 +07:00 [INF] Request starting HTTP/1.1 GET http://localhost:5283/api/v1/codes/1 - null null
2026-03-30 09:18:24.374 +07:00 [INF] CORS policy execution successful.
2026-03-30 09:18:24.374 +07:00 [INF] Executing endpoint 'ThucLuc.Api.Controllers.V1.CodesController.GetById (ThucLuc.Api)'
2026-03-30 09:18:24.375 +07:00 [INF] Route matched with {action = "GetById", controller = "Codes"}. Executing controller action with signature System.Threading.Tasks.Task`1[Microsoft.AspNetCore.Mvc.ActionResult`1[ThucLuc.Api.Common.Models.ApiResponse`1[ThucLuc.Application.Features.Codes.CodeDto]]] GetById(Int64, System.Threading.CancellationToken) on controller ThucLuc.Api.Controllers.V1.CodesController (ThucLuc.Api).
2026-03-30 09:18:24.379 +07:00 [INF] Executing OkObjectResult, writing value of type 'ThucLuc.Api.Common.Models.ApiResponse`1[[ThucLuc.Application.Features.Codes.CodeDto, ThucLuc.Application, Version=1.0.0.0, Culture=neutral, PublicKeyToken=null]]'.
2026-03-30 09:18:24.380 +07:00 [INF] Executed action ThucLuc.Api.Controllers.V1.CodesController.GetById (ThucLuc.Api) in 3.4618ms
2026-03-30 09:18:24.381 +07:00 [INF] Executed endpoint 'ThucLuc.Api.Controllers.V1.CodesController.GetById (ThucLuc.Api)'
2026-03-30 09:18:24.381 +07:00 [INF] HTTP GET /api/v1/codes/1 => 200 in 7.9518 ms CorrelationId=23af91c887664e128d56349b83cb54a7 UserId=5001
2026-03-30 09:18:24.383 +07:00 [INF] HTTP GET /api/v1/codes/1 responded 200 in 9.2315 ms
2026-03-30 09:18:24.384 +07:00 [INF] Request finished HTTP/1.1 GET http://localhost:5283/api/v1/codes/1 - 200 null application/json; charset=utf-8 11.4156ms
2026-03-30 09:18:31.997 +07:00 [INF] Request starting HTTP/1.1 OPTIONS http://localhost:5283/api/v1/don-vi/tree - null null
2026-03-30 09:18:32.001 +07:00 [INF] Request starting HTTP/1.1 OPTIONS http://localhost:5283/api/v1/don-vi/loai-don-vi-options - null null
2026-03-30 09:18:32.004 +07:00 [INF] CORS policy execution successful.
2026-03-30 09:18:32.005 +07:00 [INF] HTTP OPTIONS /api/v1/don-vi/loai-don-vi-options => 204 in 0.7214 ms CorrelationId=b5e5977a9b8542599c96337a021fd5ad UserId=anonymous
2026-03-30 09:18:32.007 +07:00 [INF] HTTP OPTIONS /api/v1/don-vi/loai-don-vi-options responded 204 in 2.5494 ms
2026-03-30 09:18:32.002 +07:00 [INF] CORS policy execution successful.
2026-03-30 09:18:32.010 +07:00 [INF] HTTP OPTIONS /api/v1/don-vi/tree => 204 in 8.4528 ms CorrelationId=5912317751874e058cd41e481ca01cb6 UserId=anonymous
2026-03-30 09:18:32.010 +07:00 [INF] Request finished HTTP/1.1 OPTIONS http://localhost:5283/api/v1/don-vi/loai-don-vi-options - 204 null null 9.0802ms
2026-03-30 09:18:32.015 +07:00 [INF] Request starting HTTP/1.1 GET http://localhost:5283/api/v1/don-vi/loai-don-vi-options - null null
2026-03-30 09:18:32.012 +07:00 [INF] HTTP OPTIONS /api/v1/don-vi/tree responded 204 in 10.4254 ms
2026-03-30 09:18:32.018 +07:00 [INF] CORS policy execution successful.
2026-03-30 09:18:32.019 +07:00 [INF] Request finished HTTP/1.1 OPTIONS http://localhost:5283/api/v1/don-vi/tree - 204 null null 22.2371ms
2026-03-30 09:18:32.023 +07:00 [INF] Request starting HTTP/1.1 GET http://localhost:5283/api/v1/don-vi/tree - null null
2026-03-30 09:18:32.020 +07:00 [INF] Executing endpoint 'ThucLuc.Api.Controllers.V1.DonViController.GetLoaiDonViOptions (ThucLuc.Api)'
2026-03-30 09:18:32.026 +07:00 [INF] CORS policy execution successful.
2026-03-30 09:18:32.027 +07:00 [INF] Route matched with {action = "GetLoaiDonViOptions", controller = "DonVi"}. Executing controller action with signature System.Threading.Tasks.Task`1[Microsoft.AspNetCore.Mvc.ActionResult`1[ThucLuc.Api.Common.Models.ApiResponse`1[System.Collections.Generic.IReadOnlyCollection`1[ThucLuc.Application.Features.DonVi.DonViLoaiOptionDto]]]] GetLoaiDonViOptions(System.Threading.CancellationToken) on controller ThucLuc.Api.Controllers.V1.DonViController (ThucLuc.Api).
2026-03-30 09:18:32.027 +07:00 [INF] Executing endpoint 'ThucLuc.Api.Controllers.V1.DonViController.GetTree (ThucLuc.Api)'
2026-03-30 09:18:32.031 +07:00 [INF] Route matched with {action = "GetTree", controller = "DonVi"}. Executing controller action with signature System.Threading.Tasks.Task`1[Microsoft.AspNetCore.Mvc.ActionResult`1[ThucLuc.Api.Common.Models.ApiResponse`1[System.Collections.Generic.IReadOnlyCollection`1[ThucLuc.Application.Features.DonVi.DonViDto]]]] GetTree(System.Threading.CancellationToken) on controller ThucLuc.Api.Controllers.V1.DonViController (ThucLuc.Api).
2026-03-30 09:18:32.032 +07:00 [INF] Executing OkObjectResult, writing value of type 'ThucLuc.Api.Common.Models.ApiResponse`1[[System.Collections.Generic.IReadOnlyCollection`1[[ThucLuc.Application.Features.DonVi.DonViLoaiOptionDto, ThucLuc.Application, Version=1.0.0.0, Culture=neutral, PublicKeyToken=null]], System.Private.CoreLib, Version=8.0.0.0, Culture=neutral, PublicKeyToken=7cec85d7bea7798e]]'.
2026-03-30 09:18:32.035 +07:00 [INF] Executed action ThucLuc.Api.Controllers.V1.DonViController.GetLoaiDonViOptions (ThucLuc.Api) in 6.8412ms
2026-03-30 09:18:32.036 +07:00 [INF] Executed endpoint 'ThucLuc.Api.Controllers.V1.DonViController.GetLoaiDonViOptions (ThucLuc.Api)'
2026-03-30 09:18:32.037 +07:00 [INF] HTTP GET /api/v1/don-vi/loai-don-vi-options => 200 in 19.4145 ms CorrelationId=61b9f026a73d4ebf9a107cce5b2d5703 UserId=5001
2026-03-30 09:18:32.039 +07:00 [INF] HTTP GET /api/v1/don-vi/loai-don-vi-options responded 200 in 21.5680 ms
2026-03-30 09:18:32.041 +07:00 [INF] Request finished HTTP/1.1 GET http://localhost:5283/api/v1/don-vi/loai-don-vi-options - 200 null application/json; charset=utf-8 25.6269ms
2026-03-30 09:18:32.042 +07:00 [INF] Executing OkObjectResult, writing value of type 'ThucLuc.Api.Common.Models.ApiResponse`1[[System.Collections.Generic.IReadOnlyCollection`1[[ThucLuc.Application.Features.DonVi.DonViDto, ThucLuc.Application, Version=1.0.0.0, Culture=neutral, PublicKeyToken=null]], System.Private.CoreLib, Version=8.0.0.0, Culture=neutral, PublicKeyToken=7cec85d7bea7798e]]'.
2026-03-30 09:18:32.045 +07:00 [INF] Executed action ThucLuc.Api.Controllers.V1.DonViController.GetTree (ThucLuc.Api) in 10.2542ms
2026-03-30 09:18:32.046 +07:00 [INF] Executed endpoint 'ThucLuc.Api.Controllers.V1.DonViController.GetTree (ThucLuc.Api)'
2026-03-30 09:18:32.048 +07:00 [INF] HTTP GET /api/v1/don-vi/tree => 200 in 21.3789 ms CorrelationId=cfea5fa3cc674c91957478595ea0e3c0 UserId=5001
2026-03-30 09:18:32.051 +07:00 [INF] HTTP GET /api/v1/don-vi/tree responded 200 in 24.5002 ms
2026-03-30 09:18:32.052 +07:00 [INF] Request finished HTTP/1.1 GET http://localhost:5283/api/v1/don-vi/tree - 200 null application/json; charset=utf-8 28.2733ms
2026-03-30 09:18:34.918 +07:00 [INF] Request starting HTTP/1.1 OPTIONS http://localhost:5283/api/v1/roles - null null
2026-03-30 09:18:34.918 +07:00 [INF] Request starting HTTP/1.1 OPTIONS http://localhost:5283/api/v1/permissions - null null
2026-03-30 09:18:34.924 +07:00 [INF] CORS policy execution successful.
2026-03-30 09:18:34.924 +07:00 [INF] HTTP OPTIONS /api/v1/permissions => 204 in 0.3584 ms CorrelationId=bcf59474d2e541e09ca9c294a225a031 UserId=anonymous
2026-03-30 09:18:34.920 +07:00 [INF] Request starting HTTP/1.1 OPTIONS http://localhost:5283/api/v1/phan-quyen/user-roles - null null
2026-03-30 09:18:34.921 +07:00 [INF] Request starting HTTP/1.1 OPTIONS http://localhost:5283/api/v1/phan-quyen/role-permissions - null null
2026-03-30 09:18:34.928 +07:00 [INF] CORS policy execution successful.
2026-03-30 09:18:34.929 +07:00 [INF] HTTP OPTIONS /api/v1/phan-quyen/role-permissions => 204 in 0.3406 ms CorrelationId=222dc01e605045da8b269693f4054367 UserId=anonymous
2026-03-30 09:18:34.930 +07:00 [INF] HTTP OPTIONS /api/v1/phan-quyen/role-permissions responded 204 in 1.2377 ms
2026-03-30 09:18:34.926 +07:00 [INF] HTTP OPTIONS /api/v1/permissions responded 204 in 1.7971 ms
2026-03-30 09:18:34.927 +07:00 [INF] CORS policy execution successful.
2026-03-30 09:18:34.933 +07:00 [INF] HTTP OPTIONS /api/v1/phan-quyen/user-roles => 204 in 5.7136 ms CorrelationId=ec6e93df97624feebf3ba8b0843c4825 UserId=anonymous
2026-03-30 09:18:34.919 +07:00 [INF] Request starting HTTP/1.1 OPTIONS http://localhost:5283/api/v1/users - null null
2026-03-30 09:18:34.937 +07:00 [INF] CORS policy execution successful.
2026-03-30 09:18:34.937 +07:00 [INF] HTTP OPTIONS /api/v1/users => 204 in 0.5904 ms CorrelationId=8605b9fe30414fe3bff7873f4535bb15 UserId=anonymous
2026-03-30 09:18:34.932 +07:00 [INF] Request finished HTTP/1.1 OPTIONS http://localhost:5283/api/v1/permissions - 204 null null 13.3848ms
2026-03-30 09:18:34.922 +07:00 [INF] CORS policy execution successful.
2026-03-30 09:18:34.943 +07:00 [INF] HTTP OPTIONS /api/v1/roles => 204 in 21.87 ms CorrelationId=6a33fe9ddd9d4d13817ea07da7906a6b UserId=anonymous
2026-03-30 09:18:34.944 +07:00 [INF] HTTP OPTIONS /api/v1/roles responded 204 in 22.6405 ms
2026-03-30 09:18:34.945 +07:00 [INF] Request finished HTTP/1.1 OPTIONS http://localhost:5283/api/v1/roles - 204 null null 26.4198ms
2026-03-30 09:18:34.940 +07:00 [INF] HTTP OPTIONS /api/v1/users responded 204 in 2.6725 ms
2026-03-30 09:18:34.943 +07:00 [INF] Request starting HTTP/1.1 GET http://localhost:5283/api/v1/phan-quyen/role-permissions - null null
2026-03-30 09:18:34.950 +07:00 [INF] CORS policy execution successful.
2026-03-30 09:18:34.950 +07:00 [INF] Executing endpoint 'ThucLuc.Api.Controllers.V1.PhanQuyenController.GetRolePermissionMappings (ThucLuc.Api)'
2026-03-30 09:18:34.930 +07:00 [INF] Request finished HTTP/1.1 OPTIONS http://localhost:5283/api/v1/phan-quyen/role-permissions - 204 null null 9.6637ms
2026-03-30 09:18:34.954 +07:00 [INF] Request starting HTTP/1.1 GET http://localhost:5283/api/v1/permissions - null null
2026-03-30 09:18:34.955 +07:00 [INF] CORS policy execution successful.
2026-03-30 09:18:34.935 +07:00 [INF] HTTP OPTIONS /api/v1/phan-quyen/user-roles responded 204 in 7.8567 ms
2026-03-30 09:18:34.957 +07:00 [INF] Request finished HTTP/1.1 OPTIONS http://localhost:5283/api/v1/phan-quyen/user-roles - 204 null null 36.2488ms
2026-03-30 09:18:34.951 +07:00 [INF] Route matched with {action = "GetRolePermissionMappings", controller = "PhanQuyen"}. Executing controller action with signature System.Threading.Tasks.Task`1[Microsoft.AspNetCore.Mvc.ActionResult`1[ThucLuc.Api.Common.Models.ApiResponse`1[System.Collections.Generic.IReadOnlyCollection`1[ThucLuc.Api.Controllers.V1.RolePermissionMappingDto]]]] GetRolePermissionMappings(System.Threading.CancellationToken) on controller ThucLuc.Api.Controllers.V1.PhanQuyenController (ThucLuc.Api).
2026-03-30 09:18:34.947 +07:00 [INF] Request finished HTTP/1.1 OPTIONS http://localhost:5283/api/v1/users - 204 null null 27.9581ms
2026-03-30 09:18:34.963 +07:00 [INF] Request starting HTTP/1.1 GET http://localhost:5283/api/v1/roles - null null
2026-03-30 09:18:34.956 +07:00 [INF] Executing endpoint 'ThucLuc.Api.Controllers.V1.PermissionsController.GetAll (ThucLuc.Api)'
2026-03-30 09:18:34.967 +07:00 [INF] Route matched with {action = "GetAll", controller = "Permissions"}. Executing controller action with signature System.Threading.Tasks.Task`1[Microsoft.AspNetCore.Mvc.ActionResult`1[ThucLuc.Api.Common.Models.ApiResponse`1[System.Collections.Generic.IReadOnlyCollection`1[ThucLuc.Api.Controllers.V1.PermissionItemDto]]]] GetAll(System.Threading.CancellationToken) on controller ThucLuc.Api.Controllers.V1.PermissionsController (ThucLuc.Api).
2026-03-30 09:18:34.959 +07:00 [INF] Request starting HTTP/1.1 GET http://localhost:5283/api/v1/phan-quyen/user-roles - null null
2026-03-30 09:18:34.948 +07:00 [INF] Request starting HTTP/1.1 GET http://localhost:5283/api/v1/users - null null
2026-03-30 09:18:34.978 +07:00 [INF] CORS policy execution successful.
2026-03-30 09:18:34.920 +07:00 [INF] Request starting HTTP/1.1 OPTIONS http://localhost:5283/api/v1/don-vi - null null
2026-03-30 09:18:34.980 +07:00 [INF] CORS policy execution successful.
2026-03-30 09:18:34.980 +07:00 [INF] HTTP OPTIONS /api/v1/don-vi => 204 in 0.4749 ms CorrelationId=5781194021884761b0959a66234c9c61 UserId=anonymous
2026-03-30 09:18:34.982 +07:00 [INF] HTTP OPTIONS /api/v1/don-vi responded 204 in 1.9574 ms
2026-03-30 09:18:34.983 +07:00 [INF] Request finished HTTP/1.1 OPTIONS http://localhost:5283/api/v1/don-vi - 204 null null 63.2809ms
2026-03-30 09:18:34.978 +07:00 [INF] Executing endpoint 'ThucLuc.Api.Controllers.V1.UsersController.GetAll (ThucLuc.Api)'
2026-03-30 09:18:34.970 +07:00 [INF] Executing OkObjectResult, writing value of type 'ThucLuc.Api.Common.Models.ApiResponse`1[[System.Collections.Generic.IReadOnlyCollection`1[[ThucLuc.Api.Controllers.V1.RolePermissionMappingDto, ThucLuc.Api, Version=1.0.0.0, Culture=neutral, PublicKeyToken=null]], System.Private.CoreLib, Version=8.0.0.0, Culture=neutral, PublicKeyToken=7cec85d7bea7798e]]'.
2026-03-30 09:18:34.988 +07:00 [INF] Executed action ThucLuc.Api.Controllers.V1.PhanQuyenController.GetRolePermissionMappings (ThucLuc.Api) in 29.9506ms
2026-03-30 09:18:34.989 +07:00 [INF] Executed endpoint 'ThucLuc.Api.Controllers.V1.PhanQuyenController.GetRolePermissionMappings (ThucLuc.Api)'
2026-03-30 09:18:34.965 +07:00 [INF] CORS policy execution successful.
2026-03-30 09:18:34.992 +07:00 [INF] Executing endpoint 'ThucLuc.Api.Controllers.V1.RolesController.GetAll (ThucLuc.Api)'
2026-03-30 09:18:34.988 +07:00 [INF] Route matched with {action = "GetAll", controller = "Users"}. Executing controller action with signature System.Threading.Tasks.Task`1[Microsoft.AspNetCore.Mvc.ActionResult`1[ThucLuc.Api.Common.Models.ApiResponse`1[System.Collections.Generic.IReadOnlyCollection`1[ThucLuc.Application.Features.Users.UserDto]]]] GetAll(System.Threading.CancellationToken) on controller ThucLuc.Api.Controllers.V1.UsersController (ThucLuc.Api).
2026-03-30 09:18:34.975 +07:00 [INF] CORS policy execution successful.
2026-03-30 09:18:34.976 +07:00 [INF] Executing OkObjectResult, writing value of type 'ThucLuc.Api.Common.Models.ApiResponse`1[[System.Collections.Generic.IReadOnlyCollection`1[[ThucLuc.Api.Controllers.V1.PermissionItemDto, ThucLuc.Api, Version=1.0.0.0, Culture=neutral, PublicKeyToken=null]], System.Private.CoreLib, Version=8.0.0.0, Culture=neutral, PublicKeyToken=7cec85d7bea7798e]]'.
2026-03-30 09:18:34.990 +07:00 [INF] HTTP GET /api/v1/phan-quyen/role-permissions => 200 in 40.6964 ms CorrelationId=ee8758af13d94dc4b13d099407d7aa42 UserId=5001
2026-03-30 09:18:34.986 +07:00 [INF] Request starting HTTP/1.1 GET http://localhost:5283/api/v1/don-vi - null null
2026-03-30 09:18:35.007 +07:00 [INF] CORS policy execution successful.
2026-03-30 09:18:35.007 +07:00 [INF] Executing endpoint 'ThucLuc.Api.Controllers.V1.DonViController.GetList (ThucLuc.Api)'
2026-03-30 09:18:35.003 +07:00 [INF] Executed action ThucLuc.Api.Controllers.V1.PermissionsController.GetAll (ThucLuc.Api) in 31.9989ms
2026-03-30 09:18:35.009 +07:00 [INF] Executed endpoint 'ThucLuc.Api.Controllers.V1.PermissionsController.GetAll (ThucLuc.Api)'
2026-03-30 09:18:35.009 +07:00 [INF] HTTP GET /api/v1/permissions => 200 in 54.1179 ms CorrelationId=94cb61f0ed1044a0b60c4ec3617cb3ad UserId=5001
2026-03-30 09:18:35.011 +07:00 [INF] HTTP GET /api/v1/permissions responded 200 in 55.5154 ms
2026-03-30 09:18:35.002 +07:00 [INF] Executing endpoint 'ThucLuc.Api.Controllers.V1.PhanQuyenController.GetUserRoleMappings (ThucLuc.Api)'
2026-03-30 09:18:35.013 +07:00 [INF] Route matched with {action = "GetUserRoleMappings", controller = "PhanQuyen"}. Executing controller action with signature System.Threading.Tasks.Task`1[Microsoft.AspNetCore.Mvc.ActionResult`1[ThucLuc.Api.Common.Models.ApiResponse`1[System.Collections.Generic.IReadOnlyCollection`1[ThucLuc.Api.Controllers.V1.UserRoleMappingDto]]]] GetUserRoleMappings(System.Nullable`1[System.Int64], System.Threading.CancellationToken) on controller ThucLuc.Api.Controllers.V1.PhanQuyenController (ThucLuc.Api).
2026-03-30 09:18:35.005 +07:00 [INF] HTTP GET /api/v1/phan-quyen/role-permissions responded 200 in 55.2698 ms
2026-03-30 09:18:35.018 +07:00 [INF] Request finished HTTP/1.1 GET http://localhost:5283/api/v1/phan-quyen/role-permissions - 200 null application/json; charset=utf-8 75.2719ms
2026-03-30 09:18:35.000 +07:00 [INF] Route matched with {action = "GetAll", controller = "Roles"}. Executing controller action with signature System.Threading.Tasks.Task`1[Microsoft.AspNetCore.Mvc.ActionResult`1[ThucLuc.Api.Common.Models.ApiResponse`1[System.Collections.Generic.IReadOnlyCollection`1[ThucLuc.Application.Features.Roles.RoleDto]]]] GetAll(System.Threading.CancellationToken) on controller ThucLuc.Api.Controllers.V1.RolesController (ThucLuc.Api).
2026-03-30 09:18:35.012 +07:00 [INF] Request finished HTTP/1.1 GET http://localhost:5283/api/v1/permissions - 200 null application/json; charset=utf-8 57.6528ms
2026-03-30 09:18:35.008 +07:00 [INF] Route matched with {action = "GetList", controller = "DonVi"}. Executing controller action with signature System.Threading.Tasks.Task`1[Microsoft.AspNetCore.Mvc.ActionResult`1[ThucLuc.Api.Common.Models.ApiResponse`1[System.Collections.Generic.IReadOnlyCollection`1[ThucLuc.Application.Features.DonVi.DonViDto]]]] GetList(System.Threading.CancellationToken) on controller ThucLuc.Api.Controllers.V1.DonViController (ThucLuc.Api).
2026-03-30 09:18:35.005 +07:00 [INF] Executing OkObjectResult, writing value of type 'ThucLuc.Api.Common.Models.ApiResponse`1[[System.Collections.Generic.IReadOnlyCollection`1[[ThucLuc.Application.Features.Users.UserDto, ThucLuc.Application, Version=1.0.0.0, Culture=neutral, PublicKeyToken=null]], System.Private.CoreLib, Version=8.0.0.0, Culture=neutral, PublicKeyToken=7cec85d7bea7798e]]'.
2026-03-30 09:18:35.021 +07:00 [INF] Executing OkObjectResult, writing value of type 'ThucLuc.Api.Common.Models.ApiResponse`1[[System.Collections.Generic.IReadOnlyCollection`1[[ThucLuc.Api.Controllers.V1.UserRoleMappingDto, ThucLuc.Api, Version=1.0.0.0, Culture=neutral, PublicKeyToken=null]], System.Private.CoreLib, Version=8.0.0.0, Culture=neutral, PublicKeyToken=7cec85d7bea7798e]]'.
2026-03-30 09:18:35.026 +07:00 [INF] Executed action ThucLuc.Api.Controllers.V1.UsersController.GetAll (ThucLuc.Api) in 24.3717ms
2026-03-30 09:18:35.028 +07:00 [INF] Executed endpoint 'ThucLuc.Api.Controllers.V1.UsersController.GetAll (ThucLuc.Api)'
2026-03-30 09:18:35.029 +07:00 [INF] HTTP GET /api/v1/users => 200 in 51.4716 ms CorrelationId=3790ad0558f745e0a29a1559328d7bf3 UserId=5001
2026-03-30 09:18:35.029 +07:00 [INF] Executing OkObjectResult, writing value of type 'ThucLuc.Api.Common.Models.ApiResponse`1[[System.Collections.Generic.IReadOnlyCollection`1[[ThucLuc.Application.Features.Roles.RoleDto, ThucLuc.Application, Version=1.0.0.0, Culture=neutral, PublicKeyToken=null]], System.Private.CoreLib, Version=8.0.0.0, Culture=neutral, PublicKeyToken=7cec85d7bea7798e]]'.
2026-03-30 09:18:35.027 +07:00 [INF] Executed action ThucLuc.Api.Controllers.V1.PhanQuyenController.GetUserRoleMappings (ThucLuc.Api) in 11.2459ms
2026-03-30 09:18:35.033 +07:00 [INF] Executed endpoint 'ThucLuc.Api.Controllers.V1.PhanQuyenController.GetUserRoleMappings (ThucLuc.Api)'
2026-03-30 09:18:35.034 +07:00 [INF] HTTP GET /api/v1/phan-quyen/user-roles => 200 in 58.6675 ms CorrelationId=4e5e4fbcc9b04f86b748ea6a847546dd UserId=5001
2026-03-30 09:18:35.031 +07:00 [INF] HTTP GET /api/v1/users responded 200 in 53.6212 ms
2026-03-30 09:18:35.032 +07:00 [INF] Executed action ThucLuc.Api.Controllers.V1.RolesController.GetAll (ThucLuc.Api) in 10.1358ms
2026-03-30 09:18:35.036 +07:00 [INF] HTTP GET /api/v1/phan-quyen/user-roles responded 200 in 60.2637 ms
2026-03-30 09:18:35.037 +07:00 [INF] Request finished HTTP/1.1 GET http://localhost:5283/api/v1/users - 200 null application/json; charset=utf-8 89.4238ms
2026-03-30 09:18:35.039 +07:00 [INF] Executed endpoint 'ThucLuc.Api.Controllers.V1.RolesController.GetAll (ThucLuc.Api)'
2026-03-30 09:18:35.040 +07:00 [INF] Request finished HTTP/1.1 GET http://localhost:5283/api/v1/phan-quyen/user-roles - 200 null application/json; charset=utf-8 80.5649ms
2026-03-30 09:18:35.042 +07:00 [INF] HTTP GET /api/v1/roles => 200 in 77.5093 ms CorrelationId=5014cb3c4f854ffdbae66188f7eae121 UserId=5001
2026-03-30 09:18:35.046 +07:00 [INF] HTTP GET /api/v1/roles responded 200 in 81.5519 ms
2026-03-30 09:18:35.048 +07:00 [INF] Request finished HTTP/1.1 GET http://localhost:5283/api/v1/roles - 200 null application/json; charset=utf-8 85.5533ms
2026-03-30 09:18:35.121 +07:00 [INF] Executing OkObjectResult, writing value of type 'ThucLuc.Api.Common.Models.ApiResponse`1[[System.Collections.Generic.IReadOnlyCollection`1[[ThucLuc.Application.Features.DonVi.DonViDto, ThucLuc.Application, Version=1.0.0.0, Culture=neutral, PublicKeyToken=null]], System.Private.CoreLib, Version=8.0.0.0, Culture=neutral, PublicKeyToken=7cec85d7bea7798e]]'.
2026-03-30 09:18:35.127 +07:00 [INF] Executed action ThucLuc.Api.Controllers.V1.DonViController.GetList (ThucLuc.Api) in 101.5976ms
2026-03-30 09:18:35.129 +07:00 [INF] Executed endpoint 'ThucLuc.Api.Controllers.V1.DonViController.GetList (ThucLuc.Api)'
2026-03-30 09:18:35.130 +07:00 [INF] HTTP GET /api/v1/don-vi => 200 in 123.3183 ms CorrelationId=5c6df2f564ac40168a0d95b2da33e77c UserId=5001
2026-03-30 09:18:35.144 +07:00 [INF] HTTP GET /api/v1/don-vi responded 200 in 137.7207 ms
2026-03-30 09:18:35.146 +07:00 [INF] Request finished HTTP/1.1 GET http://localhost:5283/api/v1/don-vi - 200 null application/json; charset=utf-8 159.1562ms
2026-03-30 09:18:35.401 +07:00 [INF] Request starting HTTP/1.1 GET http://localhost:5283/api/v1/permissions - null null
2026-03-30 09:18:35.402 +07:00 [INF] CORS policy execution successful.
2026-03-30 09:18:35.403 +07:00 [INF] Executing endpoint 'ThucLuc.Api.Controllers.V1.PermissionsController.GetAll (ThucLuc.Api)'
2026-03-30 09:18:35.404 +07:00 [INF] Route matched with {action = "GetAll", controller = "Permissions"}. Executing controller action with signature System.Threading.Tasks.Task`1[Microsoft.AspNetCore.Mvc.ActionResult`1[ThucLuc.Api.Common.Models.ApiResponse`1[System.Collections.Generic.IReadOnlyCollection`1[ThucLuc.Api.Controllers.V1.PermissionItemDto]]]] GetAll(System.Threading.CancellationToken) on controller ThucLuc.Api.Controllers.V1.PermissionsController (ThucLuc.Api).
2026-03-30 09:18:35.409 +07:00 [INF] Executing OkObjectResult, writing value of type 'ThucLuc.Api.Common.Models.ApiResponse`1[[System.Collections.Generic.IReadOnlyCollection`1[[ThucLuc.Api.Controllers.V1.PermissionItemDto, ThucLuc.Api, Version=1.0.0.0, Culture=neutral, PublicKeyToken=null]], System.Private.CoreLib, Version=8.0.0.0, Culture=neutral, PublicKeyToken=7cec85d7bea7798e]]'.
2026-03-30 09:18:35.411 +07:00 [INF] Executed action ThucLuc.Api.Controllers.V1.PermissionsController.GetAll (ThucLuc.Api) in 5.466ms
2026-03-30 09:18:35.415 +07:00 [INF] Executed endpoint 'ThucLuc.Api.Controllers.V1.PermissionsController.GetAll (ThucLuc.Api)'
2026-03-30 09:18:35.416 +07:00 [INF] HTTP GET /api/v1/permissions => 200 in 13.6394 ms CorrelationId=229673c7d4ca49c6a7cb0a2c2a66a1ad UserId=5001
2026-03-30 09:18:35.417 +07:00 [INF] HTTP GET /api/v1/permissions responded 200 in 14.5669 ms
2026-03-30 09:18:35.417 +07:00 [INF] Request finished HTTP/1.1 GET http://localhost:5283/api/v1/permissions - 200 null application/json; charset=utf-8 16.6583ms
2026-03-30 09:18:35.758 +07:00 [INF] Request starting HTTP/1.1 GET http://localhost:5283/api/v1/roles - null null
2026-03-30 09:18:35.760 +07:00 [INF] CORS policy execution successful.
2026-03-30 09:18:35.760 +07:00 [INF] Executing endpoint 'ThucLuc.Api.Controllers.V1.RolesController.GetAll (ThucLuc.Api)'
2026-03-30 09:18:35.761 +07:00 [INF] Route matched with {action = "GetAll", controller = "Roles"}. Executing controller action with signature System.Threading.Tasks.Task`1[Microsoft.AspNetCore.Mvc.ActionResult`1[ThucLuc.Api.Common.Models.ApiResponse`1[System.Collections.Generic.IReadOnlyCollection`1[ThucLuc.Application.Features.Roles.RoleDto]]]] GetAll(System.Threading.CancellationToken) on controller ThucLuc.Api.Controllers.V1.RolesController (ThucLuc.Api).
2026-03-30 09:18:35.772 +07:00 [INF] Executing OkObjectResult, writing value of type 'ThucLuc.Api.Common.Models.ApiResponse`1[[System.Collections.Generic.IReadOnlyCollection`1[[ThucLuc.Application.Features.Roles.RoleDto, ThucLuc.Application, Version=1.0.0.0, Culture=neutral, PublicKeyToken=null]], System.Private.CoreLib, Version=8.0.0.0, Culture=neutral, PublicKeyToken=7cec85d7bea7798e]]'.
2026-03-30 09:18:35.790 +07:00 [INF] Executed action ThucLuc.Api.Controllers.V1.RolesController.GetAll (ThucLuc.Api) in 28.0783ms
2026-03-30 09:18:35.804 +07:00 [INF] Executed endpoint 'ThucLuc.Api.Controllers.V1.RolesController.GetAll (ThucLuc.Api)'
2026-03-30 09:18:35.837 +07:00 [INF] HTTP GET /api/v1/roles => 200 in 77.3146 ms CorrelationId=096f427a8bb84a53b3bbf55d531d5ce7 UserId=5001
2026-03-30 09:18:35.856 +07:00 [INF] HTTP GET /api/v1/roles responded 200 in 96.4507 ms
2026-03-30 09:18:35.858 +07:00 [INF] Request finished HTTP/1.1 GET http://localhost:5283/api/v1/roles - 200 null application/json; charset=utf-8 100.3189ms
2026-03-30 09:18:36.122 +07:00 [INF] Request starting HTTP/1.1 GET http://localhost:5283/api/v1/users - null null
2026-03-30 09:18:36.122 +07:00 [INF] Request starting HTTP/1.1 GET http://localhost:5283/api/v1/don-vi - null null
2026-03-30 09:18:36.125 +07:00 [INF] CORS policy execution successful.
2026-03-30 09:18:36.127 +07:00 [INF] Executing endpoint 'ThucLuc.Api.Controllers.V1.DonViController.GetList (ThucLuc.Api)'
2026-03-30 09:18:36.128 +07:00 [INF] Route matched with {action = "GetList", controller = "DonVi"}. Executing controller action with signature System.Threading.Tasks.Task`1[Microsoft.AspNetCore.Mvc.ActionResult`1[ThucLuc.Api.Common.Models.ApiResponse`1[System.Collections.Generic.IReadOnlyCollection`1[ThucLuc.Application.Features.DonVi.DonViDto]]]] GetList(System.Threading.CancellationToken) on controller ThucLuc.Api.Controllers.V1.DonViController (ThucLuc.Api).
2026-03-30 09:18:36.123 +07:00 [INF] CORS policy execution successful.
2026-03-30 09:18:36.135 +07:00 [INF] Executing endpoint 'ThucLuc.Api.Controllers.V1.UsersController.GetAll (ThucLuc.Api)'
2026-03-30 09:18:36.135 +07:00 [INF] Executing OkObjectResult, writing value of type 'ThucLuc.Api.Common.Models.ApiResponse`1[[System.Collections.Generic.IReadOnlyCollection`1[[ThucLuc.Application.Features.DonVi.DonViDto, ThucLuc.Application, Version=1.0.0.0, Culture=neutral, PublicKeyToken=null]], System.Private.CoreLib, Version=8.0.0.0, Culture=neutral, PublicKeyToken=7cec85d7bea7798e]]'.
2026-03-30 09:18:36.136 +07:00 [INF] Route matched with {action = "GetAll", controller = "Users"}. Executing controller action with signature System.Threading.Tasks.Task`1[Microsoft.AspNetCore.Mvc.ActionResult`1[ThucLuc.Api.Common.Models.ApiResponse`1[System.Collections.Generic.IReadOnlyCollection`1[ThucLuc.Application.Features.Users.UserDto]]]] GetAll(System.Threading.CancellationToken) on controller ThucLuc.Api.Controllers.V1.UsersController (ThucLuc.Api).
2026-03-30 09:18:36.141 +07:00 [INF] Executed action ThucLuc.Api.Controllers.V1.DonViController.GetList (ThucLuc.Api) in 9.352ms
2026-03-30 09:18:36.144 +07:00 [INF] Executed endpoint 'ThucLuc.Api.Controllers.V1.DonViController.GetList (ThucLuc.Api)'
2026-03-30 09:18:36.144 +07:00 [INF] HTTP GET /api/v1/don-vi => 200 in 19.4546 ms CorrelationId=e9561edfcb904585b418c1ed0b7002e7 UserId=5001
2026-03-30 09:18:36.145 +07:00 [INF] Executing OkObjectResult, writing value of type 'ThucLuc.Api.Common.Models.ApiResponse`1[[System.Collections.Generic.IReadOnlyCollection`1[[ThucLuc.Application.Features.Users.UserDto, ThucLuc.Application, Version=1.0.0.0, Culture=neutral, PublicKeyToken=null]], System.Private.CoreLib, Version=8.0.0.0, Culture=neutral, PublicKeyToken=7cec85d7bea7798e]]'.
2026-03-30 09:18:36.146 +07:00 [INF] Executed action ThucLuc.Api.Controllers.V1.UsersController.GetAll (ThucLuc.Api) in 3.5714ms
2026-03-30 09:18:36.147 +07:00 [INF] Executed endpoint 'ThucLuc.Api.Controllers.V1.UsersController.GetAll (ThucLuc.Api)'
2026-03-30 09:18:36.148 +07:00 [INF] HTTP GET /api/v1/users => 200 in 24.0686 ms CorrelationId=2ef0cdb0f95944779c71f8143e52e32c UserId=5001
2026-03-30 09:18:36.148 +07:00 [INF] HTTP GET /api/v1/users responded 200 in 24.8749 ms
2026-03-30 09:18:36.149 +07:00 [INF] Request finished HTTP/1.1 GET http://localhost:5283/api/v1/users - 200 null application/json; charset=utf-8 26.6955ms
2026-03-30 09:18:36.145 +07:00 [INF] HTTP GET /api/v1/don-vi responded 200 in 20.7269 ms
2026-03-30 09:18:36.151 +07:00 [INF] Request finished HTTP/1.1 GET http://localhost:5283/api/v1/don-vi - 200 null application/json; charset=utf-8 28.8276ms
2026-03-30 09:18:36.154 +07:00 [INF] Request starting HTTP/1.1 GET http://localhost:5283/api/v1/roles - null null
2026-03-30 09:18:36.155 +07:00 [INF] CORS policy execution successful.
2026-03-30 09:18:36.155 +07:00 [INF] Executing endpoint 'ThucLuc.Api.Controllers.V1.RolesController.GetAll (ThucLuc.Api)'
2026-03-30 09:18:36.156 +07:00 [INF] Route matched with {action = "GetAll", controller = "Roles"}. Executing controller action with signature System.Threading.Tasks.Task`1[Microsoft.AspNetCore.Mvc.ActionResult`1[ThucLuc.Api.Common.Models.ApiResponse`1[System.Collections.Generic.IReadOnlyCollection`1[ThucLuc.Application.Features.Roles.RoleDto]]]] GetAll(System.Threading.CancellationToken) on controller ThucLuc.Api.Controllers.V1.RolesController (ThucLuc.Api).
2026-03-30 09:18:36.162 +07:00 [INF] Executing OkObjectResult, writing value of type 'ThucLuc.Api.Common.Models.ApiResponse`1[[System.Collections.Generic.IReadOnlyCollection`1[[ThucLuc.Application.Features.Roles.RoleDto, ThucLuc.Application, Version=1.0.0.0, Culture=neutral, PublicKeyToken=null]], System.Private.CoreLib, Version=8.0.0.0, Culture=neutral, PublicKeyToken=7cec85d7bea7798e]]'.
2026-03-30 09:18:36.165 +07:00 [INF] Executed action ThucLuc.Api.Controllers.V1.RolesController.GetAll (ThucLuc.Api) in 8.6377ms
2026-03-30 09:18:36.168 +07:00 [INF] Executed endpoint 'ThucLuc.Api.Controllers.V1.RolesController.GetAll (ThucLuc.Api)'
2026-03-30 09:18:36.170 +07:00 [INF] HTTP GET /api/v1/roles => 200 in 15.547 ms CorrelationId=946773089e344b81b2a73baad567cbf8 UserId=5001
2026-03-30 09:18:36.172 +07:00 [INF] HTTP GET /api/v1/roles responded 200 in 17.8151 ms
2026-03-30 09:18:36.174 +07:00 [INF] Request finished HTTP/1.1 GET http://localhost:5283/api/v1/roles - 200 null application/json; charset=utf-8 20.2756ms
2026-03-30 09:18:36.177 +07:00 [INF] Request starting HTTP/1.1 GET http://localhost:5283/api/v1/phan-quyen/user-roles - null null
2026-03-30 09:18:36.178 +07:00 [INF] CORS policy execution successful.
2026-03-30 09:18:36.180 +07:00 [INF] Executing endpoint 'ThucLuc.Api.Controllers.V1.PhanQuyenController.GetUserRoleMappings (ThucLuc.Api)'
2026-03-30 09:18:36.181 +07:00 [INF] Route matched with {action = "GetUserRoleMappings", controller = "PhanQuyen"}. Executing controller action with signature System.Threading.Tasks.Task`1[Microsoft.AspNetCore.Mvc.ActionResult`1[ThucLuc.Api.Common.Models.ApiResponse`1[System.Collections.Generic.IReadOnlyCollection`1[ThucLuc.Api.Controllers.V1.UserRoleMappingDto]]]] GetUserRoleMappings(System.Nullable`1[System.Int64], System.Threading.CancellationToken) on controller ThucLuc.Api.Controllers.V1.PhanQuyenController (ThucLuc.Api).
2026-03-30 09:18:36.187 +07:00 [INF] Executing OkObjectResult, writing value of type 'ThucLuc.Api.Common.Models.ApiResponse`1[[System.Collections.Generic.IReadOnlyCollection`1[[ThucLuc.Api.Controllers.V1.UserRoleMappingDto, ThucLuc.Api, Version=1.0.0.0, Culture=neutral, PublicKeyToken=null]], System.Private.CoreLib, Version=8.0.0.0, Culture=neutral, PublicKeyToken=7cec85d7bea7798e]]'.
2026-03-30 09:18:36.189 +07:00 [INF] Executed action ThucLuc.Api.Controllers.V1.PhanQuyenController.GetUserRoleMappings (ThucLuc.Api) in 4.9776ms
2026-03-30 09:18:36.198 +07:00 [INF] Executed endpoint 'ThucLuc.Api.Controllers.V1.PhanQuyenController.GetUserRoleMappings (ThucLuc.Api)'
2026-03-30 09:18:36.201 +07:00 [INF] HTTP GET /api/v1/phan-quyen/user-roles => 200 in 22.1881 ms CorrelationId=a0b73a45febb44369c31ccc804255d18 UserId=5001
2026-03-30 09:18:36.201 +07:00 [INF] HTTP GET /api/v1/phan-quyen/user-roles responded 200 in 23.0727 ms
2026-03-30 09:18:36.202 +07:00 [INF] Request finished HTTP/1.1 GET http://localhost:5283/api/v1/phan-quyen/user-roles - 200 null application/json; charset=utf-8 25.3984ms
2026-03-30 09:18:37.645 +07:00 [INF] Request starting HTTP/1.1 GET http://localhost:5283/api/v1/permissions - null null
2026-03-30 09:18:37.648 +07:00 [INF] CORS policy execution successful.
2026-03-30 09:18:37.650 +07:00 [INF] Executing endpoint 'ThucLuc.Api.Controllers.V1.PermissionsController.GetAll (ThucLuc.Api)'
2026-03-30 09:18:37.652 +07:00 [INF] Route matched with {action = "GetAll", controller = "Permissions"}. Executing controller action with signature System.Threading.Tasks.Task`1[Microsoft.AspNetCore.Mvc.ActionResult`1[ThucLuc.Api.Common.Models.ApiResponse`1[System.Collections.Generic.IReadOnlyCollection`1[ThucLuc.Api.Controllers.V1.PermissionItemDto]]]] GetAll(System.Threading.CancellationToken) on controller ThucLuc.Api.Controllers.V1.PermissionsController (ThucLuc.Api).
2026-03-30 09:18:37.657 +07:00 [INF] Executing OkObjectResult, writing value of type 'ThucLuc.Api.Common.Models.ApiResponse`1[[System.Collections.Generic.IReadOnlyCollection`1[[ThucLuc.Api.Controllers.V1.PermissionItemDto, ThucLuc.Api, Version=1.0.0.0, Culture=neutral, PublicKeyToken=null]], System.Private.CoreLib, Version=8.0.0.0, Culture=neutral, PublicKeyToken=7cec85d7bea7798e]]'.
2026-03-30 09:18:37.659 +07:00 [INF] Executed action ThucLuc.Api.Controllers.V1.PermissionsController.GetAll (ThucLuc.Api) in 6.2508ms
2026-03-30 09:18:37.660 +07:00 [INF] Executed endpoint 'ThucLuc.Api.Controllers.V1.PermissionsController.GetAll (ThucLuc.Api)'
2026-03-30 09:18:37.661 +07:00 [INF] HTTP GET /api/v1/permissions => 200 in 12.6575 ms CorrelationId=51e1527f562f48df98b04ce15466d1e0 UserId=5001
2026-03-30 09:18:37.662 +07:00 [INF] HTTP GET /api/v1/permissions responded 200 in 14.1742 ms
2026-03-30 09:18:37.664 +07:00 [INF] Request finished HTTP/1.1 GET http://localhost:5283/api/v1/permissions - 200 null application/json; charset=utf-8 19.6551ms
2026-03-30 09:18:39.083 +07:00 [INF] Request starting HTTP/1.1 GET http://localhost:5283/api/v1/roles - null null
2026-03-30 09:18:39.087 +07:00 [INF] CORS policy execution successful.
2026-03-30 09:18:39.088 +07:00 [INF] Executing endpoint 'ThucLuc.Api.Controllers.V1.RolesController.GetAll (ThucLuc.Api)'
2026-03-30 09:18:39.089 +07:00 [INF] Route matched with {action = "GetAll", controller = "Roles"}. Executing controller action with signature System.Threading.Tasks.Task`1[Microsoft.AspNetCore.Mvc.ActionResult`1[ThucLuc.Api.Common.Models.ApiResponse`1[System.Collections.Generic.IReadOnlyCollection`1[ThucLuc.Application.Features.Roles.RoleDto]]]] GetAll(System.Threading.CancellationToken) on controller ThucLuc.Api.Controllers.V1.RolesController (ThucLuc.Api).
2026-03-30 09:18:39.096 +07:00 [INF] Executing OkObjectResult, writing value of type 'ThucLuc.Api.Common.Models.ApiResponse`1[[System.Collections.Generic.IReadOnlyCollection`1[[ThucLuc.Application.Features.Roles.RoleDto, ThucLuc.Application, Version=1.0.0.0, Culture=neutral, PublicKeyToken=null]], System.Private.CoreLib, Version=8.0.0.0, Culture=neutral, PublicKeyToken=7cec85d7bea7798e]]'.
2026-03-30 09:18:39.098 +07:00 [INF] Executed action ThucLuc.Api.Controllers.V1.RolesController.GetAll (ThucLuc.Api) in 6.9816ms
2026-03-30 09:18:39.099 +07:00 [INF] Executed endpoint 'ThucLuc.Api.Controllers.V1.RolesController.GetAll (ThucLuc.Api)'
2026-03-30 09:18:39.099 +07:00 [INF] HTTP GET /api/v1/roles => 200 in 12.8224 ms CorrelationId=40bf5e92718c4e27b78b7008fcd40386 UserId=5001
2026-03-30 09:18:39.101 +07:00 [INF] HTTP GET /api/v1/roles responded 200 in 14.0688 ms
2026-03-30 09:18:39.102 +07:00 [INF] Request finished HTTP/1.1 GET http://localhost:5283/api/v1/roles - 200 null application/json; charset=utf-8 18.7757ms
2026-03-30 09:18:40.717 +07:00 [INF] Request starting HTTP/1.1 OPTIONS http://localhost:5283/api/v1/permissions - null null
2026-03-30 09:18:40.720 +07:00 [INF] CORS policy execution successful.
2026-03-30 09:18:40.721 +07:00 [INF] HTTP OPTIONS /api/v1/permissions => 204 in 1.0409 ms CorrelationId=bd82dedceb7a4366b83fe4d890669f42 UserId=anonymous
2026-03-30 09:18:40.723 +07:00 [INF] HTTP OPTIONS /api/v1/permissions responded 204 in 2.8146 ms
2026-03-30 09:18:40.724 +07:00 [INF] Request finished HTTP/1.1 OPTIONS http://localhost:5283/api/v1/permissions - 204 null null 7.8435ms
2026-03-30 09:18:40.726 +07:00 [INF] Request starting HTTP/1.1 GET http://localhost:5283/api/v1/permissions - null null
2026-03-30 09:18:40.730 +07:00 [INF] CORS policy execution successful.
2026-03-30 09:18:40.732 +07:00 [INF] Executing endpoint 'ThucLuc.Api.Controllers.V1.PermissionsController.GetAll (ThucLuc.Api)'
2026-03-30 09:18:40.734 +07:00 [INF] Route matched with {action = "GetAll", controller = "Permissions"}. Executing controller action with signature System.Threading.Tasks.Task`1[Microsoft.AspNetCore.Mvc.ActionResult`1[ThucLuc.Api.Common.Models.ApiResponse`1[System.Collections.Generic.IReadOnlyCollection`1[ThucLuc.Api.Controllers.V1.PermissionItemDto]]]] GetAll(System.Threading.CancellationToken) on controller ThucLuc.Api.Controllers.V1.PermissionsController (ThucLuc.Api).
2026-03-30 09:18:40.739 +07:00 [INF] Executing OkObjectResult, writing value of type 'ThucLuc.Api.Common.Models.ApiResponse`1[[System.Collections.Generic.IReadOnlyCollection`1[[ThucLuc.Api.Controllers.V1.PermissionItemDto, ThucLuc.Api, Version=1.0.0.0, Culture=neutral, PublicKeyToken=null]], System.Private.CoreLib, Version=8.0.0.0, Culture=neutral, PublicKeyToken=7cec85d7bea7798e]]'.
2026-03-30 09:18:40.742 +07:00 [INF] Executed action ThucLuc.Api.Controllers.V1.PermissionsController.GetAll (ThucLuc.Api) in 6.0061ms
2026-03-30 09:18:40.745 +07:00 [INF] Executed endpoint 'ThucLuc.Api.Controllers.V1.PermissionsController.GetAll (ThucLuc.Api)'
2026-03-30 09:18:40.747 +07:00 [INF] HTTP GET /api/v1/permissions => 200 in 16.4772 ms CorrelationId=16ac1086544046398cd191622a85c17a UserId=5001
2026-03-30 09:18:40.751 +07:00 [INF] HTTP GET /api/v1/permissions responded 200 in 20.5172 ms
2026-03-30 09:18:40.753 +07:00 [INF] Request finished HTTP/1.1 GET http://localhost:5283/api/v1/permissions - 200 null application/json; charset=utf-8 27.238ms
2026-03-30 09:18:41.073 +07:00 [INF] Request starting HTTP/1.1 OPTIONS http://localhost:5283/api/v1/roles - null null
2026-03-30 09:18:41.076 +07:00 [INF] CORS policy execution successful.
2026-03-30 09:18:41.074 +07:00 [INF] Request starting HTTP/1.1 OPTIONS http://localhost:5283/api/v1/don-vi - null null
2026-03-30 09:18:41.077 +07:00 [INF] CORS policy execution successful.
2026-03-30 09:18:41.078 +07:00 [INF] HTTP OPTIONS /api/v1/don-vi => 204 in 0.469 ms CorrelationId=f9f23e1f47d6448f84e8f5f36555a7a7 UserId=anonymous
2026-03-30 09:18:41.079 +07:00 [INF] HTTP OPTIONS /api/v1/don-vi responded 204 in 1.6567 ms
2026-03-30 09:18:41.080 +07:00 [INF] Request finished HTTP/1.1 OPTIONS http://localhost:5283/api/v1/don-vi - 204 null null 5.8046ms
2026-03-30 09:18:41.077 +07:00 [INF] HTTP OPTIONS /api/v1/roles => 204 in 0.6625 ms CorrelationId=374f2261cb374112a294e111819cc23f UserId=anonymous
2026-03-30 09:18:41.084 +07:00 [INF] HTTP OPTIONS /api/v1/roles responded 204 in 7.6468 ms
2026-03-30 09:18:41.084 +07:00 [INF] Request finished HTTP/1.1 OPTIONS http://localhost:5283/api/v1/roles - 204 null null 11.1422ms
2026-03-30 09:18:41.075 +07:00 [INF] Request starting HTTP/1.1 OPTIONS http://localhost:5283/api/v1/phan-quyen/role-permissions - null null
2026-03-30 09:18:41.074 +07:00 [INF] Request starting HTTP/1.1 OPTIONS http://localhost:5283/api/v1/users - null null
2026-03-30 09:18:41.083 +07:00 [INF] Request starting HTTP/1.1 GET http://localhost:5283/api/v1/don-vi - null null
2026-03-30 09:18:41.074 +07:00 [INF] Request starting HTTP/1.1 OPTIONS http://localhost:5283/api/v1/phan-quyen/user-roles - null null
2026-03-30 09:18:41.074 +07:00 [INF] Request starting HTTP/1.1 GET http://localhost:5283/api/v1/permissions - null null
2026-03-30 09:18:41.090 +07:00 [INF] Request starting HTTP/1.1 GET http://localhost:5283/api/v1/roles - null null
2026-03-30 09:18:41.092 +07:00 [INF] CORS policy execution successful.
2026-03-30 09:18:41.094 +07:00 [INF] CORS policy execution successful.
2026-03-30 09:18:41.104 +07:00 [INF] HTTP OPTIONS /api/v1/users => 204 in 10.3925 ms CorrelationId=c43534eae978410e91c08303d3270d9c UserId=anonymous
2026-03-30 09:18:41.099 +07:00 [INF] CORS policy execution successful.
2026-03-30 09:18:41.101 +07:00 [INF] CORS policy execution successful.
2026-03-30 09:18:41.103 +07:00 [INF] CORS policy execution successful.
2026-03-30 09:18:41.103 +07:00 [INF] HTTP OPTIONS /api/v1/phan-quyen/role-permissions => 204 in 11.5143 ms CorrelationId=c4f33e015c81467a956d6d4295542587 UserId=anonymous
2026-03-30 09:18:41.095 +07:00 [INF] CORS policy execution successful.
2026-03-30 09:18:41.105 +07:00 [INF] HTTP OPTIONS /api/v1/users responded 204 in 11.7578 ms
2026-03-30 09:18:41.111 +07:00 [INF] Request finished HTTP/1.1 OPTIONS http://localhost:5283/api/v1/users - 204 null null 37.5034ms
2026-03-30 09:18:41.107 +07:00 [INF] Executing endpoint 'ThucLuc.Api.Controllers.V1.PermissionsController.GetAll (ThucLuc.Api)'
2026-03-30 09:18:41.107 +07:00 [INF] Executing endpoint 'ThucLuc.Api.Controllers.V1.RolesController.GetAll (ThucLuc.Api)'
2026-03-30 09:18:41.109 +07:00 [INF] HTTP OPTIONS /api/v1/phan-quyen/role-permissions responded 204 in 17.0252 ms
2026-03-30 09:18:41.110 +07:00 [INF] Executing endpoint 'ThucLuc.Api.Controllers.V1.DonViController.GetList (ThucLuc.Api)'
2026-03-30 09:18:41.106 +07:00 [INF] HTTP OPTIONS /api/v1/phan-quyen/user-roles => 204 in 7.0127 ms CorrelationId=4711937f3bc346faa9da56f04ee4e6e1 UserId=anonymous
2026-03-30 09:18:41.115 +07:00 [INF] Request starting HTTP/1.1 GET http://localhost:5283/api/v1/users - null null
2026-03-30 09:18:41.122 +07:00 [INF] CORS policy execution successful.
2026-03-30 09:18:41.116 +07:00 [INF] Route matched with {action = "GetAll", controller = "Roles"}. Executing controller action with signature System.Threading.Tasks.Task`1[Microsoft.AspNetCore.Mvc.ActionResult`1[ThucLuc.Api.Common.Models.ApiResponse`1[System.Collections.Generic.IReadOnlyCollection`1[ThucLuc.Application.Features.Roles.RoleDto]]]] GetAll(System.Threading.CancellationToken) on controller ThucLuc.Api.Controllers.V1.RolesController (ThucLuc.Api).
2026-03-30 09:18:41.118 +07:00 [INF] Request finished HTTP/1.1 OPTIONS http://localhost:5283/api/v1/phan-quyen/role-permissions - 204 null null 43.2774ms
2026-03-30 09:18:41.119 +07:00 [INF] Route matched with {action = "GetList", controller = "DonVi"}. Executing controller action with signature System.Threading.Tasks.Task`1[Microsoft.AspNetCore.Mvc.ActionResult`1[ThucLuc.Api.Common.Models.ApiResponse`1[System.Collections.Generic.IReadOnlyCollection`1[ThucLuc.Application.Features.DonVi.DonViDto]]]] GetList(System.Threading.CancellationToken) on controller ThucLuc.Api.Controllers.V1.DonViController (ThucLuc.Api).
2026-03-30 09:18:41.120 +07:00 [INF] HTTP OPTIONS /api/v1/phan-quyen/user-roles responded 204 in 21.4161 ms
2026-03-30 09:18:41.133 +07:00 [INF] Request finished HTTP/1.1 OPTIONS http://localhost:5283/api/v1/phan-quyen/user-roles - 204 null null 58.5325ms
2026-03-30 09:18:41.123 +07:00 [INF] Executing endpoint 'ThucLuc.Api.Controllers.V1.UsersController.GetAll (ThucLuc.Api)'
2026-03-30 09:18:41.138 +07:00 [INF] Route matched with {action = "GetAll", controller = "Users"}. Executing controller action with signature System.Threading.Tasks.Task`1[Microsoft.AspNetCore.Mvc.ActionResult`1[ThucLuc.Api.Common.Models.ApiResponse`1[System.Collections.Generic.IReadOnlyCollection`1[ThucLuc.Application.Features.Users.UserDto]]]] GetAll(System.Threading.CancellationToken) on controller ThucLuc.Api.Controllers.V1.UsersController (ThucLuc.Api).
2026-03-30 09:18:41.132 +07:00 [INF] Executing OkObjectResult, writing value of type 'ThucLuc.Api.Common.Models.ApiResponse`1[[System.Collections.Generic.IReadOnlyCollection`1[[ThucLuc.Application.Features.Roles.RoleDto, ThucLuc.Application, Version=1.0.0.0, Culture=neutral, PublicKeyToken=null]], System.Private.CoreLib, Version=8.0.0.0, Culture=neutral, PublicKeyToken=7cec85d7bea7798e]]'.
2026-03-30 09:18:41.141 +07:00 [INF] Executed action ThucLuc.Api.Controllers.V1.RolesController.GetAll (ThucLuc.Api) in 17.0537ms
2026-03-30 09:18:41.144 +07:00 [INF] Executed endpoint 'ThucLuc.Api.Controllers.V1.RolesController.GetAll (ThucLuc.Api)'
2026-03-30 09:18:41.147 +07:00 [INF] HTTP GET /api/v1/roles => 200 in 43.6686 ms CorrelationId=3870d44659a846a2b3a12aebcb22e50f UserId=5001
2026-03-30 09:18:41.127 +07:00 [INF] Request starting HTTP/1.1 GET http://localhost:5283/api/v1/phan-quyen/role-permissions - null null
2026-03-30 09:18:41.153 +07:00 [INF] CORS policy execution successful.
2026-03-30 09:18:41.154 +07:00 [INF] Executing endpoint 'ThucLuc.Api.Controllers.V1.PhanQuyenController.GetRolePermissionMappings (ThucLuc.Api)'
2026-03-30 09:18:41.145 +07:00 [INF] Executing OkObjectResult, writing value of type 'ThucLuc.Api.Common.Models.ApiResponse`1[[System.Collections.Generic.IReadOnlyCollection`1[[ThucLuc.Application.Features.Users.UserDto, ThucLuc.Application, Version=1.0.0.0, Culture=neutral, PublicKeyToken=null]], System.Private.CoreLib, Version=8.0.0.0, Culture=neutral, PublicKeyToken=7cec85d7bea7798e]]'.
2026-03-30 09:18:41.155 +07:00 [INF] Executed action ThucLuc.Api.Controllers.V1.UsersController.GetAll (ThucLuc.Api) in 15.8809ms
2026-03-30 09:18:41.156 +07:00 [INF] Executed endpoint 'ThucLuc.Api.Controllers.V1.UsersController.GetAll (ThucLuc.Api)'
2026-03-30 09:18:41.156 +07:00 [INF] HTTP GET /api/v1/users => 200 in 33.8466 ms CorrelationId=c4042460f38340d9b0af7b0510b06294 UserId=5001
2026-03-30 09:18:41.157 +07:00 [INF] HTTP GET /api/v1/users responded 200 in 34.6943 ms
2026-03-30 09:18:41.157 +07:00 [INF] Request finished HTTP/1.1 GET http://localhost:5283/api/v1/users - 200 null application/json; charset=utf-8 42.1807ms
2026-03-30 09:18:41.137 +07:00 [INF] Request starting HTTP/1.1 GET http://localhost:5283/api/v1/phan-quyen/user-roles - null null
2026-03-30 09:18:41.164 +07:00 [INF] CORS policy execution successful.
2026-03-30 09:18:41.116 +07:00 [INF] Route matched with {action = "GetAll", controller = "Permissions"}. Executing controller action with signature System.Threading.Tasks.Task`1[Microsoft.AspNetCore.Mvc.ActionResult`1[ThucLuc.Api.Common.Models.ApiResponse`1[System.Collections.Generic.IReadOnlyCollection`1[ThucLuc.Api.Controllers.V1.PermissionItemDto]]]] GetAll(System.Threading.CancellationToken) on controller ThucLuc.Api.Controllers.V1.PermissionsController (ThucLuc.Api).
2026-03-30 09:18:41.134 +07:00 [INF] Executing OkObjectResult, writing value of type 'ThucLuc.Api.Common.Models.ApiResponse`1[[System.Collections.Generic.IReadOnlyCollection`1[[ThucLuc.Application.Features.DonVi.DonViDto, ThucLuc.Application, Version=1.0.0.0, Culture=neutral, PublicKeyToken=null]], System.Private.CoreLib, Version=8.0.0.0, Culture=neutral, PublicKeyToken=7cec85d7bea7798e]]'.
2026-03-30 09:18:41.169 +07:00 [INF] Executed action ThucLuc.Api.Controllers.V1.DonViController.GetList (ThucLuc.Api) in 37.2276ms
2026-03-30 09:18:41.170 +07:00 [INF] Executed endpoint 'ThucLuc.Api.Controllers.V1.DonViController.GetList (ThucLuc.Api)'
2026-03-30 09:18:41.170 +07:00 [INF] HTTP GET /api/v1/don-vi => 200 in 75.2518 ms CorrelationId=078c8155a02e429182336e637e30c237 UserId=5001
2026-03-30 09:18:41.171 +07:00 [INF] HTTP GET /api/v1/don-vi responded 200 in 76.1987 ms
2026-03-30 09:18:41.173 +07:00 [INF] Request finished HTTP/1.1 GET http://localhost:5283/api/v1/don-vi - 200 null application/json; charset=utf-8 90.0113ms
2026-03-30 09:18:41.168 +07:00 [INF] Executing endpoint 'ThucLuc.Api.Controllers.V1.PhanQuyenController.GetUserRoleMappings (ThucLuc.Api)'
2026-03-30 09:18:41.175 +07:00 [INF] Route matched with {action = "GetUserRoleMappings", controller = "PhanQuyen"}. Executing controller action with signature System.Threading.Tasks.Task`1[Microsoft.AspNetCore.Mvc.ActionResult`1[ThucLuc.Api.Common.Models.ApiResponse`1[System.Collections.Generic.IReadOnlyCollection`1[ThucLuc.Api.Controllers.V1.UserRoleMappingDto]]]] GetUserRoleMappings(System.Nullable`1[System.Int64], System.Threading.CancellationToken) on controller ThucLuc.Api.Controllers.V1.PhanQuyenController (ThucLuc.Api).
2026-03-30 09:18:41.152 +07:00 [INF] HTTP GET /api/v1/roles responded 200 in 49.1391 ms
2026-03-30 09:18:41.178 +07:00 [INF] Request finished HTTP/1.1 GET http://localhost:5283/api/v1/roles - 200 null application/json; charset=utf-8 88.3414ms
2026-03-30 09:18:41.178 +07:00 [INF] Executing OkObjectResult, writing value of type 'ThucLuc.Api.Common.Models.ApiResponse`1[[System.Collections.Generic.IReadOnlyCollection`1[[ThucLuc.Api.Controllers.V1.PermissionItemDto, ThucLuc.Api, Version=1.0.0.0, Culture=neutral, PublicKeyToken=null]], System.Private.CoreLib, Version=8.0.0.0, Culture=neutral, PublicKeyToken=7cec85d7bea7798e]]'.
2026-03-30 09:18:41.187 +07:00 [INF] Executed action ThucLuc.Api.Controllers.V1.PermissionsController.GetAll (ThucLuc.Api) in 19.2076ms
2026-03-30 09:18:41.188 +07:00 [INF] Executed endpoint 'ThucLuc.Api.Controllers.V1.PermissionsController.GetAll (ThucLuc.Api)'
2026-03-30 09:18:41.154 +07:00 [INF] Route matched with {action = "GetRolePermissionMappings", controller = "PhanQuyen"}. Executing controller action with signature System.Threading.Tasks.Task`1[Microsoft.AspNetCore.Mvc.ActionResult`1[ThucLuc.Api.Common.Models.ApiResponse`1[System.Collections.Generic.IReadOnlyCollection`1[ThucLuc.Api.Controllers.V1.RolePermissionMappingDto]]]] GetRolePermissionMappings(System.Threading.CancellationToken) on controller ThucLuc.Api.Controllers.V1.PhanQuyenController (ThucLuc.Api).
2026-03-30 09:18:41.180 +07:00 [INF] Executing OkObjectResult, writing value of type 'ThucLuc.Api.Common.Models.ApiResponse`1[[System.Collections.Generic.IReadOnlyCollection`1[[ThucLuc.Api.Controllers.V1.UserRoleMappingDto, ThucLuc.Api, Version=1.0.0.0, Culture=neutral, PublicKeyToken=null]], System.Private.CoreLib, Version=8.0.0.0, Culture=neutral, PublicKeyToken=7cec85d7bea7798e]]'.
2026-03-30 09:18:41.190 +07:00 [INF] HTTP GET /api/v1/permissions => 200 in 88.3498 ms CorrelationId=efb9939105f7463cb67ab944e9dbf6ab UserId=5001
2026-03-30 09:18:41.194 +07:00 [INF] Executed action ThucLuc.Api.Controllers.V1.PhanQuyenController.GetUserRoleMappings (ThucLuc.Api) in 16.9074ms
2026-03-30 09:18:41.194 +07:00 [INF] HTTP GET /api/v1/permissions responded 200 in 92.9404 ms
2026-03-30 09:18:41.195 +07:00 [INF] Executed endpoint 'ThucLuc.Api.Controllers.V1.PhanQuyenController.GetUserRoleMappings (ThucLuc.Api)'
2026-03-30 09:18:41.196 +07:00 [INF] Executing OkObjectResult, writing value of type 'ThucLuc.Api.Common.Models.ApiResponse`1[[System.Collections.Generic.IReadOnlyCollection`1[[ThucLuc.Api.Controllers.V1.RolePermissionMappingDto, ThucLuc.Api, Version=1.0.0.0, Culture=neutral, PublicKeyToken=null]], System.Private.CoreLib, Version=8.0.0.0, Culture=neutral, PublicKeyToken=7cec85d7bea7798e]]'.
2026-03-30 09:18:41.196 +07:00 [INF] Request finished HTTP/1.1 GET http://localhost:5283/api/v1/permissions - 200 null application/json; charset=utf-8 121.9618ms
2026-03-30 09:18:41.197 +07:00 [INF] HTTP GET /api/v1/phan-quyen/user-roles => 200 in 33.1225 ms CorrelationId=5a6babf9c5e6415687adc1b675a6d513 UserId=5001
2026-03-30 09:18:41.200 +07:00 [INF] Executed action ThucLuc.Api.Controllers.V1.PhanQuyenController.GetRolePermissionMappings (ThucLuc.Api) in 7.9466ms
2026-03-30 09:18:41.202 +07:00 [INF] Executed endpoint 'ThucLuc.Api.Controllers.V1.PhanQuyenController.GetRolePermissionMappings (ThucLuc.Api)'
2026-03-30 09:18:41.201 +07:00 [INF] HTTP GET /api/v1/phan-quyen/user-roles responded 200 in 37.1294 ms
2026-03-30 09:18:41.203 +07:00 [INF] Request finished HTTP/1.1 GET http://localhost:5283/api/v1/phan-quyen/user-roles - 200 null application/json; charset=utf-8 66.0808ms
2026-03-30 09:18:41.202 +07:00 [INF] HTTP GET /api/v1/phan-quyen/role-permissions => 200 in 49.0524 ms CorrelationId=0cf0af3175c3482387f700ae2db55dd2 UserId=5001
2026-03-30 09:18:41.207 +07:00 [INF] HTTP GET /api/v1/phan-quyen/role-permissions responded 200 in 53.4635 ms
2026-03-30 09:18:41.208 +07:00 [INF] Request finished HTTP/1.1 GET http://localhost:5283/api/v1/phan-quyen/role-permissions - 200 null application/json; charset=utf-8 81.0419ms
2026-03-30 09:18:42.018 +07:00 [INF] Request starting HTTP/1.1 OPTIONS http://localhost:5283/api/v1/don-vi/tree - null null
2026-03-30 09:18:42.018 +07:00 [INF] Request starting HTTP/1.1 OPTIONS http://localhost:5283/api/v1/don-vi/loai-don-vi-options - null null
2026-03-30 09:18:42.024 +07:00 [INF] CORS policy execution successful.
2026-03-30 09:18:42.026 +07:00 [INF] HTTP OPTIONS /api/v1/don-vi/loai-don-vi-options => 204 in 1.1418 ms CorrelationId=5d5f183867bb481d94d38c49acc95af7 UserId=anonymous
2026-03-30 09:18:42.022 +07:00 [INF] CORS policy execution successful.
2026-03-30 09:18:42.029 +07:00 [INF] HTTP OPTIONS /api/v1/don-vi/tree => 204 in 7.0732 ms CorrelationId=37337b12f38e4754924678b6c701a488 UserId=anonymous
2026-03-30 09:18:42.028 +07:00 [INF] HTTP OPTIONS /api/v1/don-vi/loai-don-vi-options responded 204 in 3.1503 ms
2026-03-30 09:18:42.032 +07:00 [INF] HTTP OPTIONS /api/v1/don-vi/tree responded 204 in 10.3281 ms
2026-03-30 09:18:42.036 +07:00 [INF] Request finished HTTP/1.1 OPTIONS http://localhost:5283/api/v1/don-vi/tree - 204 null null 17.5723ms
2026-03-30 09:18:42.038 +07:00 [INF] Request starting HTTP/1.1 GET http://localhost:5283/api/v1/don-vi/tree - null null
2026-03-30 09:18:42.033 +07:00 [INF] Request finished HTTP/1.1 OPTIONS http://localhost:5283/api/v1/don-vi/loai-don-vi-options - 204 null null 14.3781ms
2026-03-30 09:18:42.044 +07:00 [INF] CORS policy execution successful.
2026-03-30 09:18:42.048 +07:00 [INF] Request starting HTTP/1.1 GET http://localhost:5283/api/v1/don-vi/loai-don-vi-options - null null
2026-03-30 09:18:42.049 +07:00 [INF] Executing endpoint 'ThucLuc.Api.Controllers.V1.DonViController.GetTree (ThucLuc.Api)'
2026-03-30 09:18:42.050 +07:00 [INF] CORS policy execution successful.
2026-03-30 09:18:42.051 +07:00 [INF] Route matched with {action = "GetTree", controller = "DonVi"}. Executing controller action with signature System.Threading.Tasks.Task`1[Microsoft.AspNetCore.Mvc.ActionResult`1[ThucLuc.Api.Common.Models.ApiResponse`1[System.Collections.Generic.IReadOnlyCollection`1[ThucLuc.Application.Features.DonVi.DonViDto]]]] GetTree(System.Threading.CancellationToken) on controller ThucLuc.Api.Controllers.V1.DonViController (ThucLuc.Api).
2026-03-30 09:18:42.052 +07:00 [INF] Executing endpoint 'ThucLuc.Api.Controllers.V1.DonViController.GetLoaiDonViOptions (ThucLuc.Api)'
2026-03-30 09:18:42.054 +07:00 [INF] Route matched with {action = "GetLoaiDonViOptions", controller = "DonVi"}. Executing controller action with signature System.Threading.Tasks.Task`1[Microsoft.AspNetCore.Mvc.ActionResult`1[ThucLuc.Api.Common.Models.ApiResponse`1[System.Collections.Generic.IReadOnlyCollection`1[ThucLuc.Application.Features.DonVi.DonViLoaiOptionDto]]]] GetLoaiDonViOptions(System.Threading.CancellationToken) on controller ThucLuc.Api.Controllers.V1.DonViController (ThucLuc.Api).
2026-03-30 09:18:42.055 +07:00 [INF] Executing OkObjectResult, writing value of type 'ThucLuc.Api.Common.Models.ApiResponse`1[[System.Collections.Generic.IReadOnlyCollection`1[[ThucLuc.Application.Features.DonVi.DonViDto, ThucLuc.Application, Version=1.0.0.0, Culture=neutral, PublicKeyToken=null]], System.Private.CoreLib, Version=8.0.0.0, Culture=neutral, PublicKeyToken=7cec85d7bea7798e]]'.
2026-03-30 09:18:42.057 +07:00 [INF] Executed action ThucLuc.Api.Controllers.V1.DonViController.GetTree (ThucLuc.Api) in 3.7945ms
2026-03-30 09:18:42.058 +07:00 [INF] Executed endpoint 'ThucLuc.Api.Controllers.V1.DonViController.GetTree (ThucLuc.Api)'
2026-03-30 09:18:42.058 +07:00 [INF] Executing OkObjectResult, writing value of type 'ThucLuc.Api.Common.Models.ApiResponse`1[[System.Collections.Generic.IReadOnlyCollection`1[[ThucLuc.Application.Features.DonVi.DonViLoaiOptionDto, ThucLuc.Application, Version=1.0.0.0, Culture=neutral, PublicKeyToken=null]], System.Private.CoreLib, Version=8.0.0.0, Culture=neutral, PublicKeyToken=7cec85d7bea7798e]]'.
2026-03-30 09:18:42.058 +07:00 [INF] HTTP GET /api/v1/don-vi/tree => 200 in 14.3577 ms CorrelationId=8866f50b466f420fab601c9c5cec1e1c UserId=5001
2026-03-30 09:18:42.059 +07:00 [INF] HTTP GET /api/v1/don-vi/tree responded 200 in 15.7806 ms
2026-03-30 09:18:42.060 +07:00 [INF] Request finished HTTP/1.1 GET http://localhost:5283/api/v1/don-vi/tree - 200 null application/json; charset=utf-8 21.8731ms
2026-03-30 09:18:42.059 +07:00 [INF] Executed action ThucLuc.Api.Controllers.V1.DonViController.GetLoaiDonViOptions (ThucLuc.Api) in 2.5898ms
2026-03-30 09:18:42.062 +07:00 [INF] Executed endpoint 'ThucLuc.Api.Controllers.V1.DonViController.GetLoaiDonViOptions (ThucLuc.Api)'
2026-03-30 09:18:42.062 +07:00 [INF] HTTP GET /api/v1/don-vi/loai-don-vi-options => 200 in 12.1108 ms CorrelationId=af3cdf88002948728b87dc499e3a6228 UserId=5001
2026-03-30 09:18:42.066 +07:00 [INF] HTTP GET /api/v1/don-vi/loai-don-vi-options responded 200 in 15.5735 ms
2026-03-30 09:18:42.068 +07:00 [INF] Request finished HTTP/1.1 GET http://localhost:5283/api/v1/don-vi/loai-don-vi-options - 200 null application/json; charset=utf-8 19.6361ms
2026-03-30 09:18:44.099 +07:00 [INF] Request starting HTTP/1.1 OPTIONS http://localhost:5283/api/v1/don-vi/2003 - null null
2026-03-30 09:18:44.104 +07:00 [INF] CORS policy execution successful.
2026-03-30 09:18:44.106 +07:00 [INF] HTTP OPTIONS /api/v1/don-vi/2003 => 204 in 2.3295 ms CorrelationId=f648616e2d49432092975ed08d8b14b5 UserId=anonymous
2026-03-30 09:18:44.109 +07:00 [INF] HTTP OPTIONS /api/v1/don-vi/2003 responded 204 in 5.3343 ms
2026-03-30 09:18:44.112 +07:00 [INF] Request finished HTTP/1.1 OPTIONS http://localhost:5283/api/v1/don-vi/2003 - 204 null null 13.0164ms
2026-03-30 09:18:44.117 +07:00 [INF] Request starting HTTP/1.1 GET http://localhost:5283/api/v1/don-vi/2003 - null null
2026-03-30 09:18:44.119 +07:00 [INF] CORS policy execution successful.
2026-03-30 09:18:44.120 +07:00 [INF] Executing endpoint 'ThucLuc.Api.Controllers.V1.DonViController.GetById (ThucLuc.Api)'
2026-03-30 09:18:44.122 +07:00 [INF] Route matched with {action = "GetById", controller = "DonVi"}. Executing controller action with signature System.Threading.Tasks.Task`1[Microsoft.AspNetCore.Mvc.ActionResult`1[ThucLuc.Api.Common.Models.ApiResponse`1[ThucLuc.Application.Features.DonVi.DonViDto]]] GetById(Int64, System.Threading.CancellationToken) on controller ThucLuc.Api.Controllers.V1.DonViController (ThucLuc.Api).
2026-03-30 09:18:44.126 +07:00 [INF] Executing OkObjectResult, writing value of type 'ThucLuc.Api.Common.Models.ApiResponse`1[[ThucLuc.Application.Features.DonVi.DonViDto, ThucLuc.Application, Version=1.0.0.0, Culture=neutral, PublicKeyToken=null]]'.
2026-03-30 09:18:44.129 +07:00 [INF] Executed action ThucLuc.Api.Controllers.V1.DonViController.GetById (ThucLuc.Api) in 5.8452ms
2026-03-30 09:18:44.131 +07:00 [INF] Executed endpoint 'ThucLuc.Api.Controllers.V1.DonViController.GetById (ThucLuc.Api)'
2026-03-30 09:18:44.133 +07:00 [INF] HTTP GET /api/v1/don-vi/2003 => 200 in 13.9247 ms CorrelationId=9820771ed7634b4e9b2b8fb87b306735 UserId=5001
2026-03-30 09:18:44.135 +07:00 [INF] HTTP GET /api/v1/don-vi/2003 responded 200 in 16.4986 ms
2026-03-30 09:18:44.139 +07:00 [INF] Request finished HTTP/1.1 GET http://localhost:5283/api/v1/don-vi/2003 - 200 null application/json; charset=utf-8 22.0098ms
2026-03-30 09:18:45.689 +07:00 [INF] Request starting HTTP/1.1 OPTIONS http://localhost:5283/api/v1/don-vi/2002 - null null
2026-03-30 09:18:45.692 +07:00 [INF] CORS policy execution successful.
2026-03-30 09:18:45.694 +07:00 [INF] HTTP OPTIONS /api/v1/don-vi/2002 => 204 in 1.2514 ms CorrelationId=d830e0e309f947c4815793fcb5ad05ab UserId=anonymous
2026-03-30 09:18:45.697 +07:00 [INF] HTTP OPTIONS /api/v1/don-vi/2002 responded 204 in 4.5150 ms
2026-03-30 09:18:45.699 +07:00 [INF] Request finished HTTP/1.1 OPTIONS http://localhost:5283/api/v1/don-vi/2002 - 204 null null 9.9217ms
2026-03-30 09:18:45.701 +07:00 [INF] Request starting HTTP/1.1 GET http://localhost:5283/api/v1/don-vi/2002 - null null
2026-03-30 09:18:45.705 +07:00 [INF] CORS policy execution successful.
2026-03-30 09:18:45.707 +07:00 [INF] Executing endpoint 'ThucLuc.Api.Controllers.V1.DonViController.GetById (ThucLuc.Api)'
2026-03-30 09:18:45.708 +07:00 [INF] Route matched with {action = "GetById", controller = "DonVi"}. Executing controller action with signature System.Threading.Tasks.Task`1[Microsoft.AspNetCore.Mvc.ActionResult`1[ThucLuc.Api.Common.Models.ApiResponse`1[ThucLuc.Application.Features.DonVi.DonViDto]]] GetById(Int64, System.Threading.CancellationToken) on controller ThucLuc.Api.Controllers.V1.DonViController (ThucLuc.Api).
2026-03-30 09:18:45.714 +07:00 [INF] Executing OkObjectResult, writing value of type 'ThucLuc.Api.Common.Models.ApiResponse`1[[ThucLuc.Application.Features.DonVi.DonViDto, ThucLuc.Application, Version=1.0.0.0, Culture=neutral, PublicKeyToken=null]]'.
2026-03-30 09:18:45.716 +07:00 [INF] Executed action ThucLuc.Api.Controllers.V1.DonViController.GetById (ThucLuc.Api) in 5.5703ms
2026-03-30 09:18:45.718 +07:00 [INF] Executed endpoint 'ThucLuc.Api.Controllers.V1.DonViController.GetById (ThucLuc.Api)'
2026-03-30 09:18:45.719 +07:00 [INF] HTTP GET /api/v1/don-vi/2002 => 200 in 14.2276 ms CorrelationId=9403910f2bd848228b2abfe0a342b07b UserId=5001
2026-03-30 09:18:45.721 +07:00 [INF] HTTP GET /api/v1/don-vi/2002 responded 200 in 16.6749 ms
2026-03-30 09:18:45.723 +07:00 [INF] Request finished HTTP/1.1 GET http://localhost:5283/api/v1/don-vi/2002 - 200 null application/json; charset=utf-8 21.1158ms
2026-03-30 09:18:46.341 +07:00 [INF] Request starting HTTP/1.1 GET http://localhost:5283/api/v1/don-vi/2003 - null null
2026-03-30 09:18:46.346 +07:00 [INF] CORS policy execution successful.
2026-03-30 09:18:46.348 +07:00 [INF] Executing endpoint 'ThucLuc.Api.Controllers.V1.DonViController.GetById (ThucLuc.Api)'
2026-03-30 09:18:46.350 +07:00 [INF] Route matched with {action = "GetById", controller = "DonVi"}. Executing controller action with signature System.Threading.Tasks.Task`1[Microsoft.AspNetCore.Mvc.ActionResult`1[ThucLuc.Api.Common.Models.ApiResponse`1[ThucLuc.Application.Features.DonVi.DonViDto]]] GetById(Int64, System.Threading.CancellationToken) on controller ThucLuc.Api.Controllers.V1.DonViController (ThucLuc.Api).
2026-03-30 09:18:46.354 +07:00 [INF] Executing OkObjectResult, writing value of type 'ThucLuc.Api.Common.Models.ApiResponse`1[[ThucLuc.Application.Features.DonVi.DonViDto, ThucLuc.Application, Version=1.0.0.0, Culture=neutral, PublicKeyToken=null]]'.
2026-03-30 09:18:46.354 +07:00 [INF] Executed action ThucLuc.Api.Controllers.V1.DonViController.GetById (ThucLuc.Api) in 2.7761ms
2026-03-30 09:18:46.355 +07:00 [INF] Executed endpoint 'ThucLuc.Api.Controllers.V1.DonViController.GetById (ThucLuc.Api)'
2026-03-30 09:18:46.356 +07:00 [INF] HTTP GET /api/v1/don-vi/2003 => 200 in 9.8664 ms CorrelationId=6c7437fb866d499ba25854e9fda2abb5 UserId=5001
2026-03-30 09:18:46.358 +07:00 [INF] HTTP GET /api/v1/don-vi/2003 responded 200 in 11.1367 ms
2026-03-30 09:18:46.359 +07:00 [INF] Request finished HTTP/1.1 GET http://localhost:5283/api/v1/don-vi/2003 - 200 null application/json; charset=utf-8 18.1136ms
2026-03-30 09:34:04.798 +07:00 [INF] Request starting HTTP/1.1 OPTIONS http://localhost:5283/api/v1/don-vi/2002 - null null
2026-03-30 09:34:04.801 +07:00 [INF] CORS policy execution successful.
2026-03-30 09:34:04.801 +07:00 [INF] HTTP OPTIONS /api/v1/don-vi/2002 => 204 in 0.394 ms CorrelationId=cd963fc9c5784e5eb8c92529b9bdf0d9 UserId=anonymous
2026-03-30 09:34:04.802 +07:00 [INF] HTTP OPTIONS /api/v1/don-vi/2002 responded 204 in 1.1475 ms
2026-03-30 09:34:04.803 +07:00 [INF] Request finished HTTP/1.1 OPTIONS http://localhost:5283/api/v1/don-vi/2002 - 204 null null 4.7379ms
2026-03-30 09:34:04.805 +07:00 [INF] Request starting HTTP/1.1 GET http://localhost:5283/api/v1/don-vi/2002 - null null
2026-03-30 09:34:04.808 +07:00 [INF] CORS policy execution successful.
2026-03-30 09:34:04.809 +07:00 [INF] Executing endpoint 'ThucLuc.Api.Controllers.V1.DonViController.GetById (ThucLuc.Api)'
2026-03-30 09:34:04.809 +07:00 [INF] Route matched with {action = "GetById", controller = "DonVi"}. Executing controller action with signature System.Threading.Tasks.Task`1[Microsoft.AspNetCore.Mvc.ActionResult`1[ThucLuc.Api.Common.Models.ApiResponse`1[ThucLuc.Application.Features.DonVi.DonViDto]]] GetById(Int64, System.Threading.CancellationToken) on controller ThucLuc.Api.Controllers.V1.DonViController (ThucLuc.Api).
2026-03-30 09:34:04.859 +07:00 [INF] Executing OkObjectResult, writing value of type 'ThucLuc.Api.Common.Models.ApiResponse`1[[ThucLuc.Application.Features.DonVi.DonViDto, ThucLuc.Application, Version=1.0.0.0, Culture=neutral, PublicKeyToken=null]]'.
2026-03-30 09:34:04.861 +07:00 [INF] Executed action ThucLuc.Api.Controllers.V1.DonViController.GetById (ThucLuc.Api) in 48.5826ms
2026-03-30 09:34:04.862 +07:00 [INF] Executed endpoint 'ThucLuc.Api.Controllers.V1.DonViController.GetById (ThucLuc.Api)'
2026-03-30 09:34:04.862 +07:00 [INF] HTTP GET /api/v1/don-vi/2002 => 200 in 54.5536 ms CorrelationId=2d6b727ce7eb4abb8dadcd98305d0f35 UserId=5001
2026-03-30 09:34:04.863 +07:00 [INF] HTTP GET /api/v1/don-vi/2002 responded 200 in 55.3546 ms
2026-03-30 09:34:04.864 +07:00 [INF] Request finished HTTP/1.1 GET http://localhost:5283/api/v1/don-vi/2002 - 200 null application/json; charset=utf-8 58.5637ms
2026-03-30 09:34:05.278 +07:00 [INF] Request starting HTTP/1.1 OPTIONS http://localhost:5283/api/v1/don-vi/2003 - null null
2026-03-30 09:34:05.285 +07:00 [INF] CORS policy execution successful.
2026-03-30 09:34:05.286 +07:00 [INF] HTTP OPTIONS /api/v1/don-vi/2003 => 204 in 1.0361 ms CorrelationId=8896ab3a26fe42688da743e45b3be754 UserId=anonymous
2026-03-30 09:34:05.290 +07:00 [INF] HTTP OPTIONS /api/v1/don-vi/2003 responded 204 in 5.2085 ms
2026-03-30 09:34:05.295 +07:00 [INF] Request finished HTTP/1.1 OPTIONS http://localhost:5283/api/v1/don-vi/2003 - 204 null null 16.3146ms
2026-03-30 09:34:05.304 +07:00 [INF] Request starting HTTP/1.1 GET http://localhost:5283/api/v1/don-vi/2003 - null null
2026-03-30 09:34:05.309 +07:00 [INF] CORS policy execution successful.
2026-03-30 09:34:05.310 +07:00 [INF] Executing endpoint 'ThucLuc.Api.Controllers.V1.DonViController.GetById (ThucLuc.Api)'
2026-03-30 09:34:05.311 +07:00 [INF] Route matched with {action = "GetById", controller = "DonVi"}. Executing controller action with signature System.Threading.Tasks.Task`1[Microsoft.AspNetCore.Mvc.ActionResult`1[ThucLuc.Api.Common.Models.ApiResponse`1[ThucLuc.Application.Features.DonVi.DonViDto]]] GetById(Int64, System.Threading.CancellationToken) on controller ThucLuc.Api.Controllers.V1.DonViController (ThucLuc.Api).
2026-03-30 09:34:05.359 +07:00 [INF] Executing OkObjectResult, writing value of type 'ThucLuc.Api.Common.Models.ApiResponse`1[[ThucLuc.Application.Features.DonVi.DonViDto, ThucLuc.Application, Version=1.0.0.0, Culture=neutral, PublicKeyToken=null]]'.
2026-03-30 09:34:05.360 +07:00 [INF] Executed action ThucLuc.Api.Controllers.V1.DonViController.GetById (ThucLuc.Api) in 47.389ms
2026-03-30 09:34:05.361 +07:00 [INF] Executed endpoint 'ThucLuc.Api.Controllers.V1.DonViController.GetById (ThucLuc.Api)'
2026-03-30 09:34:05.362 +07:00 [INF] HTTP GET /api/v1/don-vi/2003 => 200 in 52.8179 ms CorrelationId=07474f4ba45249658863d1f4c85a0f92 UserId=5001
2026-03-30 09:34:05.364 +07:00 [INF] HTTP GET /api/v1/don-vi/2003 responded 200 in 55.1177 ms
2026-03-30 09:34:05.366 +07:00 [INF] Request finished HTTP/1.1 GET http://localhost:5283/api/v1/don-vi/2003 - 200 null application/json; charset=utf-8 61.7516ms
2026-03-30 09:34:05.698 +07:00 [INF] Request starting HTTP/1.1 OPTIONS http://localhost:5283/api/v1/don-vi/2001 - null null
2026-03-30 09:34:05.708 +07:00 [INF] CORS policy execution successful.
2026-03-30 09:34:05.713 +07:00 [INF] HTTP OPTIONS /api/v1/don-vi/2001 => 204 in 5.2115 ms CorrelationId=0a3d574b21b047c7b736aae19ac0ae31 UserId=anonymous
2026-03-30 09:34:05.716 +07:00 [INF] HTTP OPTIONS /api/v1/don-vi/2001 responded 204 in 7.6199 ms
2026-03-30 09:34:05.720 +07:00 [INF] Request finished HTTP/1.1 OPTIONS http://localhost:5283/api/v1/don-vi/2001 - 204 null null 22.5401ms
2026-03-30 09:34:05.723 +07:00 [INF] Request starting HTTP/1.1 GET http://localhost:5283/api/v1/don-vi/2001 - null null
2026-03-30 09:34:05.725 +07:00 [INF] CORS policy execution successful.
2026-03-30 09:34:05.726 +07:00 [INF] Executing endpoint 'ThucLuc.Api.Controllers.V1.DonViController.GetById (ThucLuc.Api)'
2026-03-30 09:34:05.727 +07:00 [INF] Route matched with {action = "GetById", controller = "DonVi"}. Executing controller action with signature System.Threading.Tasks.Task`1[Microsoft.AspNetCore.Mvc.ActionResult`1[ThucLuc.Api.Common.Models.ApiResponse`1[ThucLuc.Application.Features.DonVi.DonViDto]]] GetById(Int64, System.Threading.CancellationToken) on controller ThucLuc.Api.Controllers.V1.DonViController (ThucLuc.Api).
2026-03-30 09:34:05.775 +07:00 [INF] Executing OkObjectResult, writing value of type 'ThucLuc.Api.Common.Models.ApiResponse`1[[ThucLuc.Application.Features.DonVi.DonViDto, ThucLuc.Application, Version=1.0.0.0, Culture=neutral, PublicKeyToken=null]]'.
2026-03-30 09:34:05.779 +07:00 [INF] Executed action ThucLuc.Api.Controllers.V1.DonViController.GetById (ThucLuc.Api) in 48.0688ms
2026-03-30 09:34:05.781 +07:00 [INF] Executed endpoint 'ThucLuc.Api.Controllers.V1.DonViController.GetById (ThucLuc.Api)'
2026-03-30 09:34:05.783 +07:00 [INF] HTTP GET /api/v1/don-vi/2001 => 200 in 57.8993 ms CorrelationId=705028083c3c4f229e339b28479e0da2 UserId=5001
2026-03-30 09:34:05.784 +07:00 [INF] HTTP GET /api/v1/don-vi/2001 responded 200 in 59.5954 ms
2026-03-30 09:34:05.785 +07:00 [INF] Request finished HTTP/1.1 GET http://localhost:5283/api/v1/don-vi/2001 - 200 null application/json; charset=utf-8 62.1249ms
2026-03-30 09:34:06.781 +07:00 [INF] Request starting HTTP/1.1 GET http://localhost:5283/api/v1/don-vi/2003 - null null
2026-03-30 09:34:06.785 +07:00 [INF] CORS policy execution successful.
2026-03-30 09:34:06.786 +07:00 [INF] Executing endpoint 'ThucLuc.Api.Controllers.V1.DonViController.GetById (ThucLuc.Api)'
2026-03-30 09:34:06.789 +07:00 [INF] Route matched with {action = "GetById", controller = "DonVi"}. Executing controller action with signature System.Threading.Tasks.Task`1[Microsoft.AspNetCore.Mvc.ActionResult`1[ThucLuc.Api.Common.Models.ApiResponse`1[ThucLuc.Application.Features.DonVi.DonViDto]]] GetById(Int64, System.Threading.CancellationToken) on controller ThucLuc.Api.Controllers.V1.DonViController (ThucLuc.Api).
2026-03-30 09:34:06.793 +07:00 [INF] Executing OkObjectResult, writing value of type 'ThucLuc.Api.Common.Models.ApiResponse`1[[ThucLuc.Application.Features.DonVi.DonViDto, ThucLuc.Application, Version=1.0.0.0, Culture=neutral, PublicKeyToken=null]]'.
2026-03-30 09:34:06.794 +07:00 [INF] Executed action ThucLuc.Api.Controllers.V1.DonViController.GetById (ThucLuc.Api) in 3.2233ms
2026-03-30 09:34:06.795 +07:00 [INF] Executed endpoint 'ThucLuc.Api.Controllers.V1.DonViController.GetById (ThucLuc.Api)'
2026-03-30 09:34:06.795 +07:00 [INF] HTTP GET /api/v1/don-vi/2003 => 200 in 10.1974 ms CorrelationId=de5fbc13d0754acc9036c54b38b973d5 UserId=5001
2026-03-30 09:34:06.796 +07:00 [INF] HTTP GET /api/v1/don-vi/2003 responded 200 in 11.5164 ms
2026-03-30 09:34:06.798 +07:00 [INF] Request finished HTTP/1.1 GET http://localhost:5283/api/v1/don-vi/2003 - 200 null application/json; charset=utf-8 16.3441ms
2026-03-30 09:34:07.123 +07:00 [INF] Request starting HTTP/1.1 GET http://localhost:5283/api/v1/don-vi/2002 - null null
2026-03-30 09:34:07.127 +07:00 [INF] CORS policy execution successful.
2026-03-30 09:34:07.128 +07:00 [INF] Executing endpoint 'ThucLuc.Api.Controllers.V1.DonViController.GetById (ThucLuc.Api)'
2026-03-30 09:34:07.129 +07:00 [INF] Route matched with {action = "GetById", controller = "DonVi"}. Executing controller action with signature System.Threading.Tasks.Task`1[Microsoft.AspNetCore.Mvc.ActionResult`1[ThucLuc.Api.Common.Models.ApiResponse`1[ThucLuc.Application.Features.DonVi.DonViDto]]] GetById(Int64, System.Threading.CancellationToken) on controller ThucLuc.Api.Controllers.V1.DonViController (ThucLuc.Api).
2026-03-30 09:34:07.132 +07:00 [INF] Executing OkObjectResult, writing value of type 'ThucLuc.Api.Common.Models.ApiResponse`1[[ThucLuc.Application.Features.DonVi.DonViDto, ThucLuc.Application, Version=1.0.0.0, Culture=neutral, PublicKeyToken=null]]'.
2026-03-30 09:34:07.133 +07:00 [INF] Executed action ThucLuc.Api.Controllers.V1.DonViController.GetById (ThucLuc.Api) in 2.6381ms
2026-03-30 09:34:07.133 +07:00 [INF] Executed endpoint 'ThucLuc.Api.Controllers.V1.DonViController.GetById (ThucLuc.Api)'
2026-03-30 09:34:07.134 +07:00 [INF] HTTP GET /api/v1/don-vi/2002 => 200 in 7.4051 ms CorrelationId=4ba7de9f8784474e9bfbfb50449854e3 UserId=5001
2026-03-30 09:34:07.135 +07:00 [INF] HTTP GET /api/v1/don-vi/2002 responded 200 in 8.5915 ms
2026-03-30 09:34:07.136 +07:00 [INF] Request finished HTTP/1.1 GET http://localhost:5283/api/v1/don-vi/2002 - 200 null application/json; charset=utf-8 12.7816ms
2026-03-30 09:48:30.876 +07:00 [INF] Application is shutting down...
