2026-04-27 16:20:35.470 +07:00 [INF] Baseline seed data has been applied successfully.
2026-04-27 16:20:35.584 +07:00 [INF] User profile is available. Using 'C:\Users\CNTT\AppData\Local\ASP.NET\DataProtection-Keys' as key repository and Windows DPAPI to encrypt keys at rest.
2026-04-27 16:20:35.676 +07:00 [INF] Now listening on: http://localhost:5283
2026-04-27 16:20:35.678 +07:00 [INF] Application started. Press Ctrl+C to shut down.
2026-04-27 16:20:35.680 +07:00 [INF] Hosting environment: Development
2026-04-27 16:20:35.680 +07:00 [INF] Content root path: D:\Projects\ThucLuc_V2\.sources\backend\src\api
2026-04-27 16:24:48.063 +07:00 [INF] Request starting HTTP/1.1 OPTIONS http://localhost:5283/api/v1/don-vi/2001 - null null
2026-04-27 16:24:48.063 +07:00 [INF] Request starting HTTP/1.1 OPTIONS http://localhost:5283/api/v1/users - null null
2026-04-27 16:24:48.063 +07:00 [INF] Request starting HTTP/1.1 OPTIONS http://localhost:5283/api/v1/don-vi - null null
2026-04-27 16:24:48.104 +07:00 [WRN] Failed to determine the https port for redirect.
2026-04-27 16:24:48.106 +07:00 [INF] CORS policy execution successful.
2026-04-27 16:24:48.106 +07:00 [INF] CORS policy execution successful.
2026-04-27 16:24:48.106 +07:00 [INF] CORS policy execution successful.
2026-04-27 16:24:48.108 +07:00 [INF] HTTP OPTIONS /api/v1/don-vi => 204 in 12.819 ms CorrelationId=2376cb4de9b44210837cbaa9b0709fb9 UserId=anonymous
2026-04-27 16:24:48.108 +07:00 [INF] HTTP OPTIONS /api/v1/users => 204 in 13.5729 ms CorrelationId=5597220cfe5d4675b084749f9283d6ef UserId=anonymous
2026-04-27 16:24:48.108 +07:00 [INF] HTTP OPTIONS /api/v1/don-vi/2001 => 204 in 14.0829 ms CorrelationId=38b7c52cf0f0455e9036ca3fabd100d6 UserId=anonymous
2026-04-27 16:24:48.117 +07:00 [INF] HTTP OPTIONS /api/v1/don-vi responded 204 in 24.1398 ms
2026-04-27 16:24:48.118 +07:00 [INF] HTTP OPTIONS /api/v1/users responded 204 in 26.7948 ms
2026-04-27 16:24:48.120 +07:00 [INF] HTTP OPTIONS /api/v1/don-vi/2001 responded 204 in 28.5053 ms
2026-04-27 16:24:48.127 +07:00 [INF] Request finished HTTP/1.1 OPTIONS http://localhost:5283/api/v1/users - 204 null null 65.304ms
2026-04-27 16:24:48.127 +07:00 [INF] Request finished HTTP/1.1 OPTIONS http://localhost:5283/api/v1/don-vi/2001 - 204 null null 65.3698ms
2026-04-27 16:24:48.127 +07:00 [INF] Request finished HTTP/1.1 OPTIONS http://localhost:5283/api/v1/don-vi - 204 null null 65.2983ms
2026-04-27 16:24:48.134 +07:00 [INF] Request starting HTTP/1.1 GET http://localhost:5283/api/v1/don-vi - null null
2026-04-27 16:24:48.141 +07:00 [INF] Request starting HTTP/1.1 GET http://localhost:5283/api/v1/don-vi/2001 - null null
2026-04-27 16:24:48.147 +07:00 [INF] Request starting HTTP/1.1 GET http://localhost:5283/api/v1/users - null null
2026-04-27 16:24:48.155 +07:00 [INF] CORS policy execution successful.
2026-04-27 16:24:48.156 +07:00 [INF] CORS policy execution successful.
2026-04-27 16:24:48.161 +07:00 [INF] CORS policy execution successful.
2026-04-27 16:24:48.203 +07:00 [INF] Failed to validate the token.
Microsoft.IdentityModel.Tokens.SecurityTokenExpiredException: IDX10223: Lifetime validation failed. The token is expired. ValidTo (UTC): '4/24/2026 2:43:54 PM', Current time (UTC): '4/27/2026 9:24:48 AM'.
   at Microsoft.IdentityModel.Tokens.ValidatorUtilities.ValidateLifetime(Nullable`1 notBefore, Nullable`1 expires, SecurityToken securityToken, TokenValidationParameters validationParameters)
   at Microsoft.IdentityModel.Tokens.Validators.ValidateLifetime(Nullable`1 notBefore, Nullable`1 expires, SecurityToken securityToken, TokenValidationParameters validationParameters)
   at Microsoft.IdentityModel.JsonWebTokens.JsonWebTokenHandler.ValidateTokenPayloadAsync(JsonWebToken jsonWebToken, TokenValidationParameters validationParameters, BaseConfiguration configuration)
   at Microsoft.IdentityModel.JsonWebTokens.JsonWebTokenHandler.ValidateJWSAsync(JsonWebToken jsonWebToken, TokenValidationParameters validationParameters, BaseConfiguration configuration)
2026-04-27 16:24:48.203 +07:00 [INF] Failed to validate the token.
Microsoft.IdentityModel.Tokens.SecurityTokenExpiredException: IDX10223: Lifetime validation failed. The token is expired. ValidTo (UTC): '4/24/2026 2:43:54 PM', Current time (UTC): '4/27/2026 9:24:48 AM'.
   at Microsoft.IdentityModel.Tokens.ValidatorUtilities.ValidateLifetime(Nullable`1 notBefore, Nullable`1 expires, SecurityToken securityToken, TokenValidationParameters validationParameters)
   at Microsoft.IdentityModel.Tokens.Validators.ValidateLifetime(Nullable`1 notBefore, Nullable`1 expires, SecurityToken securityToken, TokenValidationParameters validationParameters)
   at Microsoft.IdentityModel.JsonWebTokens.JsonWebTokenHandler.ValidateTokenPayloadAsync(JsonWebToken jsonWebToken, TokenValidationParameters validationParameters, BaseConfiguration configuration)
   at Microsoft.IdentityModel.JsonWebTokens.JsonWebTokenHandler.ValidateJWSAsync(JsonWebToken jsonWebToken, TokenValidationParameters validationParameters, BaseConfiguration configuration)
2026-04-27 16:24:48.204 +07:00 [INF] Failed to validate the token.
Microsoft.IdentityModel.Tokens.SecurityTokenExpiredException: IDX10223: Lifetime validation failed. The token is expired. ValidTo (UTC): '4/24/2026 2:43:54 PM', Current time (UTC): '4/27/2026 9:24:48 AM'.
   at Microsoft.IdentityModel.Tokens.ValidatorUtilities.ValidateLifetime(Nullable`1 notBefore, Nullable`1 expires, SecurityToken securityToken, TokenValidationParameters validationParameters)
   at Microsoft.IdentityModel.Tokens.Validators.ValidateLifetime(Nullable`1 notBefore, Nullable`1 expires, SecurityToken securityToken, TokenValidationParameters validationParameters)
   at Microsoft.IdentityModel.JsonWebTokens.JsonWebTokenHandler.ValidateTokenPayloadAsync(JsonWebToken jsonWebToken, TokenValidationParameters validationParameters, BaseConfiguration configuration)
   at Microsoft.IdentityModel.JsonWebTokens.JsonWebTokenHandler.ValidateJWSAsync(JsonWebToken jsonWebToken, TokenValidationParameters validationParameters, BaseConfiguration configuration)
2026-04-27 16:24:48.215 +07:00 [INF] Bearer was not authenticated. Failure message: IDX10223: Lifetime validation failed. The token is expired. ValidTo (UTC): '4/24/2026 2:43:54 PM', Current time (UTC): '4/27/2026 9:24:48 AM'.
2026-04-27 16:24:48.221 +07:00 [INF] Bearer was not authenticated. Failure message: IDX10223: Lifetime validation failed. The token is expired. ValidTo (UTC): '4/24/2026 2:43:54 PM', Current time (UTC): '4/27/2026 9:24:48 AM'.
2026-04-27 16:24:48.228 +07:00 [INF] Bearer was not authenticated. Failure message: IDX10223: Lifetime validation failed. The token is expired. ValidTo (UTC): '4/24/2026 2:43:54 PM', Current time (UTC): '4/27/2026 9:24:48 AM'.
2026-04-27 16:24:48.245 +07:00 [INF] Authorization failed. These requirements were not met:
ThucLuc.Api.Common.Authorization.PermissionRequirement
2026-04-27 16:24:48.245 +07:00 [INF] Authorization failed. These requirements were not met:
ThucLuc.Api.Common.Authorization.PermissionRequirement
2026-04-27 16:24:48.246 +07:00 [INF] Authorization failed. These requirements were not met:
ThucLuc.Api.Common.Authorization.PermissionRequirement
2026-04-27 16:24:48.251 +07:00 [INF] AuthenticationScheme: Bearer was challenged.
2026-04-27 16:24:48.257 +07:00 [INF] HTTP GET /api/v1/don-vi => 401 in 102.7916 ms CorrelationId=ab45cfd4f7494b3ab4e1e063031f6cce UserId=anonymous
2026-04-27 16:24:48.254 +07:00 [INF] AuthenticationScheme: Bearer was challenged.
2026-04-27 16:24:48.268 +07:00 [INF] HTTP GET /api/v1/don-vi/2001 => 401 in 111.9568 ms CorrelationId=06dc3a17a975416e85c02e6e2e5383af UserId=anonymous
2026-04-27 16:24:48.265 +07:00 [INF] HTTP GET /api/v1/don-vi responded 401 in 111.2845 ms
2026-04-27 16:24:48.251 +07:00 [INF] AuthenticationScheme: Bearer was challenged.
2026-04-27 16:24:48.274 +07:00 [INF] HTTP GET /api/v1/don-vi/2001 responded 401 in 118.4956 ms
2026-04-27 16:24:48.278 +07:00 [INF] HTTP GET /api/v1/users => 401 in 116.8527 ms CorrelationId=1be848245829433b896dbc8ed348613f UserId=anonymous
2026-04-27 16:24:48.278 +07:00 [INF] Request finished HTTP/1.1 GET http://localhost:5283/api/v1/don-vi - 401 0 null 144.1024ms
2026-04-27 16:24:48.281 +07:00 [INF] Request finished HTTP/1.1 GET http://localhost:5283/api/v1/don-vi/2001 - 401 0 null 139.7164ms
2026-04-27 16:24:48.282 +07:00 [INF] HTTP GET /api/v1/users responded 401 in 121.2028 ms
2026-04-27 16:24:48.290 +07:00 [INF] Request finished HTTP/1.1 GET http://localhost:5283/api/v1/users - 401 0 null 142.5315ms
2026-04-27 16:24:49.466 +07:00 [INF] Request starting HTTP/1.1 OPTIONS http://localhost:5283/api/v1/auth/login - null null
2026-04-27 16:24:49.473 +07:00 [INF] CORS policy execution successful.
2026-04-27 16:24:49.478 +07:00 [INF] HTTP OPTIONS /api/v1/auth/login => 204 in 4.8545 ms CorrelationId=2f96369582e1457d966c0ba0d7224ded UserId=anonymous
2026-04-27 16:24:49.483 +07:00 [INF] HTTP OPTIONS /api/v1/auth/login responded 204 in 10.0912 ms
2026-04-27 16:24:49.492 +07:00 [INF] Request finished HTTP/1.1 OPTIONS http://localhost:5283/api/v1/auth/login - 204 null null 25.1579ms
2026-04-27 16:24:49.498 +07:00 [INF] Request starting HTTP/1.1 POST http://localhost:5283/api/v1/auth/login - application/json 43
2026-04-27 16:24:49.510 +07:00 [INF] CORS policy execution successful.
2026-04-27 16:24:49.521 +07:00 [INF] Executing endpoint 'ThucLuc.Api.Controllers.V1.AuthController.Login (ThucLuc.Api)'
2026-04-27 16:24:49.547 +07:00 [INF] Route matched with {action = "Login", controller = "Auth"}. Executing controller action with signature System.Threading.Tasks.Task`1[Microsoft.AspNetCore.Mvc.ActionResult`1[ThucLuc.Api.Common.Models.ApiResponse`1[ThucLuc.Application.Features.Auth.AuthTokenDto]]] Login(ThucLuc.Application.Features.Auth.LoginRequest, System.Threading.CancellationToken) on controller ThucLuc.Api.Controllers.V1.AuthController (ThucLuc.Api).
2026-04-27 16:24:50.245 +07:00 [INF] Executing OkObjectResult, writing value of type 'ThucLuc.Api.Common.Models.ApiResponse`1[[ThucLuc.Application.Features.Auth.AuthTokenDto, ThucLuc.Application, Version=1.0.0.0, Culture=neutral, PublicKeyToken=null]]'.
2026-04-27 16:24:50.259 +07:00 [INF] Executed action ThucLuc.Api.Controllers.V1.AuthController.Login (ThucLuc.Api) in 708.3541ms
2026-04-27 16:24:50.261 +07:00 [INF] Executed endpoint 'ThucLuc.Api.Controllers.V1.AuthController.Login (ThucLuc.Api)'
2026-04-27 16:24:50.263 +07:00 [INF] HTTP POST /api/v1/auth/login => 200 in 752.5553 ms CorrelationId=7688a2c291ca4f34bcaa56666c62fe95 UserId=anonymous
2026-04-27 16:24:50.264 +07:00 [INF] HTTP POST /api/v1/auth/login responded 200 in 753.9845 ms
2026-04-27 16:24:50.267 +07:00 [INF] Request finished HTTP/1.1 POST http://localhost:5283/api/v1/auth/login - 200 null application/json; charset=utf-8 768.6831ms
2026-04-27 16:24:50.269 +07:00 [INF] Request starting HTTP/1.1 OPTIONS http://localhost:5283/api/v1/auth/me - null null
2026-04-27 16:24:50.270 +07:00 [INF] CORS policy execution successful.
2026-04-27 16:24:50.270 +07:00 [INF] HTTP OPTIONS /api/v1/auth/me => 204 in 0.5919 ms CorrelationId=79cdf6f4f3014599b529929d7b1f0377 UserId=anonymous
2026-04-27 16:24:50.272 +07:00 [INF] HTTP OPTIONS /api/v1/auth/me responded 204 in 1.8444 ms
2026-04-27 16:24:50.273 +07:00 [INF] Request finished HTTP/1.1 OPTIONS http://localhost:5283/api/v1/auth/me - 204 null null 4.2969ms
2026-04-27 16:24:50.274 +07:00 [INF] Request starting HTTP/1.1 GET http://localhost:5283/api/v1/auth/me - null null
2026-04-27 16:24:50.275 +07:00 [INF] CORS policy execution successful.
2026-04-27 16:24:50.281 +07:00 [INF] Executing endpoint 'ThucLuc.Api.Controllers.V1.AuthController.Me (ThucLuc.Api)'
2026-04-27 16:24:50.285 +07:00 [INF] Route matched with {action = "Me", controller = "Auth"}. Executing controller action with signature System.Threading.Tasks.Task`1[Microsoft.AspNetCore.Mvc.ActionResult`1[ThucLuc.Api.Common.Models.ApiResponse`1[ThucLuc.Application.Features.Auth.UserProfileDto]]] Me(System.Threading.CancellationToken) on controller ThucLuc.Api.Controllers.V1.AuthController (ThucLuc.Api).
2026-04-27 16:24:50.306 +07:00 [INF] Executing OkObjectResult, writing value of type 'ThucLuc.Api.Common.Models.ApiResponse`1[[ThucLuc.Application.Features.Auth.UserProfileDto, ThucLuc.Application, Version=1.0.0.0, Culture=neutral, PublicKeyToken=null]]'.
2026-04-27 16:24:50.308 +07:00 [INF] Executed action ThucLuc.Api.Controllers.V1.AuthController.Me (ThucLuc.Api) in 20.3887ms
2026-04-27 16:24:50.308 +07:00 [INF] Executed endpoint 'ThucLuc.Api.Controllers.V1.AuthController.Me (ThucLuc.Api)'
2026-04-27 16:24:50.321 +07:00 [INF] HTTP GET /api/v1/auth/me => 200 in 45.4659 ms CorrelationId=17a0cd9d6518424cb3a55dc7bc7b1cad UserId=5001
2026-04-27 16:24:50.338 +07:00 [INF] HTTP GET /api/v1/auth/me responded 200 in 62.9823 ms
2026-04-27 16:24:50.357 +07:00 [INF] Request finished HTTP/1.1 GET http://localhost:5283/api/v1/auth/me - 200 null application/json; charset=utf-8 82.4432ms
2026-04-27 16:24:50.375 +07:00 [INF] Request starting HTTP/1.1 GET http://localhost:5283/api/v1/don-vi/2001 - null null
2026-04-27 16:24:50.375 +07:00 [INF] Request starting HTTP/1.1 OPTIONS http://localhost:5283/api/v1/ky-bao-cao/current - null null
2026-04-27 16:24:50.375 +07:00 [INF] Request starting HTTP/1.1 OPTIONS http://localhost:5283/api/v1/ky-bao-cao - null null
2026-04-27 16:24:50.384 +07:00 [INF] CORS policy execution successful.
2026-04-27 16:24:50.391 +07:00 [INF] CORS policy execution successful.
2026-04-27 16:24:50.394 +07:00 [INF] CORS policy execution successful.
2026-04-27 16:24:50.396 +07:00 [INF] HTTP OPTIONS /api/v1/ky-bao-cao => 204 in 2.5369 ms CorrelationId=a6d5ff0e44b04fb9a1cfcd2eef197922 UserId=anonymous
2026-04-27 16:24:50.395 +07:00 [INF] HTTP OPTIONS /api/v1/ky-bao-cao/current => 204 in 4.394 ms CorrelationId=965a45029b3c462f89cba25f766a9787 UserId=anonymous
2026-04-27 16:24:50.395 +07:00 [INF] Executing endpoint 'ThucLuc.Api.Controllers.V1.DonViController.GetById (ThucLuc.Api)'
2026-04-27 16:24:50.399 +07:00 [INF] HTTP OPTIONS /api/v1/ky-bao-cao responded 204 in 5.0193 ms
2026-04-27 16:24:50.401 +07:00 [INF] HTTP OPTIONS /api/v1/ky-bao-cao/current responded 204 in 9.7496 ms
2026-04-27 16:24:50.407 +07:00 [INF] Request finished HTTP/1.1 OPTIONS http://localhost:5283/api/v1/ky-bao-cao - 204 null null 31.748ms
2026-04-27 16:24:50.410 +07:00 [INF] Route matched with {action = "GetById", controller = "DonVi"}. Executing controller action with signature System.Threading.Tasks.Task`1[Microsoft.AspNetCore.Mvc.ActionResult`1[ThucLuc.Api.Common.Models.ApiResponse`1[ThucLuc.Application.Features.DonVi.DonViDto]]] GetById(Int64, System.Threading.CancellationToken) on controller ThucLuc.Api.Controllers.V1.DonViController (ThucLuc.Api).
2026-04-27 16:24:50.411 +07:00 [INF] Request finished HTTP/1.1 OPTIONS http://localhost:5283/api/v1/ky-bao-cao/current - 204 null null 36.1406ms
2026-04-27 16:24:50.416 +07:00 [INF] Request starting HTTP/1.1 GET http://localhost:5283/api/v1/ky-bao-cao - null null
2026-04-27 16:24:50.421 +07:00 [INF] Request starting HTTP/1.1 GET http://localhost:5283/api/v1/ky-bao-cao/current - null null
2026-04-27 16:24:50.424 +07:00 [INF] CORS policy execution successful.
2026-04-27 16:24:50.426 +07:00 [INF] CORS policy execution successful.
2026-04-27 16:24:50.427 +07:00 [INF] Executing endpoint 'ThucLuc.Api.Controllers.V1.KyBaoCaoController.GetAll (ThucLuc.Api)'
2026-04-27 16:24:50.429 +07:00 [INF] Executing endpoint 'ThucLuc.Api.Controllers.V1.KyBaoCaoController.GetCurrent (ThucLuc.Api)'
2026-04-27 16:24:50.433 +07:00 [INF] Route matched with {action = "GetAll", controller = "KyBaoCao"}. Executing controller action with signature System.Threading.Tasks.Task`1[Microsoft.AspNetCore.Mvc.ActionResult`1[ThucLuc.Api.Common.Models.ApiResponse`1[System.Collections.Generic.IReadOnlyCollection`1[ThucLuc.Application.Features.KyBaoCao.KyBaoCaoDto]]]] GetAll(System.Threading.CancellationToken) on controller ThucLuc.Api.Controllers.V1.KyBaoCaoController (ThucLuc.Api).
2026-04-27 16:24:50.433 +07:00 [INF] Route matched with {action = "GetCurrent", controller = "KyBaoCao"}. Executing controller action with signature System.Threading.Tasks.Task`1[Microsoft.AspNetCore.Mvc.ActionResult`1[ThucLuc.Api.Common.Models.ApiResponse`1[ThucLuc.Application.Features.KyBaoCao.KyBaoCaoDto]]] GetCurrent(System.Threading.CancellationToken) on controller ThucLuc.Api.Controllers.V1.KyBaoCaoController (ThucLuc.Api).
2026-04-27 16:24:50.461 +07:00 [INF] Executing OkObjectResult, writing value of type 'ThucLuc.Api.Common.Models.ApiResponse`1[[System.Collections.Generic.IReadOnlyCollection`1[[ThucLuc.Application.Features.KyBaoCao.KyBaoCaoDto, ThucLuc.Application, Version=1.0.0.0, Culture=neutral, PublicKeyToken=null]], System.Private.CoreLib, Version=8.0.0.0, Culture=neutral, PublicKeyToken=7cec85d7bea7798e]]'.
2026-04-27 16:24:50.475 +07:00 [INF] Executing OkObjectResult, writing value of type 'ThucLuc.Api.Common.Models.ApiResponse`1[[ThucLuc.Application.Features.DonVi.DonViDto, ThucLuc.Application, Version=1.0.0.0, Culture=neutral, PublicKeyToken=null]]'.
2026-04-27 16:24:50.481 +07:00 [INF] Executed action ThucLuc.Api.Controllers.V1.DonViController.GetById (ThucLuc.Api) in 64.2889ms
2026-04-27 16:24:50.481 +07:00 [INF] Executed action ThucLuc.Api.Controllers.V1.KyBaoCaoController.GetAll (ThucLuc.Api) in 44.7016ms
2026-04-27 16:24:50.483 +07:00 [INF] Executed endpoint 'ThucLuc.Api.Controllers.V1.DonViController.GetById (ThucLuc.Api)'
2026-04-27 16:24:50.484 +07:00 [INF] Executed endpoint 'ThucLuc.Api.Controllers.V1.KyBaoCaoController.GetAll (ThucLuc.Api)'
2026-04-27 16:24:50.484 +07:00 [INF] HTTP GET /api/v1/don-vi/2001 => 200 in 100.8453 ms CorrelationId=baac9604384d47e0b092d13cf6a095e9 UserId=5001
2026-04-27 16:24:50.485 +07:00 [INF] HTTP GET /api/v1/ky-bao-cao => 200 in 61.5921 ms CorrelationId=70983a48e7cc4603bde669208ab7fbfa UserId=5001
2026-04-27 16:24:50.487 +07:00 [INF] HTTP GET /api/v1/don-vi/2001 responded 200 in 103.4832 ms
2026-04-27 16:24:50.488 +07:00 [INF] HTTP GET /api/v1/ky-bao-cao responded 200 in 64.6390 ms
2026-04-27 16:24:50.489 +07:00 [INF] Request finished HTTP/1.1 GET http://localhost:5283/api/v1/don-vi/2001 - 200 null application/json; charset=utf-8 114.2194ms
2026-04-27 16:24:50.490 +07:00 [INF] Request finished HTTP/1.1 GET http://localhost:5283/api/v1/ky-bao-cao - 200 null application/json; charset=utf-8 74.4212ms
2026-04-27 16:24:50.539 +07:00 [INF] Executing OkObjectResult, writing value of type 'ThucLuc.Api.Common.Models.ApiResponse`1[[ThucLuc.Application.Features.KyBaoCao.KyBaoCaoDto, ThucLuc.Application, Version=1.0.0.0, Culture=neutral, PublicKeyToken=null]]'.
2026-04-27 16:24:50.548 +07:00 [INF] Executed action ThucLuc.Api.Controllers.V1.KyBaoCaoController.GetCurrent (ThucLuc.Api) in 107.6896ms
2026-04-27 16:24:50.555 +07:00 [INF] Executed endpoint 'ThucLuc.Api.Controllers.V1.KyBaoCaoController.GetCurrent (ThucLuc.Api)'
2026-04-27 16:24:50.563 +07:00 [INF] HTTP GET /api/v1/ky-bao-cao/current => 200 in 137.5973 ms CorrelationId=f144680e2832455e9df892cbcaebd34b UserId=5001
2026-04-27 16:24:50.574 +07:00 [INF] HTTP GET /api/v1/ky-bao-cao/current responded 200 in 147.8869 ms
2026-04-27 16:24:50.582 +07:00 [INF] Request finished HTTP/1.1 GET http://localhost:5283/api/v1/ky-bao-cao/current - 200 null application/json; charset=utf-8 161.5333ms
2026-04-27 16:24:50.606 +07:00 [INF] Request starting HTTP/1.1 OPTIONS http://localhost:5283/api/v1/ky-bao-cao/6001/tien-do - null null
2026-04-27 16:24:50.615 +07:00 [INF] CORS policy execution successful.
2026-04-27 16:24:50.620 +07:00 [INF] HTTP OPTIONS /api/v1/ky-bao-cao/6001/tien-do => 204 in 5.1629 ms CorrelationId=d8690e5461c94a1b8878df17fc4136c5 UserId=anonymous
2026-04-27 16:24:50.658 +07:00 [INF] HTTP OPTIONS /api/v1/ky-bao-cao/6001/tien-do responded 204 in 42.5938 ms
2026-04-27 16:24:50.667 +07:00 [INF] Request finished HTTP/1.1 OPTIONS http://localhost:5283/api/v1/ky-bao-cao/6001/tien-do - 204 null null 61.4697ms
2026-04-27 16:24:50.681 +07:00 [INF] Request starting HTTP/1.1 GET http://localhost:5283/api/v1/ky-bao-cao/6001/tien-do - null null
2026-04-27 16:24:50.691 +07:00 [INF] CORS policy execution successful.
2026-04-27 16:24:50.698 +07:00 [INF] Executing endpoint 'ThucLuc.Api.Controllers.V1.KyBaoCaoController.GetTienDo (ThucLuc.Api)'
2026-04-27 16:24:50.705 +07:00 [INF] Route matched with {action = "GetTienDo", controller = "KyBaoCao"}. Executing controller action with signature System.Threading.Tasks.Task`1[Microsoft.AspNetCore.Mvc.ActionResult`1[ThucLuc.Api.Common.Models.ApiResponse`1[ThucLuc.Application.Features.KyBaoCao.KyBaoCaoTienDoDto]]] GetTienDo(Int64, System.Threading.CancellationToken) on controller ThucLuc.Api.Controllers.V1.KyBaoCaoController (ThucLuc.Api).
2026-04-27 16:24:50.775 +07:00 [INF] Executing OkObjectResult, writing value of type 'ThucLuc.Api.Common.Models.ApiResponse`1[[ThucLuc.Application.Features.KyBaoCao.KyBaoCaoTienDoDto, ThucLuc.Application, Version=1.0.0.0, Culture=neutral, PublicKeyToken=null]]'.
2026-04-27 16:24:50.816 +07:00 [INF] Executed action ThucLuc.Api.Controllers.V1.KyBaoCaoController.GetTienDo (ThucLuc.Api) in 100.506ms
2026-04-27 16:24:50.819 +07:00 [INF] Executed endpoint 'ThucLuc.Api.Controllers.V1.KyBaoCaoController.GetTienDo (ThucLuc.Api)'
2026-04-27 16:24:50.821 +07:00 [INF] HTTP GET /api/v1/ky-bao-cao/6001/tien-do => 200 in 130.4396 ms CorrelationId=9d0ff73e377c4859baf095871d922fac UserId=5001
2026-04-27 16:24:50.824 +07:00 [INF] HTTP GET /api/v1/ky-bao-cao/6001/tien-do responded 200 in 132.6993 ms
2026-04-27 16:24:50.825 +07:00 [INF] Request finished HTTP/1.1 GET http://localhost:5283/api/v1/ky-bao-cao/6001/tien-do - 200 null application/json; charset=utf-8 143.3633ms
2026-04-27 16:30:29.114 +07:00 [INF] Request starting HTTP/1.1 OPTIONS http://localhost:5283/api/v1/codes?includeInactive=false - null null
2026-04-27 16:30:29.124 +07:00 [INF] CORS policy execution successful.
2026-04-27 16:30:29.128 +07:00 [INF] HTTP OPTIONS /api/v1/codes => 204 in 4.6839 ms CorrelationId=9f6a873ac3c4449eb8fbd148202886be UserId=anonymous
2026-04-27 16:30:29.154 +07:00 [INF] HTTP OPTIONS /api/v1/codes responded 204 in 30.7850 ms
2026-04-27 16:30:29.160 +07:00 [INF] Request finished HTTP/1.1 OPTIONS http://localhost:5283/api/v1/codes?includeInactive=false - 204 null null 45.5112ms
2026-04-27 16:30:29.171 +07:00 [INF] Request starting HTTP/1.1 GET http://localhost:5283/api/v1/codes?includeInactive=false - null null
2026-04-27 16:30:29.185 +07:00 [INF] CORS policy execution successful.
2026-04-27 16:30:29.191 +07:00 [INF] Executing endpoint 'ThucLuc.Api.Controllers.V1.CodesController.GetAll (ThucLuc.Api)'
2026-04-27 16:30:29.203 +07:00 [INF] Route matched with {action = "GetAll", controller = "Codes"}. Executing controller action with signature System.Threading.Tasks.Task`1[Microsoft.AspNetCore.Mvc.ActionResult`1[ThucLuc.Api.Common.Models.ApiResponse`1[System.Collections.Generic.IReadOnlyCollection`1[ThucLuc.Application.Features.Codes.CodeDto]]]] GetAll(Boolean, System.Threading.CancellationToken) on controller ThucLuc.Api.Controllers.V1.CodesController (ThucLuc.Api).
2026-04-27 16:30:29.361 +07:00 [INF] Executing OkObjectResult, writing value of type 'ThucLuc.Api.Common.Models.ApiResponse`1[[System.Collections.Generic.IReadOnlyCollection`1[[ThucLuc.Application.Features.Codes.CodeDto, ThucLuc.Application, Version=1.0.0.0, Culture=neutral, PublicKeyToken=null]], System.Private.CoreLib, Version=8.0.0.0, Culture=neutral, PublicKeyToken=7cec85d7bea7798e]]'.
2026-04-27 16:30:29.369 +07:00 [INF] Executed action ThucLuc.Api.Controllers.V1.CodesController.GetAll (ThucLuc.Api) in 156.6269ms
2026-04-27 16:30:29.377 +07:00 [INF] Executed endpoint 'ThucLuc.Api.Controllers.V1.CodesController.GetAll (ThucLuc.Api)'
2026-04-27 16:30:29.382 +07:00 [INF] HTTP GET /api/v1/codes => 200 in 197.2041 ms CorrelationId=a3ee7dac117341c88d13fb4368f270be UserId=5001
2026-04-27 16:30:29.391 +07:00 [INF] HTTP GET /api/v1/codes responded 200 in 206.7905 ms
2026-04-27 16:30:29.398 +07:00 [INF] Request finished HTTP/1.1 GET http://localhost:5283/api/v1/codes?includeInactive=false - 200 null application/json; charset=utf-8 226.661ms
2026-04-27 16:30:29.408 +07:00 [INF] Request starting HTTP/1.1 OPTIONS http://localhost:5283/api/v1/codes/22 - null null
2026-04-27 16:30:29.416 +07:00 [INF] CORS policy execution successful.
2026-04-27 16:30:29.420 +07:00 [INF] HTTP OPTIONS /api/v1/codes/22 => 204 in 3.6194 ms CorrelationId=4981892367ea49eaa15a519331a0173f UserId=anonymous
2026-04-27 16:30:29.426 +07:00 [INF] HTTP OPTIONS /api/v1/codes/22 responded 204 in 10.1397 ms
2026-04-27 16:30:29.432 +07:00 [INF] Request finished HTTP/1.1 OPTIONS http://localhost:5283/api/v1/codes/22 - 204 null null 24.1945ms
2026-04-27 16:30:29.443 +07:00 [INF] Request starting HTTP/1.1 GET http://localhost:5283/api/v1/codes/22 - null null
2026-04-27 16:30:29.451 +07:00 [INF] CORS policy execution successful.
2026-04-27 16:30:29.453 +07:00 [INF] Executing endpoint 'ThucLuc.Api.Controllers.V1.CodesController.GetById (ThucLuc.Api)'
2026-04-27 16:30:29.459 +07:00 [INF] Route matched with {action = "GetById", controller = "Codes"}. Executing controller action with signature System.Threading.Tasks.Task`1[Microsoft.AspNetCore.Mvc.ActionResult`1[ThucLuc.Api.Common.Models.ApiResponse`1[ThucLuc.Application.Features.Codes.CodeDto]]] GetById(Int64, System.Threading.CancellationToken) on controller ThucLuc.Api.Controllers.V1.CodesController (ThucLuc.Api).
2026-04-27 16:30:29.524 +07:00 [INF] Executing OkObjectResult, writing value of type 'ThucLuc.Api.Common.Models.ApiResponse`1[[ThucLuc.Application.Features.Codes.CodeDto, ThucLuc.Application, Version=1.0.0.0, Culture=neutral, PublicKeyToken=null]]'.
2026-04-27 16:30:29.532 +07:00 [INF] Executed action ThucLuc.Api.Controllers.V1.CodesController.GetById (ThucLuc.Api) in 68.8053ms
2026-04-27 16:30:29.538 +07:00 [INF] Executed endpoint 'ThucLuc.Api.Controllers.V1.CodesController.GetById (ThucLuc.Api)'
2026-04-27 16:30:29.549 +07:00 [INF] HTTP GET /api/v1/codes/22 => 200 in 97.8506 ms CorrelationId=fad5437200bb4b26b1f1a1d12d532e9f UserId=5001
2026-04-27 16:30:29.561 +07:00 [INF] HTTP GET /api/v1/codes/22 responded 200 in 110.6320 ms
2026-04-27 16:30:29.564 +07:00 [INF] Request finished HTTP/1.1 GET http://localhost:5283/api/v1/codes/22 - 200 null application/json; charset=utf-8 121.8832ms
2026-04-27 16:30:30.197 +07:00 [INF] Request starting HTTP/1.1 OPTIONS http://localhost:5283/api/v1/codes/by-code/CAP_DON_VI - null null
2026-04-27 16:30:30.197 +07:00 [INF] Request starting HTTP/1.1 OPTIONS http://localhost:5283/api/v1/don-vi/tree - null null
2026-04-27 16:30:30.199 +07:00 [INF] CORS policy execution successful.
2026-04-27 16:30:30.201 +07:00 [INF] CORS policy execution successful.
2026-04-27 16:30:30.201 +07:00 [INF] HTTP OPTIONS /api/v1/codes/by-code/CAP_DON_VI => 204 in 2.4694 ms CorrelationId=3b7b52ebbe954ded809aeab6609b569d UserId=anonymous
2026-04-27 16:30:30.202 +07:00 [INF] HTTP OPTIONS /api/v1/don-vi/tree => 204 in 0.8847 ms CorrelationId=87a220591dbf4005aaf70441de0412d7 UserId=anonymous
2026-04-27 16:30:30.203 +07:00 [INF] HTTP OPTIONS /api/v1/codes/by-code/CAP_DON_VI responded 204 in 4.2749 ms
2026-04-27 16:30:30.204 +07:00 [INF] HTTP OPTIONS /api/v1/don-vi/tree responded 204 in 3.6706 ms
2026-04-27 16:30:30.206 +07:00 [INF] Request finished HTTP/1.1 OPTIONS http://localhost:5283/api/v1/codes/by-code/CAP_DON_VI - 204 null null 8.7449ms
2026-04-27 16:30:30.207 +07:00 [INF] Request finished HTTP/1.1 OPTIONS http://localhost:5283/api/v1/don-vi/tree - 204 null null 9.5133ms
2026-04-27 16:30:30.209 +07:00 [INF] Request starting HTTP/1.1 GET http://localhost:5283/api/v1/codes/by-code/CAP_DON_VI - null null
2026-04-27 16:30:30.211 +07:00 [INF] Request starting HTTP/1.1 GET http://localhost:5283/api/v1/don-vi/tree - null null
2026-04-27 16:30:30.213 +07:00 [INF] CORS policy execution successful.
2026-04-27 16:30:30.214 +07:00 [INF] CORS policy execution successful.
2026-04-27 16:30:30.215 +07:00 [INF] Executing endpoint 'ThucLuc.Api.Controllers.V1.CodesController.GetByCode (ThucLuc.Api)'
2026-04-27 16:30:30.215 +07:00 [INF] Executing endpoint 'ThucLuc.Api.Controllers.V1.DonViController.GetTree (ThucLuc.Api)'
2026-04-27 16:30:30.219 +07:00 [INF] Route matched with {action = "GetTree", controller = "DonVi"}. Executing controller action with signature System.Threading.Tasks.Task`1[Microsoft.AspNetCore.Mvc.ActionResult`1[ThucLuc.Api.Common.Models.ApiResponse`1[System.Collections.Generic.IReadOnlyCollection`1[ThucLuc.Application.Features.DonVi.DonViDto]]]] GetTree(System.Threading.CancellationToken) on controller ThucLuc.Api.Controllers.V1.DonViController (ThucLuc.Api).
2026-04-27 16:30:30.219 +07:00 [INF] Route matched with {action = "GetByCode", controller = "Codes"}. Executing controller action with signature System.Threading.Tasks.Task`1[Microsoft.AspNetCore.Mvc.ActionResult`1[ThucLuc.Api.Common.Models.ApiResponse`1[ThucLuc.Application.Features.Codes.CodeDto]]] GetByCode(System.String, System.Threading.CancellationToken) on controller ThucLuc.Api.Controllers.V1.CodesController (ThucLuc.Api).
2026-04-27 16:30:30.277 +07:00 [INF] Executing OkObjectResult, writing value of type 'ThucLuc.Api.Common.Models.ApiResponse`1[[System.Collections.Generic.IReadOnlyCollection`1[[ThucLuc.Application.Features.DonVi.DonViDto, ThucLuc.Application, Version=1.0.0.0, Culture=neutral, PublicKeyToken=null]], System.Private.CoreLib, Version=8.0.0.0, Culture=neutral, PublicKeyToken=7cec85d7bea7798e]]'.
2026-04-27 16:30:30.281 +07:00 [INF] Executed action ThucLuc.Api.Controllers.V1.DonViController.GetTree (ThucLuc.Api) in 60.8187ms
2026-04-27 16:30:30.282 +07:00 [INF] Executed endpoint 'ThucLuc.Api.Controllers.V1.DonViController.GetTree (ThucLuc.Api)'
2026-04-27 16:30:30.283 +07:00 [INF] HTTP GET /api/v1/don-vi/tree => 200 in 69.1367 ms CorrelationId=053edd7baf674fc984fac6e59b95e68d UserId=5001
2026-04-27 16:30:30.284 +07:00 [INF] HTTP GET /api/v1/don-vi/tree responded 200 in 70.4492 ms
2026-04-27 16:30:30.285 +07:00 [INF] Executing OkObjectResult, writing value of type 'ThucLuc.Api.Common.Models.ApiResponse`1[[ThucLuc.Application.Features.Codes.CodeDto, ThucLuc.Application, Version=1.0.0.0, Culture=neutral, PublicKeyToken=null]]'.
2026-04-27 16:30:30.286 +07:00 [INF] Request finished HTTP/1.1 GET http://localhost:5283/api/v1/don-vi/tree - 200 null application/json; charset=utf-8 74.809ms
2026-04-27 16:30:30.286 +07:00 [INF] Executed action ThucLuc.Api.Controllers.V1.CodesController.GetByCode (ThucLuc.Api) in 64.7828ms
2026-04-27 16:30:30.289 +07:00 [INF] Executed endpoint 'ThucLuc.Api.Controllers.V1.CodesController.GetByCode (ThucLuc.Api)'
2026-04-27 16:30:30.290 +07:00 [INF] HTTP GET /api/v1/codes/by-code/CAP_DON_VI => 200 in 77.1283 ms CorrelationId=c3a116876ee04c3287ccb1b63db28c6a UserId=5001
2026-04-27 16:30:30.291 +07:00 [INF] HTTP GET /api/v1/codes/by-code/CAP_DON_VI responded 200 in 78.5310 ms
2026-04-27 16:30:30.292 +07:00 [INF] Request finished HTTP/1.1 GET http://localhost:5283/api/v1/codes/by-code/CAP_DON_VI - 200 null application/json; charset=utf-8 83.4569ms
2026-04-27 16:30:31.729 +07:00 [INF] Request starting HTTP/1.1 OPTIONS http://localhost:5283/api/v1/codes/by-code/CAP_BAC_CONG_AN - null null
2026-04-27 16:30:31.729 +07:00 [INF] Request starting HTTP/1.1 OPTIONS http://localhost:5283/api/v1/codes/by-code/GIOI_TINH - null null
2026-04-27 16:30:31.730 +07:00 [INF] Request starting HTTP/1.1 OPTIONS http://localhost:5283/api/v1/codes/by-code/LOAI_NHAN_LUC - null null
2026-04-27 16:30:31.730 +07:00 [INF] Request starting HTTP/1.1 OPTIONS http://localhost:5283/api/v1/codes/by-code/TRINH_DO_CNTT - null null
2026-04-27 16:30:31.730 +07:00 [INF] Request starting HTTP/1.1 OPTIONS http://localhost:5283/api/v1/codes/by-code/TRINH_DO_LLCT - null null
2026-04-27 16:30:31.731 +07:00 [INF] Request starting HTTP/1.1 GET http://localhost:5283/api/v1/don-vi/tree - null null
2026-04-27 16:30:31.732 +07:00 [INF] CORS policy execution successful.
2026-04-27 16:30:31.733 +07:00 [INF] CORS policy execution successful.
2026-04-27 16:30:31.735 +07:00 [INF] CORS policy execution successful.
2026-04-27 16:30:31.737 +07:00 [INF] CORS policy execution successful.
2026-04-27 16:30:31.739 +07:00 [INF] CORS policy execution successful.
2026-04-27 16:30:31.741 +07:00 [INF] CORS policy execution successful.
2026-04-27 16:30:31.742 +07:00 [INF] HTTP OPTIONS /api/v1/codes/by-code/CAP_BAC_CONG_AN => 204 in 10.4755 ms CorrelationId=09a3e6138f8d4207801355700570927e UserId=anonymous
2026-04-27 16:30:31.742 +07:00 [INF] HTTP OPTIONS /api/v1/codes/by-code/GIOI_TINH => 204 in 9.0989 ms CorrelationId=017e080d0c37487396585914b6a786ca UserId=anonymous
2026-04-27 16:30:31.743 +07:00 [INF] HTTP OPTIONS /api/v1/codes/by-code/LOAI_NHAN_LUC => 204 in 7.8888 ms CorrelationId=f9cd05d41c9e4c22bd77609e3da54afe UserId=anonymous
2026-04-27 16:30:31.744 +07:00 [INF] HTTP OPTIONS /api/v1/codes/by-code/TRINH_DO_CNTT => 204 in 6.9369 ms CorrelationId=95ebc5469c5a48fa8d5c65f291d92ad3 UserId=anonymous
2026-04-27 16:30:31.745 +07:00 [INF] HTTP OPTIONS /api/v1/codes/by-code/TRINH_DO_LLCT => 204 in 5.5512 ms CorrelationId=61370bf83c624a7c8c827d8d66043bc4 UserId=anonymous
2026-04-27 16:30:31.746 +07:00 [INF] Executing endpoint 'ThucLuc.Api.Controllers.V1.DonViController.GetTree (ThucLuc.Api)'
2026-04-27 16:30:31.750 +07:00 [INF] HTTP OPTIONS /api/v1/codes/by-code/CAP_BAC_CONG_AN responded 204 in 18.7521 ms
2026-04-27 16:30:31.752 +07:00 [INF] HTTP OPTIONS /api/v1/codes/by-code/GIOI_TINH responded 204 in 19.0167 ms
2026-04-27 16:30:31.754 +07:00 [INF] HTTP OPTIONS /api/v1/codes/by-code/LOAI_NHAN_LUC responded 204 in 19.2741 ms
2026-04-27 16:30:31.757 +07:00 [INF] HTTP OPTIONS /api/v1/codes/by-code/TRINH_DO_CNTT responded 204 in 19.4045 ms
2026-04-27 16:30:31.759 +07:00 [INF] HTTP OPTIONS /api/v1/codes/by-code/TRINH_DO_LLCT responded 204 in 20.4033 ms
2026-04-27 16:30:31.762 +07:00 [INF] Route matched with {action = "GetTree", controller = "DonVi"}. Executing controller action with signature System.Threading.Tasks.Task`1[Microsoft.AspNetCore.Mvc.ActionResult`1[ThucLuc.Api.Common.Models.ApiResponse`1[System.Collections.Generic.IReadOnlyCollection`1[ThucLuc.Application.Features.DonVi.DonViDto]]]] GetTree(System.Threading.CancellationToken) on controller ThucLuc.Api.Controllers.V1.DonViController (ThucLuc.Api).
2026-04-27 16:30:31.763 +07:00 [INF] Request finished HTTP/1.1 OPTIONS http://localhost:5283/api/v1/codes/by-code/CAP_BAC_CONG_AN - 204 null null 34.3392ms
2026-04-27 16:30:31.765 +07:00 [INF] Request finished HTTP/1.1 OPTIONS http://localhost:5283/api/v1/codes/by-code/GIOI_TINH - 204 null null 35.8148ms
2026-04-27 16:30:31.766 +07:00 [INF] Request finished HTTP/1.1 OPTIONS http://localhost:5283/api/v1/codes/by-code/LOAI_NHAN_LUC - 204 null null 36.7021ms
2026-04-27 16:30:31.768 +07:00 [INF] Request finished HTTP/1.1 OPTIONS http://localhost:5283/api/v1/codes/by-code/TRINH_DO_CNTT - 204 null null 37.8795ms
2026-04-27 16:30:31.769 +07:00 [INF] Request finished HTTP/1.1 OPTIONS http://localhost:5283/api/v1/codes/by-code/TRINH_DO_LLCT - 204 null null 39.2048ms
2026-04-27 16:30:31.775 +07:00 [INF] Request starting HTTP/1.1 GET http://localhost:5283/api/v1/codes/by-code/CAP_BAC_CONG_AN - null null
2026-04-27 16:30:31.779 +07:00 [INF] Request starting HTTP/1.1 GET http://localhost:5283/api/v1/codes/by-code/GIOI_TINH - null null
2026-04-27 16:30:31.782 +07:00 [INF] Request starting HTTP/1.1 GET http://localhost:5283/api/v1/codes/by-code/TRINH_DO_CNTT - null null
2026-04-27 16:30:31.785 +07:00 [INF] Request starting HTTP/1.1 GET http://localhost:5283/api/v1/codes/by-code/LOAI_NHAN_LUC - null null
2026-04-27 16:30:31.787 +07:00 [INF] Request starting HTTP/1.1 GET http://localhost:5283/api/v1/codes/by-code/TRINH_DO_LLCT - null null
2026-04-27 16:30:31.790 +07:00 [INF] CORS policy execution successful.
2026-04-27 16:30:31.792 +07:00 [INF] CORS policy execution successful.
2026-04-27 16:30:31.794 +07:00 [INF] CORS policy execution successful.
2026-04-27 16:30:31.796 +07:00 [INF] CORS policy execution successful.
2026-04-27 16:30:31.799 +07:00 [INF] CORS policy execution successful.
2026-04-27 16:30:31.800 +07:00 [INF] Executing endpoint 'ThucLuc.Api.Controllers.V1.CodesController.GetByCode (ThucLuc.Api)'
2026-04-27 16:30:31.800 +07:00 [INF] Executing endpoint 'ThucLuc.Api.Controllers.V1.CodesController.GetByCode (ThucLuc.Api)'
2026-04-27 16:30:31.801 +07:00 [INF] Executing endpoint 'ThucLuc.Api.Controllers.V1.CodesController.GetByCode (ThucLuc.Api)'
2026-04-27 16:30:31.802 +07:00 [INF] Executing endpoint 'ThucLuc.Api.Controllers.V1.CodesController.GetByCode (ThucLuc.Api)'
2026-04-27 16:30:31.802 +07:00 [INF] Executing endpoint 'ThucLuc.Api.Controllers.V1.CodesController.GetByCode (ThucLuc.Api)'
2026-04-27 16:30:31.803 +07:00 [INF] Route matched with {action = "GetByCode", controller = "Codes"}. Executing controller action with signature System.Threading.Tasks.Task`1[Microsoft.AspNetCore.Mvc.ActionResult`1[ThucLuc.Api.Common.Models.ApiResponse`1[ThucLuc.Application.Features.Codes.CodeDto]]] GetByCode(System.String, System.Threading.CancellationToken) on controller ThucLuc.Api.Controllers.V1.CodesController (ThucLuc.Api).
2026-04-27 16:30:31.805 +07:00 [INF] Route matched with {action = "GetByCode", controller = "Codes"}. Executing controller action with signature System.Threading.Tasks.Task`1[Microsoft.AspNetCore.Mvc.ActionResult`1[ThucLuc.Api.Common.Models.ApiResponse`1[ThucLuc.Application.Features.Codes.CodeDto]]] GetByCode(System.String, System.Threading.CancellationToken) on controller ThucLuc.Api.Controllers.V1.CodesController (ThucLuc.Api).
2026-04-27 16:30:31.805 +07:00 [INF] Route matched with {action = "GetByCode", controller = "Codes"}. Executing controller action with signature System.Threading.Tasks.Task`1[Microsoft.AspNetCore.Mvc.ActionResult`1[ThucLuc.Api.Common.Models.ApiResponse`1[ThucLuc.Application.Features.Codes.CodeDto]]] GetByCode(System.String, System.Threading.CancellationToken) on controller ThucLuc.Api.Controllers.V1.CodesController (ThucLuc.Api).
2026-04-27 16:30:31.806 +07:00 [INF] Route matched with {action = "GetByCode", controller = "Codes"}. Executing controller action with signature System.Threading.Tasks.Task`1[Microsoft.AspNetCore.Mvc.ActionResult`1[ThucLuc.Api.Common.Models.ApiResponse`1[ThucLuc.Application.Features.Codes.CodeDto]]] GetByCode(System.String, System.Threading.CancellationToken) on controller ThucLuc.Api.Controllers.V1.CodesController (ThucLuc.Api).
2026-04-27 16:30:31.808 +07:00 [INF] Route matched with {action = "GetByCode", controller = "Codes"}. Executing controller action with signature System.Threading.Tasks.Task`1[Microsoft.AspNetCore.Mvc.ActionResult`1[ThucLuc.Api.Common.Models.ApiResponse`1[ThucLuc.Application.Features.Codes.CodeDto]]] GetByCode(System.String, System.Threading.CancellationToken) on controller ThucLuc.Api.Controllers.V1.CodesController (ThucLuc.Api).
2026-04-27 16:30:31.812 +07:00 [INF] Executing OkObjectResult, writing value of type 'ThucLuc.Api.Common.Models.ApiResponse`1[[ThucLuc.Application.Features.Codes.CodeDto, ThucLuc.Application, Version=1.0.0.0, Culture=neutral, PublicKeyToken=null]]'.
2026-04-27 16:30:31.813 +07:00 [INF] Executing OkObjectResult, writing value of type 'ThucLuc.Api.Common.Models.ApiResponse`1[[ThucLuc.Application.Features.Codes.CodeDto, ThucLuc.Application, Version=1.0.0.0, Culture=neutral, PublicKeyToken=null]]'.
2026-04-27 16:30:31.815 +07:00 [INF] Executing OkObjectResult, writing value of type 'ThucLuc.Api.Common.Models.ApiResponse`1[[ThucLuc.Application.Features.Codes.CodeDto, ThucLuc.Application, Version=1.0.0.0, Culture=neutral, PublicKeyToken=null]]'.
2026-04-27 16:30:31.816 +07:00 [INF] Executing OkObjectResult, writing value of type 'ThucLuc.Api.Common.Models.ApiResponse`1[[ThucLuc.Application.Features.Codes.CodeDto, ThucLuc.Application, Version=1.0.0.0, Culture=neutral, PublicKeyToken=null]]'.
2026-04-27 16:30:31.817 +07:00 [INF] Executing OkObjectResult, writing value of type 'ThucLuc.Api.Common.Models.ApiResponse`1[[ThucLuc.Application.Features.Codes.CodeDto, ThucLuc.Application, Version=1.0.0.0, Culture=neutral, PublicKeyToken=null]]'.
2026-04-27 16:30:31.818 +07:00 [INF] Executed action ThucLuc.Api.Controllers.V1.CodesController.GetByCode (ThucLuc.Api) in 8.6779ms
2026-04-27 16:30:31.819 +07:00 [INF] Executed action ThucLuc.Api.Controllers.V1.CodesController.GetByCode (ThucLuc.Api) in 8.0268ms
2026-04-27 16:30:31.819 +07:00 [INF] Executing OkObjectResult, writing value of type 'ThucLuc.Api.Common.Models.ApiResponse`1[[System.Collections.Generic.IReadOnlyCollection`1[[ThucLuc.Application.Features.DonVi.DonViDto, ThucLuc.Application, Version=1.0.0.0, Culture=neutral, PublicKeyToken=null]], System.Private.CoreLib, Version=8.0.0.0, Culture=neutral, PublicKeyToken=7cec85d7bea7798e]]'.
2026-04-27 16:30:31.820 +07:00 [INF] Executed action ThucLuc.Api.Controllers.V1.CodesController.GetByCode (ThucLuc.Api) in 7.5541ms
2026-04-27 16:30:31.821 +07:00 [INF] Executed action ThucLuc.Api.Controllers.V1.CodesController.GetByCode (ThucLuc.Api) in 6.5395ms
2026-04-27 16:30:31.822 +07:00 [INF] Executed action ThucLuc.Api.Controllers.V1.CodesController.GetByCode (ThucLuc.Api) in 6.2074ms
2026-04-27 16:30:31.823 +07:00 [INF] Executed endpoint 'ThucLuc.Api.Controllers.V1.CodesController.GetByCode (ThucLuc.Api)'
2026-04-27 16:30:31.824 +07:00 [INF] Executed endpoint 'ThucLuc.Api.Controllers.V1.CodesController.GetByCode (ThucLuc.Api)'
2026-04-27 16:30:31.826 +07:00 [INF] Executed action ThucLuc.Api.Controllers.V1.DonViController.GetTree (ThucLuc.Api) in 53.9534ms
2026-04-27 16:30:31.827 +07:00 [INF] Executed endpoint 'ThucLuc.Api.Controllers.V1.CodesController.GetByCode (ThucLuc.Api)'
2026-04-27 16:30:31.828 +07:00 [INF] Executed endpoint 'ThucLuc.Api.Controllers.V1.CodesController.GetByCode (ThucLuc.Api)'
2026-04-27 16:30:31.830 +07:00 [INF] Executed endpoint 'ThucLuc.Api.Controllers.V1.CodesController.GetByCode (ThucLuc.Api)'
2026-04-27 16:30:31.831 +07:00 [INF] HTTP GET /api/v1/codes/by-code/CAP_BAC_CONG_AN => 200 in 41.4268 ms CorrelationId=8a9da1e439f34c62b5a45edbe3b54f9f UserId=5001
2026-04-27 16:30:31.832 +07:00 [INF] HTTP GET /api/v1/codes/by-code/GIOI_TINH => 200 in 40.0376 ms CorrelationId=b171b0d0734a45149bf13aeca9a880e5 UserId=5001
2026-04-27 16:30:31.833 +07:00 [INF] Executed endpoint 'ThucLuc.Api.Controllers.V1.DonViController.GetTree (ThucLuc.Api)'
2026-04-27 16:30:31.835 +07:00 [INF] HTTP GET /api/v1/codes/by-code/TRINH_DO_CNTT => 200 in 41.0976 ms CorrelationId=9b51b9b6eac54115a864254ab070be64 UserId=5001
2026-04-27 16:30:31.836 +07:00 [INF] HTTP GET /api/v1/codes/by-code/LOAI_NHAN_LUC => 200 in 39.6165 ms CorrelationId=e6288c6e1f684a79b70a34b2cb8aa5e0 UserId=5001
2026-04-27 16:30:31.837 +07:00 [INF] HTTP GET /api/v1/codes/by-code/TRINH_DO_LLCT => 200 in 38.3046 ms CorrelationId=269a3e1eb28447cd9e9bdf7a64da6a4c UserId=5001
2026-04-27 16:30:31.839 +07:00 [INF] HTTP GET /api/v1/codes/by-code/CAP_BAC_CONG_AN responded 200 in 49.6159 ms
2026-04-27 16:30:31.841 +07:00 [INF] HTTP GET /api/v1/codes/by-code/GIOI_TINH responded 200 in 49.4559 ms
2026-04-27 16:30:31.842 +07:00 [INF] HTTP GET /api/v1/don-vi/tree => 200 in 101.0232 ms CorrelationId=27cfd090e3d74602a0ac5223dd2dddb8 UserId=5001
2026-04-27 16:30:31.844 +07:00 [INF] HTTP GET /api/v1/codes/by-code/TRINH_DO_CNTT responded 200 in 50.4500 ms
2026-04-27 16:30:31.847 +07:00 [INF] HTTP GET /api/v1/codes/by-code/LOAI_NHAN_LUC responded 200 in 50.1751 ms
2026-04-27 16:30:31.849 +07:00 [INF] HTTP GET /api/v1/codes/by-code/TRINH_DO_LLCT responded 200 in 50.3396 ms
2026-04-27 16:30:31.851 +07:00 [INF] Request finished HTTP/1.1 GET http://localhost:5283/api/v1/codes/by-code/CAP_BAC_CONG_AN - 200 null application/json; charset=utf-8 75.8837ms
2026-04-27 16:30:31.852 +07:00 [INF] Request finished HTTP/1.1 GET http://localhost:5283/api/v1/codes/by-code/GIOI_TINH - 200 null application/json; charset=utf-8 73.725ms
2026-04-27 16:30:31.855 +07:00 [INF] HTTP GET /api/v1/don-vi/tree responded 200 in 113.3208 ms
2026-04-27 16:30:31.856 +07:00 [INF] Request finished HTTP/1.1 GET http://localhost:5283/api/v1/codes/by-code/TRINH_DO_CNTT - 200 null application/json; charset=utf-8 74.2072ms
2026-04-27 16:30:31.858 +07:00 [INF] Request finished HTTP/1.1 GET http://localhost:5283/api/v1/codes/by-code/LOAI_NHAN_LUC - 200 null application/json; charset=utf-8 73.4096ms
2026-04-27 16:30:31.860 +07:00 [INF] Request finished HTTP/1.1 GET http://localhost:5283/api/v1/codes/by-code/TRINH_DO_LLCT - 200 null application/json; charset=utf-8 72.7132ms
2026-04-27 16:30:31.869 +07:00 [INF] Request finished HTTP/1.1 GET http://localhost:5283/api/v1/don-vi/tree - 200 null application/json; charset=utf-8 138.4174ms
2026-04-27 16:30:31.882 +07:00 [INF] Request starting HTTP/1.1 OPTIONS http://localhost:5283/api/v1/nhan-luc-cntt?page=1&pageSize=10&namBaoCao=2026 - null null
2026-04-27 16:30:31.884 +07:00 [INF] CORS policy execution successful.
2026-04-27 16:30:31.885 +07:00 [INF] HTTP OPTIONS /api/v1/nhan-luc-cntt => 204 in 0.9743 ms CorrelationId=826538f0c0a04fe092d37c389922d5c7 UserId=anonymous
2026-04-27 16:30:31.887 +07:00 [INF] HTTP OPTIONS /api/v1/nhan-luc-cntt responded 204 in 3.2898 ms
2026-04-27 16:30:31.889 +07:00 [INF] Request finished HTTP/1.1 OPTIONS http://localhost:5283/api/v1/nhan-luc-cntt?page=1&pageSize=10&namBaoCao=2026 - 204 null null 7.4306ms
2026-04-27 16:30:31.892 +07:00 [INF] Request starting HTTP/1.1 GET http://localhost:5283/api/v1/nhan-luc-cntt?page=1&pageSize=10&namBaoCao=2026 - null null
2026-04-27 16:30:31.896 +07:00 [INF] CORS policy execution successful.
2026-04-27 16:30:31.897 +07:00 [INF] Executing endpoint 'ThucLuc.Api.Controllers.V1.NhanLucCnttController.GetAll (ThucLuc.Api)'
2026-04-27 16:30:31.902 +07:00 [INF] Route matched with {action = "GetAll", controller = "NhanLucCntt"}. Executing controller action with signature System.Threading.Tasks.Task`1[Microsoft.AspNetCore.Mvc.ActionResult`1[ThucLuc.Api.Common.Models.ApiResponse`1[ThucLuc.Application.Common.Models.PagedResult`1[ThucLuc.Application.Features.NhanLucCntt.NhanLucCnttDto]]]] GetAll(ThucLuc.Application.Features.NhanLucCntt.NhanLucCnttQuery, System.Threading.CancellationToken) on controller ThucLuc.Api.Controllers.V1.NhanLucCnttController (ThucLuc.Api).
2026-04-27 16:30:31.958 +07:00 [INF] Executing OkObjectResult, writing value of type 'ThucLuc.Api.Common.Models.ApiResponse`1[[ThucLuc.Application.Common.Models.PagedResult`1[[ThucLuc.Application.Features.NhanLucCntt.NhanLucCnttDto, ThucLuc.Application, Version=1.0.0.0, Culture=neutral, PublicKeyToken=null]], ThucLuc.Application, Version=1.0.0.0, Culture=neutral, PublicKeyToken=null]]'.
2026-04-27 16:30:31.966 +07:00 [INF] Executed action ThucLuc.Api.Controllers.V1.NhanLucCnttController.GetAll (ThucLuc.Api) in 61.368ms
2026-04-27 16:30:31.967 +07:00 [INF] Executed endpoint 'ThucLuc.Api.Controllers.V1.NhanLucCnttController.GetAll (ThucLuc.Api)'
2026-04-27 16:30:31.968 +07:00 [INF] HTTP GET /api/v1/nhan-luc-cntt => 200 in 72.5785 ms CorrelationId=64f9b20f4de24d45ba4fd26ff6795936 UserId=5001
2026-04-27 16:30:31.969 +07:00 [INF] HTTP GET /api/v1/nhan-luc-cntt responded 200 in 74.0536 ms
2026-04-27 16:30:31.970 +07:00 [INF] Request finished HTTP/1.1 GET http://localhost:5283/api/v1/nhan-luc-cntt?page=1&pageSize=10&namBaoCao=2026 - 200 null application/json; charset=utf-8 78.1229ms
2026-04-27 16:30:32.622 +07:00 [INF] Request starting HTTP/1.1 OPTIONS http://localhost:5283/api/v1/dao-tao-boi-duong - null null
2026-04-27 16:30:32.625 +07:00 [INF] CORS policy execution successful.
2026-04-27 16:30:32.626 +07:00 [INF] HTTP OPTIONS /api/v1/dao-tao-boi-duong => 204 in 0.9814 ms CorrelationId=f442615834d94879811ed055d5b6ae95 UserId=anonymous
2026-04-27 16:30:32.628 +07:00 [INF] HTTP OPTIONS /api/v1/dao-tao-boi-duong responded 204 in 2.6989 ms
2026-04-27 16:30:32.632 +07:00 [INF] Request finished HTTP/1.1 OPTIONS http://localhost:5283/api/v1/dao-tao-boi-duong - 204 null null 9.5775ms
2026-04-27 16:30:32.636 +07:00 [INF] Request starting HTTP/1.1 GET http://localhost:5283/api/v1/dao-tao-boi-duong - null null
2026-04-27 16:30:32.638 +07:00 [INF] CORS policy execution successful.
2026-04-27 16:30:32.640 +07:00 [INF] Executing endpoint 'ThucLuc.Api.Controllers.V1.DaoTaoBoiDuongController.GetAll (ThucLuc.Api)'
2026-04-27 16:30:32.643 +07:00 [INF] Route matched with {action = "GetAll", controller = "DaoTaoBoiDuong"}. Executing controller action with signature System.Threading.Tasks.Task`1[Microsoft.AspNetCore.Mvc.ActionResult`1[ThucLuc.Api.Common.Models.ApiResponse`1[System.Collections.Generic.IReadOnlyCollection`1[ThucLuc.Application.Features.DaoTaoBoiDuong.DaoTaoBoiDuongDto]]]] GetAll(ThucLuc.Application.Features.DaoTaoBoiDuong.DaoTaoBoiDuongQuery, System.Threading.CancellationToken) on controller ThucLuc.Api.Controllers.V1.DaoTaoBoiDuongController (ThucLuc.Api).
2026-04-27 16:30:32.668 +07:00 [INF] Executing OkObjectResult, writing value of type 'ThucLuc.Api.Common.Models.ApiResponse`1[[System.Collections.Generic.IReadOnlyCollection`1[[ThucLuc.Application.Features.DaoTaoBoiDuong.DaoTaoBoiDuongDto, ThucLuc.Application, Version=1.0.0.0, Culture=neutral, PublicKeyToken=null]], System.Private.CoreLib, Version=8.0.0.0, Culture=neutral, PublicKeyToken=7cec85d7bea7798e]]'.
2026-04-27 16:30:32.674 +07:00 [INF] Executed action ThucLuc.Api.Controllers.V1.DaoTaoBoiDuongController.GetAll (ThucLuc.Api) in 27.1445ms
2026-04-27 16:30:32.676 +07:00 [INF] Executed endpoint 'ThucLuc.Api.Controllers.V1.DaoTaoBoiDuongController.GetAll (ThucLuc.Api)'
2026-04-27 16:30:32.677 +07:00 [INF] HTTP GET /api/v1/dao-tao-boi-duong => 200 in 38.437 ms CorrelationId=41141467e68749c189ced1c9e9e165a2 UserId=5001
2026-04-27 16:30:32.679 +07:00 [INF] HTTP GET /api/v1/dao-tao-boi-duong responded 200 in 40.6950 ms
2026-04-27 16:30:32.681 +07:00 [INF] Request finished HTTP/1.1 GET http://localhost:5283/api/v1/dao-tao-boi-duong - 200 null application/json; charset=utf-8 44.8295ms
2026-04-27 16:30:33.200 +07:00 [INF] Request starting HTTP/1.1 OPTIONS http://localhost:5283/api/v1/codes/by-code/NOI_DUNG_DAO_TAO_HV - null null
2026-04-27 16:30:33.276 +07:00 [INF] CORS policy execution successful.
2026-04-27 16:30:33.276 +07:00 [INF] HTTP OPTIONS /api/v1/codes/by-code/NOI_DUNG_DAO_TAO_HV => 204 in 0.5896 ms CorrelationId=f9129cf834eb40ee8ad3bac17be87f2a UserId=anonymous
2026-04-27 16:30:33.284 +07:00 [INF] HTTP OPTIONS /api/v1/codes/by-code/NOI_DUNG_DAO_TAO_HV responded 204 in 8.2787 ms
2026-04-27 16:30:33.285 +07:00 [INF] Request finished HTTP/1.1 OPTIONS http://localhost:5283/api/v1/codes/by-code/NOI_DUNG_DAO_TAO_HV - 204 null null 85.3417ms
2026-04-27 16:30:33.290 +07:00 [INF] Request starting HTTP/1.1 GET http://localhost:5283/api/v1/codes/by-code/NOI_DUNG_DAO_TAO_HV - null null
2026-04-27 16:30:33.294 +07:00 [INF] CORS policy execution successful.
2026-04-27 16:30:33.296 +07:00 [INF] Executing endpoint 'ThucLuc.Api.Controllers.V1.CodesController.GetByCode (ThucLuc.Api)'
2026-04-27 16:30:33.297 +07:00 [INF] Route matched with {action = "GetByCode", controller = "Codes"}. Executing controller action with signature System.Threading.Tasks.Task`1[Microsoft.AspNetCore.Mvc.ActionResult`1[ThucLuc.Api.Common.Models.ApiResponse`1[ThucLuc.Application.Features.Codes.CodeDto]]] GetByCode(System.String, System.Threading.CancellationToken) on controller ThucLuc.Api.Controllers.V1.CodesController (ThucLuc.Api).
2026-04-27 16:30:33.307 +07:00 [INF] Executing OkObjectResult, writing value of type 'ThucLuc.Api.Common.Models.ApiResponse`1[[ThucLuc.Application.Features.Codes.CodeDto, ThucLuc.Application, Version=1.0.0.0, Culture=neutral, PublicKeyToken=null]]'.
2026-04-27 16:30:33.308 +07:00 [INF] Executed action ThucLuc.Api.Controllers.V1.CodesController.GetByCode (ThucLuc.Api) in 8.9455ms
2026-04-27 16:30:33.310 +07:00 [INF] Executed endpoint 'ThucLuc.Api.Controllers.V1.CodesController.GetByCode (ThucLuc.Api)'
2026-04-27 16:30:33.312 +07:00 [INF] HTTP GET /api/v1/codes/by-code/NOI_DUNG_DAO_TAO_HV => 200 in 17.6924 ms CorrelationId=398d5587957e405bbbf1d0d7bf78b219 UserId=5001
2026-04-27 16:30:33.314 +07:00 [INF] HTTP GET /api/v1/codes/by-code/NOI_DUNG_DAO_TAO_HV responded 200 in 20.3812 ms
2026-04-27 16:30:33.316 +07:00 [INF] Request finished HTTP/1.1 GET http://localhost:5283/api/v1/codes/by-code/NOI_DUNG_DAO_TAO_HV - 200 null application/json; charset=utf-8 26.6061ms
2026-04-27 16:30:33.320 +07:00 [INF] Request starting HTTP/1.1 OPTIONS http://localhost:5283/api/v1/ky-bao-cao - null null
2026-04-27 16:30:33.321 +07:00 [INF] Request starting HTTP/1.1 OPTIONS http://localhost:5283/api/v1/ky-bao-cao/current - null null
2026-04-27 16:30:33.324 +07:00 [INF] CORS policy execution successful.
2026-04-27 16:30:33.327 +07:00 [INF] CORS policy execution successful.
2026-04-27 16:30:33.329 +07:00 [INF] HTTP OPTIONS /api/v1/ky-bao-cao => 204 in 4.5976 ms CorrelationId=730d061302114f0abdf40836a3734e9b UserId=anonymous
2026-04-27 16:30:33.330 +07:00 [INF] HTTP OPTIONS /api/v1/ky-bao-cao/current => 204 in 2.6026 ms CorrelationId=93692ca986854fce8abd0948686d3d46 UserId=anonymous
2026-04-27 16:30:33.332 +07:00 [INF] HTTP OPTIONS /api/v1/ky-bao-cao responded 204 in 7.7510 ms
2026-04-27 16:30:33.334 +07:00 [INF] HTTP OPTIONS /api/v1/ky-bao-cao/current responded 204 in 7.1031 ms
2026-04-27 16:30:33.336 +07:00 [INF] Request finished HTTP/1.1 OPTIONS http://localhost:5283/api/v1/ky-bao-cao - 204 null null 16.4051ms
2026-04-27 16:30:33.338 +07:00 [INF] Request finished HTTP/1.1 OPTIONS http://localhost:5283/api/v1/ky-bao-cao/current - 204 null null 17.5469ms
2026-04-27 16:30:33.342 +07:00 [INF] Request starting HTTP/1.1 GET http://localhost:5283/api/v1/ky-bao-cao - null null
2026-04-27 16:30:33.345 +07:00 [INF] Request starting HTTP/1.1 GET http://localhost:5283/api/v1/ky-bao-cao/current - null null
2026-04-27 16:30:33.348 +07:00 [INF] CORS policy execution successful.
2026-04-27 16:30:33.350 +07:00 [INF] CORS policy execution successful.
2026-04-27 16:30:33.351 +07:00 [INF] Executing endpoint 'ThucLuc.Api.Controllers.V1.KyBaoCaoController.GetAll (ThucLuc.Api)'
2026-04-27 16:30:33.352 +07:00 [INF] Executing endpoint 'ThucLuc.Api.Controllers.V1.KyBaoCaoController.GetCurrent (ThucLuc.Api)'
2026-04-27 16:30:33.353 +07:00 [INF] Route matched with {action = "GetAll", controller = "KyBaoCao"}. Executing controller action with signature System.Threading.Tasks.Task`1[Microsoft.AspNetCore.Mvc.ActionResult`1[ThucLuc.Api.Common.Models.ApiResponse`1[System.Collections.Generic.IReadOnlyCollection`1[ThucLuc.Application.Features.KyBaoCao.KyBaoCaoDto]]]] GetAll(System.Threading.CancellationToken) on controller ThucLuc.Api.Controllers.V1.KyBaoCaoController (ThucLuc.Api).
2026-04-27 16:30:33.355 +07:00 [INF] Route matched with {action = "GetCurrent", controller = "KyBaoCao"}. Executing controller action with signature System.Threading.Tasks.Task`1[Microsoft.AspNetCore.Mvc.ActionResult`1[ThucLuc.Api.Common.Models.ApiResponse`1[ThucLuc.Application.Features.KyBaoCao.KyBaoCaoDto]]] GetCurrent(System.Threading.CancellationToken) on controller ThucLuc.Api.Controllers.V1.KyBaoCaoController (ThucLuc.Api).
2026-04-27 16:30:33.359 +07:00 [INF] Executing OkObjectResult, writing value of type 'ThucLuc.Api.Common.Models.ApiResponse`1[[System.Collections.Generic.IReadOnlyCollection`1[[ThucLuc.Application.Features.KyBaoCao.KyBaoCaoDto, ThucLuc.Application, Version=1.0.0.0, Culture=neutral, PublicKeyToken=null]], System.Private.CoreLib, Version=8.0.0.0, Culture=neutral, PublicKeyToken=7cec85d7bea7798e]]'.
2026-04-27 16:30:33.360 +07:00 [INF] Executing OkObjectResult, writing value of type 'ThucLuc.Api.Common.Models.ApiResponse`1[[ThucLuc.Application.Features.KyBaoCao.KyBaoCaoDto, ThucLuc.Application, Version=1.0.0.0, Culture=neutral, PublicKeyToken=null]]'.
2026-04-27 16:30:33.362 +07:00 [INF] Executed action ThucLuc.Api.Controllers.V1.KyBaoCaoController.GetAll (ThucLuc.Api) in 5.2446ms
2026-04-27 16:30:33.363 +07:00 [INF] Executed action ThucLuc.Api.Controllers.V1.KyBaoCaoController.GetCurrent (ThucLuc.Api) in 4.7874ms
2026-04-27 16:30:33.364 +07:00 [INF] Executed endpoint 'ThucLuc.Api.Controllers.V1.KyBaoCaoController.GetAll (ThucLuc.Api)'
2026-04-27 16:30:33.366 +07:00 [INF] Executed endpoint 'ThucLuc.Api.Controllers.V1.KyBaoCaoController.GetCurrent (ThucLuc.Api)'
2026-04-27 16:30:33.367 +07:00 [INF] HTTP GET /api/v1/ky-bao-cao => 200 in 18.8606 ms CorrelationId=a9fcbd39464144bc917928bbe263a142 UserId=5001
2026-04-27 16:30:33.368 +07:00 [INF] HTTP GET /api/v1/ky-bao-cao/current => 200 in 17.7715 ms CorrelationId=84ac3be09ee3475baca2de4d899d46a9 UserId=5001
2026-04-27 16:30:33.370 +07:00 [INF] HTTP GET /api/v1/ky-bao-cao responded 200 in 22.5600 ms
2026-04-27 16:30:33.373 +07:00 [INF] HTTP GET /api/v1/ky-bao-cao/current responded 200 in 22.2161 ms
2026-04-27 16:30:33.375 +07:00 [INF] Request finished HTTP/1.1 GET http://localhost:5283/api/v1/ky-bao-cao - 200 null application/json; charset=utf-8 32.9554ms
2026-04-27 16:30:33.377 +07:00 [INF] Request finished HTTP/1.1 GET http://localhost:5283/api/v1/ky-bao-cao/current - 200 null application/json; charset=utf-8 31.8038ms
2026-04-27 16:30:33.384 +07:00 [INF] Request starting HTTP/1.1 OPTIONS http://localhost:5283/api/v1/dao-tao-hoc-vien - null null
2026-04-27 16:30:33.386 +07:00 [INF] CORS policy execution successful.
2026-04-27 16:30:33.387 +07:00 [INF] HTTP OPTIONS /api/v1/dao-tao-hoc-vien => 204 in 0.8719 ms CorrelationId=418eb3c9275b426ebc2c67de9aec4ac0 UserId=anonymous
2026-04-27 16:30:33.389 +07:00 [INF] HTTP OPTIONS /api/v1/dao-tao-hoc-vien responded 204 in 3.0675 ms
2026-04-27 16:30:33.391 +07:00 [INF] Request finished HTTP/1.1 OPTIONS http://localhost:5283/api/v1/dao-tao-hoc-vien - 204 null null 7.373ms
2026-04-27 16:30:33.395 +07:00 [INF] Request starting HTTP/1.1 GET http://localhost:5283/api/v1/dao-tao-hoc-vien - null null
2026-04-27 16:30:33.399 +07:00 [INF] CORS policy execution successful.
2026-04-27 16:30:33.400 +07:00 [INF] Executing endpoint 'ThucLuc.Api.Controllers.V1.DaoTaoHocVienController.GetAll (ThucLuc.Api)'
2026-04-27 16:30:33.405 +07:00 [INF] Route matched with {action = "GetAll", controller = "DaoTaoHocVien"}. Executing controller action with signature System.Threading.Tasks.Task`1[Microsoft.AspNetCore.Mvc.ActionResult`1[ThucLuc.Api.Common.Models.ApiResponse`1[System.Collections.Generic.IReadOnlyCollection`1[ThucLuc.Application.Features.DaoTaoHocVien.DaoTaoHocVienDto]]]] GetAll(ThucLuc.Application.Features.DaoTaoHocVien.DaoTaoHocVienQuery, System.Threading.CancellationToken) on controller ThucLuc.Api.Controllers.V1.DaoTaoHocVienController (ThucLuc.Api).
2026-04-27 16:30:33.440 +07:00 [INF] Executing OkObjectResult, writing value of type 'ThucLuc.Api.Common.Models.ApiResponse`1[[System.Collections.Generic.IReadOnlyCollection`1[[ThucLuc.Application.Features.DaoTaoHocVien.DaoTaoHocVienDto, ThucLuc.Application, Version=1.0.0.0, Culture=neutral, PublicKeyToken=null]], System.Private.CoreLib, Version=8.0.0.0, Culture=neutral, PublicKeyToken=7cec85d7bea7798e]]'.
2026-04-27 16:30:33.445 +07:00 [INF] Executed action ThucLuc.Api.Controllers.V1.DaoTaoHocVienController.GetAll (ThucLuc.Api) in 37.8265ms
2026-04-27 16:30:33.446 +07:00 [INF] Executed endpoint 'ThucLuc.Api.Controllers.V1.DaoTaoHocVienController.GetAll (ThucLuc.Api)'
2026-04-27 16:30:33.448 +07:00 [INF] HTTP GET /api/v1/dao-tao-hoc-vien => 200 in 49.0464 ms CorrelationId=0267c062ad6c4eeea18cdc456093c3cc UserId=5001
2026-04-27 16:30:33.450 +07:00 [INF] HTTP GET /api/v1/dao-tao-hoc-vien responded 200 in 51.0247 ms
2026-04-27 16:30:33.451 +07:00 [INF] Request finished HTTP/1.1 GET http://localhost:5283/api/v1/dao-tao-hoc-vien - 200 null application/json; charset=utf-8 55.9415ms
2026-04-27 16:30:33.456 +07:00 [INF] Request starting HTTP/1.1 OPTIONS http://localhost:5283/api/v1/snapshot?kyBaoCaoId=6001 - null null
2026-04-27 16:30:33.460 +07:00 [INF] CORS policy execution successful.
2026-04-27 16:30:33.462 +07:00 [INF] HTTP OPTIONS /api/v1/snapshot => 204 in 1.5766 ms CorrelationId=c70470ecea624810913428dafe724edc UserId=anonymous
2026-04-27 16:30:33.464 +07:00 [INF] HTTP OPTIONS /api/v1/snapshot responded 204 in 4.1850 ms
2026-04-27 16:30:33.466 +07:00 [INF] Request finished HTTP/1.1 OPTIONS http://localhost:5283/api/v1/snapshot?kyBaoCaoId=6001 - 204 null null 10.5761ms
2026-04-27 16:30:33.470 +07:00 [INF] Request starting HTTP/1.1 GET http://localhost:5283/api/v1/snapshot?kyBaoCaoId=6001 - null null
2026-04-27 16:30:33.472 +07:00 [INF] CORS policy execution successful.
2026-04-27 16:30:33.474 +07:00 [INF] Executing endpoint 'ThucLuc.Api.Controllers.V1.BaoCaoSnapshotController.GetByKy (ThucLuc.Api)'
2026-04-27 16:30:33.479 +07:00 [INF] Route matched with {action = "GetByKy", controller = "BaoCaoSnapshot"}. Executing controller action with signature System.Threading.Tasks.Task`1[Microsoft.AspNetCore.Mvc.ActionResult`1[ThucLuc.Api.Common.Models.ApiResponse`1[System.Collections.Generic.IReadOnlyCollection`1[ThucLuc.Application.Features.BaoCaoSnapshot.BaoCaoSnapshotDto]]]] GetByKy(Int64, System.Threading.CancellationToken) on controller ThucLuc.Api.Controllers.V1.BaoCaoSnapshotController (ThucLuc.Api).
2026-04-27 16:30:33.517 +07:00 [INF] Request starting HTTP/1.1 OPTIONS http://localhost:5283/api/v1/codes/by-code/NHOM_NANG_LUC_SO - null null
2026-04-27 16:30:33.521 +07:00 [INF] CORS policy execution successful.
2026-04-27 16:30:33.522 +07:00 [INF] HTTP OPTIONS /api/v1/codes/by-code/NHOM_NANG_LUC_SO => 204 in 0.941 ms CorrelationId=20e69df1e04344a8ba503e6b2d2d1115 UserId=anonymous
2026-04-27 16:30:33.524 +07:00 [INF] HTTP OPTIONS /api/v1/codes/by-code/NHOM_NANG_LUC_SO responded 204 in 3.1317 ms
2026-04-27 16:30:33.525 +07:00 [INF] Request finished HTTP/1.1 OPTIONS http://localhost:5283/api/v1/codes/by-code/NHOM_NANG_LUC_SO - 204 null null 7.8974ms
2026-04-27 16:30:33.529 +07:00 [INF] Request starting HTTP/1.1 GET http://localhost:5283/api/v1/codes/by-code/NHOM_NANG_LUC_SO - null null
2026-04-27 16:30:33.532 +07:00 [INF] CORS policy execution successful.
2026-04-27 16:30:33.533 +07:00 [INF] Executing endpoint 'ThucLuc.Api.Controllers.V1.CodesController.GetByCode (ThucLuc.Api)'
2026-04-27 16:30:33.535 +07:00 [INF] Route matched with {action = "GetByCode", controller = "Codes"}. Executing controller action with signature System.Threading.Tasks.Task`1[Microsoft.AspNetCore.Mvc.ActionResult`1[ThucLuc.Api.Common.Models.ApiResponse`1[ThucLuc.Application.Features.Codes.CodeDto]]] GetByCode(System.String, System.Threading.CancellationToken) on controller ThucLuc.Api.Controllers.V1.CodesController (ThucLuc.Api).
2026-04-27 16:30:33.540 +07:00 [INF] Executing OkObjectResult, writing value of type 'ThucLuc.Api.Common.Models.ApiResponse`1[[ThucLuc.Application.Features.Codes.CodeDto, ThucLuc.Application, Version=1.0.0.0, Culture=neutral, PublicKeyToken=null]]'.
2026-04-27 16:30:33.542 +07:00 [INF] Executed action ThucLuc.Api.Controllers.V1.CodesController.GetByCode (ThucLuc.Api) in 5.4689ms
2026-04-27 16:30:33.543 +07:00 [INF] Executed endpoint 'ThucLuc.Api.Controllers.V1.CodesController.GetByCode (ThucLuc.Api)'
2026-04-27 16:30:33.544 +07:00 [INF] HTTP GET /api/v1/codes/by-code/NHOM_NANG_LUC_SO => 200 in 12.5987 ms CorrelationId=02271dbf737243fcbec47d8012659a46 UserId=5001
2026-04-27 16:30:33.547 +07:00 [INF] HTTP GET /api/v1/codes/by-code/NHOM_NANG_LUC_SO responded 200 in 14.8314 ms
2026-04-27 16:30:33.548 +07:00 [INF] Request finished HTTP/1.1 GET http://localhost:5283/api/v1/codes/by-code/NHOM_NANG_LUC_SO - 200 null application/json; charset=utf-8 19.5339ms
2026-04-27 16:30:33.551 +07:00 [INF] Request starting HTTP/1.1 GET http://localhost:5283/api/v1/ky-bao-cao - null null
2026-04-27 16:30:33.552 +07:00 [INF] Request starting HTTP/1.1 GET http://localhost:5283/api/v1/ky-bao-cao/current - null null
2026-04-27 16:30:33.555 +07:00 [INF] CORS policy execution successful.
2026-04-27 16:30:33.558 +07:00 [INF] CORS policy execution successful.
2026-04-27 16:30:33.559 +07:00 [INF] Executing endpoint 'ThucLuc.Api.Controllers.V1.KyBaoCaoController.GetAll (ThucLuc.Api)'
2026-04-27 16:30:33.559 +07:00 [INF] Executing endpoint 'ThucLuc.Api.Controllers.V1.KyBaoCaoController.GetCurrent (ThucLuc.Api)'
2026-04-27 16:30:33.561 +07:00 [INF] Route matched with {action = "GetAll", controller = "KyBaoCao"}. Executing controller action with signature System.Threading.Tasks.Task`1[Microsoft.AspNetCore.Mvc.ActionResult`1[ThucLuc.Api.Common.Models.ApiResponse`1[System.Collections.Generic.IReadOnlyCollection`1[ThucLuc.Application.Features.KyBaoCao.KyBaoCaoDto]]]] GetAll(System.Threading.CancellationToken) on controller ThucLuc.Api.Controllers.V1.KyBaoCaoController (ThucLuc.Api).
2026-04-27 16:30:33.562 +07:00 [INF] Route matched with {action = "GetCurrent", controller = "KyBaoCao"}. Executing controller action with signature System.Threading.Tasks.Task`1[Microsoft.AspNetCore.Mvc.ActionResult`1[ThucLuc.Api.Common.Models.ApiResponse`1[ThucLuc.Application.Features.KyBaoCao.KyBaoCaoDto]]] GetCurrent(System.Threading.CancellationToken) on controller ThucLuc.Api.Controllers.V1.KyBaoCaoController (ThucLuc.Api).
2026-04-27 16:30:33.567 +07:00 [INF] Executing OkObjectResult, writing value of type 'ThucLuc.Api.Common.Models.ApiResponse`1[[System.Collections.Generic.IReadOnlyCollection`1[[ThucLuc.Application.Features.KyBaoCao.KyBaoCaoDto, ThucLuc.Application, Version=1.0.0.0, Culture=neutral, PublicKeyToken=null]], System.Private.CoreLib, Version=8.0.0.0, Culture=neutral, PublicKeyToken=7cec85d7bea7798e]]'.
2026-04-27 16:30:33.569 +07:00 [INF] Executing OkObjectResult, writing value of type 'ThucLuc.Api.Common.Models.ApiResponse`1[[ThucLuc.Application.Features.KyBaoCao.KyBaoCaoDto, ThucLuc.Application, Version=1.0.0.0, Culture=neutral, PublicKeyToken=null]]'.
2026-04-27 16:30:33.569 +07:00 [INF] Executed action ThucLuc.Api.Controllers.V1.KyBaoCaoController.GetAll (ThucLuc.Api) in 4.4761ms
2026-04-27 16:30:33.570 +07:00 [INF] Executed action ThucLuc.Api.Controllers.V1.KyBaoCaoController.GetCurrent (ThucLuc.Api) in 3.3181ms
2026-04-27 16:30:33.571 +07:00 [INF] Executed endpoint 'ThucLuc.Api.Controllers.V1.KyBaoCaoController.GetAll (ThucLuc.Api)'
2026-04-27 16:30:33.571 +07:00 [INF] Executing OkObjectResult, writing value of type 'ThucLuc.Api.Common.Models.ApiResponse`1[[System.Collections.Generic.IReadOnlyCollection`1[[ThucLuc.Application.Features.BaoCaoSnapshot.BaoCaoSnapshotDto, ThucLuc.Application, Version=1.0.0.0, Culture=neutral, PublicKeyToken=null]], System.Private.CoreLib, Version=8.0.0.0, Culture=neutral, PublicKeyToken=7cec85d7bea7798e]]'.
2026-04-27 16:30:33.572 +07:00 [INF] Executed endpoint 'ThucLuc.Api.Controllers.V1.KyBaoCaoController.GetCurrent (ThucLuc.Api)'
2026-04-27 16:30:33.573 +07:00 [INF] HTTP GET /api/v1/ky-bao-cao => 200 in 17.9172 ms CorrelationId=0ba4b027f7eb4968b87a9faf424593ee UserId=5001
2026-04-27 16:30:33.575 +07:00 [INF] HTTP GET /api/v1/ky-bao-cao/current => 200 in 17.2906 ms CorrelationId=263c8fc43a844905904a7c660c3d0a31 UserId=5001
2026-04-27 16:30:33.577 +07:00 [INF] HTTP GET /api/v1/ky-bao-cao responded 200 in 22.3173 ms
2026-04-27 16:30:33.580 +07:00 [INF] HTTP GET /api/v1/ky-bao-cao/current responded 200 in 21.9854 ms
2026-04-27 16:30:33.580 +07:00 [INF] Executed action ThucLuc.Api.Controllers.V1.BaoCaoSnapshotController.GetByKy (ThucLuc.Api) in 98.5728ms
2026-04-27 16:30:33.582 +07:00 [INF] Request finished HTTP/1.1 GET http://localhost:5283/api/v1/ky-bao-cao - 200 null application/json; charset=utf-8 30.5248ms
2026-04-27 16:30:33.584 +07:00 [INF] Request finished HTTP/1.1 GET http://localhost:5283/api/v1/ky-bao-cao/current - 200 null application/json; charset=utf-8 31.3822ms
2026-04-27 16:30:33.585 +07:00 [INF] Executed endpoint 'ThucLuc.Api.Controllers.V1.BaoCaoSnapshotController.GetByKy (ThucLuc.Api)'
2026-04-27 16:30:33.591 +07:00 [INF] Request starting HTTP/1.1 OPTIONS http://localhost:5283/api/v1/nang-luc-so?kyCode=2026Q1_NHAN_LUC&kyBaoCaoCode=2026Q1_NHAN_LUC&mode=live&nam=2026 - null null
2026-04-27 16:30:33.592 +07:00 [INF] HTTP GET /api/v1/snapshot => 200 in 120.0076 ms CorrelationId=ae78c9517eb64f7fa5f16b230ed1eafb UserId=5001
2026-04-27 16:30:33.595 +07:00 [INF] CORS policy execution successful.
2026-04-27 16:30:33.597 +07:00 [INF] HTTP GET /api/v1/snapshot responded 200 in 124.7702 ms
2026-04-27 16:30:33.598 +07:00 [INF] HTTP OPTIONS /api/v1/nang-luc-so => 204 in 3.0805 ms CorrelationId=141bd86ebf8d48ce8175e92c594b1998 UserId=anonymous
2026-04-27 16:30:33.599 +07:00 [INF] Request finished HTTP/1.1 GET http://localhost:5283/api/v1/snapshot?kyBaoCaoId=6001 - 200 null application/json; charset=utf-8 129.8583ms
2026-04-27 16:30:33.602 +07:00 [INF] HTTP OPTIONS /api/v1/nang-luc-so responded 204 in 6.9933 ms
2026-04-27 16:30:33.606 +07:00 [INF] Request finished HTTP/1.1 OPTIONS http://localhost:5283/api/v1/nang-luc-so?kyCode=2026Q1_NHAN_LUC&kyBaoCaoCode=2026Q1_NHAN_LUC&mode=live&nam=2026 - 204 null null 14.995ms
2026-04-27 16:30:33.609 +07:00 [INF] Request starting HTTP/1.1 GET http://localhost:5283/api/v1/nang-luc-so?kyCode=2026Q1_NHAN_LUC&kyBaoCaoCode=2026Q1_NHAN_LUC&mode=live&nam=2026 - null null
2026-04-27 16:30:33.612 +07:00 [INF] CORS policy execution successful.
2026-04-27 16:30:33.613 +07:00 [INF] Executing endpoint 'ThucLuc.Api.Controllers.V1.NangLucSoController.GetAll (ThucLuc.Api)'
2026-04-27 16:30:33.618 +07:00 [INF] Route matched with {action = "GetAll", controller = "NangLucSo"}. Executing controller action with signature System.Threading.Tasks.Task`1[Microsoft.AspNetCore.Mvc.ActionResult`1[ThucLuc.Api.Common.Models.ApiResponse`1[System.Collections.Generic.IReadOnlyCollection`1[ThucLuc.Application.Features.NangLucSo.NangLucSoDto]]]] GetAll(ThucLuc.Application.Features.NangLucSo.NangLucSoQuery, System.Threading.CancellationToken) on controller ThucLuc.Api.Controllers.V1.NangLucSoController (ThucLuc.Api).
2026-04-27 16:30:33.638 +07:00 [INF] Executing OkObjectResult, writing value of type 'ThucLuc.Api.Common.Models.ApiResponse`1[[System.Collections.Generic.IReadOnlyCollection`1[[ThucLuc.Application.Features.NangLucSo.NangLucSoDto, ThucLuc.Application, Version=1.0.0.0, Culture=neutral, PublicKeyToken=null]], System.Private.CoreLib, Version=8.0.0.0, Culture=neutral, PublicKeyToken=7cec85d7bea7798e]]'.
2026-04-27 16:30:33.640 +07:00 [INF] Executed action ThucLuc.Api.Controllers.V1.NangLucSoController.GetAll (ThucLuc.Api) in 19.6775ms
2026-04-27 16:30:33.642 +07:00 [INF] Executed endpoint 'ThucLuc.Api.Controllers.V1.NangLucSoController.GetAll (ThucLuc.Api)'
2026-04-27 16:30:33.643 +07:00 [INF] HTTP GET /api/v1/nang-luc-so => 200 in 30.8899 ms CorrelationId=53f74220edc542be86ef4f9f4e8db210 UserId=5001
2026-04-27 16:30:33.645 +07:00 [INF] HTTP GET /api/v1/nang-luc-so responded 200 in 33.0278 ms
2026-04-27 16:30:33.647 +07:00 [INF] Request finished HTTP/1.1 GET http://localhost:5283/api/v1/nang-luc-so?kyCode=2026Q1_NHAN_LUC&kyBaoCaoCode=2026Q1_NHAN_LUC&mode=live&nam=2026 - 200 null application/json; charset=utf-8 37.7503ms
2026-04-27 16:30:34.438 +07:00 [INF] Request starting HTTP/1.1 OPTIONS http://localhost:5283/api/v1/permissions - null null
2026-04-27 16:30:34.440 +07:00 [INF] CORS policy execution successful.
2026-04-27 16:30:34.441 +07:00 [INF] HTTP OPTIONS /api/v1/permissions => 204 in 0.979 ms CorrelationId=4e4fc78d0cf64098b80ea570d86fb9a0 UserId=anonymous
2026-04-27 16:30:34.447 +07:00 [INF] HTTP OPTIONS /api/v1/permissions responded 204 in 6.7856 ms
2026-04-27 16:30:34.451 +07:00 [INF] Request finished HTTP/1.1 OPTIONS http://localhost:5283/api/v1/permissions - 204 null null 13.3406ms
2026-04-27 16:30:34.455 +07:00 [INF] Request starting HTTP/1.1 GET http://localhost:5283/api/v1/permissions - null null
2026-04-27 16:30:34.459 +07:00 [INF] CORS policy execution successful.
2026-04-27 16:30:34.462 +07:00 [INF] Executing endpoint 'ThucLuc.Api.Controllers.V1.PermissionsController.GetAll (ThucLuc.Api)'
2026-04-27 16:30:34.467 +07:00 [INF] Route matched with {action = "GetAll", controller = "Permissions"}. Executing controller action with signature System.Threading.Tasks.Task`1[Microsoft.AspNetCore.Mvc.ActionResult`1[ThucLuc.Api.Common.Models.ApiResponse`1[System.Collections.Generic.IReadOnlyCollection`1[ThucLuc.Api.Controllers.V1.PermissionItemDto]]]] GetAll(System.Threading.CancellationToken) on controller ThucLuc.Api.Controllers.V1.PermissionsController (ThucLuc.Api).
2026-04-27 16:30:34.479 +07:00 [INF] Executing OkObjectResult, writing value of type 'ThucLuc.Api.Common.Models.ApiResponse`1[[System.Collections.Generic.IReadOnlyCollection`1[[ThucLuc.Api.Controllers.V1.PermissionItemDto, ThucLuc.Api, Version=1.0.0.0, Culture=neutral, PublicKeyToken=null]], System.Private.CoreLib, Version=8.0.0.0, Culture=neutral, PublicKeyToken=7cec85d7bea7798e]]'.
2026-04-27 16:30:34.483 +07:00 [INF] Executed action ThucLuc.Api.Controllers.V1.PermissionsController.GetAll (ThucLuc.Api) in 13.2634ms
2026-04-27 16:30:34.484 +07:00 [INF] Executed endpoint 'ThucLuc.Api.Controllers.V1.PermissionsController.GetAll (ThucLuc.Api)'
2026-04-27 16:30:34.485 +07:00 [INF] HTTP GET /api/v1/permissions => 200 in 26.1728 ms CorrelationId=10abb9cd59fc449a9d3a17533a00a76f UserId=5001
2026-04-27 16:30:34.487 +07:00 [INF] HTTP GET /api/v1/permissions responded 200 in 28.2043 ms
2026-04-27 16:30:34.488 +07:00 [INF] Request finished HTTP/1.1 GET http://localhost:5283/api/v1/permissions - 200 null application/json; charset=utf-8 32.9471ms
2026-04-27 16:30:35.524 +07:00 [INF] Request starting HTTP/1.1 OPTIONS http://localhost:5283/api/v1/roles - null null
2026-04-27 16:30:35.530 +07:00 [INF] CORS policy execution successful.
2026-04-27 16:30:35.531 +07:00 [INF] HTTP OPTIONS /api/v1/roles => 204 in 1.3272 ms CorrelationId=f8f04fe7e61141c8b9ec945f4d618583 UserId=anonymous
2026-04-27 16:30:35.534 +07:00 [INF] HTTP OPTIONS /api/v1/roles responded 204 in 3.6892 ms
2026-04-27 16:30:35.537 +07:00 [INF] Request finished HTTP/1.1 OPTIONS http://localhost:5283/api/v1/roles - 204 null null 12.2077ms
2026-04-27 16:30:35.539 +07:00 [INF] Request starting HTTP/1.1 GET http://localhost:5283/api/v1/roles - null null
2026-04-27 16:30:35.541 +07:00 [INF] CORS policy execution successful.
2026-04-27 16:30:35.542 +07:00 [INF] Executing endpoint 'ThucLuc.Api.Controllers.V1.RolesController.GetAll (ThucLuc.Api)'
2026-04-27 16:30:35.547 +07:00 [INF] Route matched with {action = "GetAll", controller = "Roles"}. Executing controller action with signature System.Threading.Tasks.Task`1[Microsoft.AspNetCore.Mvc.ActionResult`1[ThucLuc.Api.Common.Models.ApiResponse`1[System.Collections.Generic.IReadOnlyCollection`1[ThucLuc.Application.Features.Roles.RoleDto]]]] GetAll(System.Threading.CancellationToken) on controller ThucLuc.Api.Controllers.V1.RolesController (ThucLuc.Api).
2026-04-27 16:30:35.569 +07:00 [INF] Executing OkObjectResult, writing value of type 'ThucLuc.Api.Common.Models.ApiResponse`1[[System.Collections.Generic.IReadOnlyCollection`1[[ThucLuc.Application.Features.Roles.RoleDto, ThucLuc.Application, Version=1.0.0.0, Culture=neutral, PublicKeyToken=null]], System.Private.CoreLib, Version=8.0.0.0, Culture=neutral, PublicKeyToken=7cec85d7bea7798e]]'.
2026-04-27 16:30:35.571 +07:00 [INF] Executed action ThucLuc.Api.Controllers.V1.RolesController.GetAll (ThucLuc.Api) in 22.5921ms
2026-04-27 16:30:35.572 +07:00 [INF] Executed endpoint 'ThucLuc.Api.Controllers.V1.RolesController.GetAll (ThucLuc.Api)'
2026-04-27 16:30:35.575 +07:00 [INF] HTTP GET /api/v1/roles => 200 in 33.3422 ms CorrelationId=786f5b7c3e484d83b2da093ab3e45240 UserId=5001
2026-04-27 16:30:35.578 +07:00 [INF] HTTP GET /api/v1/roles responded 200 in 36.7807 ms
2026-04-27 16:30:35.580 +07:00 [INF] Request finished HTTP/1.1 GET http://localhost:5283/api/v1/roles - 200 null application/json; charset=utf-8 40.7346ms
2026-04-27 16:30:36.111 +07:00 [INF] Request starting HTTP/1.1 OPTIONS http://localhost:5283/api/v1/users - null null
2026-04-27 16:30:36.111 +07:00 [INF] Request starting HTTP/1.1 OPTIONS http://localhost:5283/api/v1/don-vi - null null
2026-04-27 16:30:36.114 +07:00 [INF] CORS policy execution successful.
2026-04-27 16:30:36.118 +07:00 [INF] CORS policy execution successful.
2026-04-27 16:30:36.119 +07:00 [INF] HTTP OPTIONS /api/v1/users => 204 in 4.8421 ms CorrelationId=cf1cda0aed174c1a9b75be42d98a7a28 UserId=anonymous
2026-04-27 16:30:36.123 +07:00 [INF] HTTP OPTIONS /api/v1/users responded 204 in 8.7370 ms
2026-04-27 16:30:36.120 +07:00 [INF] HTTP OPTIONS /api/v1/don-vi => 204 in 2.0083 ms CorrelationId=3279107f7aaa42c49fe7181e13522dc1 UserId=anonymous
2026-04-27 16:30:36.126 +07:00 [INF] Request finished HTTP/1.1 OPTIONS http://localhost:5283/api/v1/users - 204 null null 14.889ms
2026-04-27 16:30:36.131 +07:00 [INF] HTTP OPTIONS /api/v1/don-vi responded 204 in 12.4200 ms
2026-04-27 16:30:36.134 +07:00 [INF] Request starting HTTP/1.1 GET http://localhost:5283/api/v1/users - null null
2026-04-27 16:30:36.136 +07:00 [INF] Request finished HTTP/1.1 OPTIONS http://localhost:5283/api/v1/don-vi - 204 null null 24.2947ms
2026-04-27 16:30:36.138 +07:00 [INF] CORS policy execution successful.
2026-04-27 16:30:36.142 +07:00 [INF] Request starting HTTP/1.1 GET http://localhost:5283/api/v1/don-vi - null null
2026-04-27 16:30:36.144 +07:00 [INF] Executing endpoint 'ThucLuc.Api.Controllers.V1.UsersController.GetAll (ThucLuc.Api)'
2026-04-27 16:30:36.146 +07:00 [INF] CORS policy execution successful.
2026-04-27 16:30:36.148 +07:00 [INF] Executing endpoint 'ThucLuc.Api.Controllers.V1.DonViController.GetList (ThucLuc.Api)'
2026-04-27 16:30:36.150 +07:00 [INF] Route matched with {action = "GetAll", controller = "Users"}. Executing controller action with signature System.Threading.Tasks.Task`1[Microsoft.AspNetCore.Mvc.ActionResult`1[ThucLuc.Api.Common.Models.ApiResponse`1[System.Collections.Generic.IReadOnlyCollection`1[ThucLuc.Application.Features.Users.UserDto]]]] GetAll(System.Threading.CancellationToken) on controller ThucLuc.Api.Controllers.V1.UsersController (ThucLuc.Api).
2026-04-27 16:30:36.151 +07:00 [INF] Route matched with {action = "GetList", controller = "DonVi"}. Executing controller action with signature System.Threading.Tasks.Task`1[Microsoft.AspNetCore.Mvc.ActionResult`1[ThucLuc.Api.Common.Models.ApiResponse`1[System.Collections.Generic.IReadOnlyCollection`1[ThucLuc.Application.Features.DonVi.DonViDto]]]] GetList(System.Threading.CancellationToken) on controller ThucLuc.Api.Controllers.V1.DonViController (ThucLuc.Api).
2026-04-27 16:30:36.157 +07:00 [INF] Executing OkObjectResult, writing value of type 'ThucLuc.Api.Common.Models.ApiResponse`1[[System.Collections.Generic.IReadOnlyCollection`1[[ThucLuc.Application.Features.DonVi.DonViDto, ThucLuc.Application, Version=1.0.0.0, Culture=neutral, PublicKeyToken=null]], System.Private.CoreLib, Version=8.0.0.0, Culture=neutral, PublicKeyToken=7cec85d7bea7798e]]'.
2026-04-27 16:30:36.158 +07:00 [INF] Executed action ThucLuc.Api.Controllers.V1.DonViController.GetList (ThucLuc.Api) in 5.4081ms
2026-04-27 16:30:36.159 +07:00 [INF] Executed endpoint 'ThucLuc.Api.Controllers.V1.DonViController.GetList (ThucLuc.Api)'
2026-04-27 16:30:36.160 +07:00 [INF] Executing OkObjectResult, writing value of type 'ThucLuc.Api.Common.Models.ApiResponse`1[[System.Collections.Generic.IReadOnlyCollection`1[[ThucLuc.Application.Features.Users.UserDto, ThucLuc.Application, Version=1.0.0.0, Culture=neutral, PublicKeyToken=null]], System.Private.CoreLib, Version=8.0.0.0, Culture=neutral, PublicKeyToken=7cec85d7bea7798e]]'.
2026-04-27 16:30:36.161 +07:00 [INF] HTTP GET /api/v1/don-vi => 200 in 14.7083 ms CorrelationId=942baea92e3746b49512d8fc8062ac76 UserId=5001
2026-04-27 16:30:36.164 +07:00 [INF] HTTP GET /api/v1/don-vi responded 200 in 18.3613 ms
2026-04-27 16:30:36.164 +07:00 [INF] Executed action ThucLuc.Api.Controllers.V1.UsersController.GetAll (ThucLuc.Api) in 13.1218ms
2026-04-27 16:30:36.166 +07:00 [INF] Request finished HTTP/1.1 GET http://localhost:5283/api/v1/don-vi - 200 null application/json; charset=utf-8 23.839ms
2026-04-27 16:30:36.167 +07:00 [INF] Executed endpoint 'ThucLuc.Api.Controllers.V1.UsersController.GetAll (ThucLuc.Api)'
2026-04-27 16:30:36.171 +07:00 [INF] HTTP GET /api/v1/users => 200 in 32.8697 ms CorrelationId=b6edacc0bc8a4e44bd06b4cb9c7057ca UserId=5001
2026-04-27 16:30:36.173 +07:00 [INF] HTTP GET /api/v1/users responded 200 in 34.5123 ms
2026-04-27 16:30:36.174 +07:00 [INF] Request finished HTTP/1.1 GET http://localhost:5283/api/v1/users - 200 null application/json; charset=utf-8 40.3018ms
2026-04-27 16:30:36.178 +07:00 [INF] Request starting HTTP/1.1 GET http://localhost:5283/api/v1/roles - null null
2026-04-27 16:30:36.183 +07:00 [INF] CORS policy execution successful.
2026-04-27 16:30:36.184 +07:00 [INF] Executing endpoint 'ThucLuc.Api.Controllers.V1.RolesController.GetAll (ThucLuc.Api)'
2026-04-27 16:30:36.185 +07:00 [INF] Route matched with {action = "GetAll", controller = "Roles"}. Executing controller action with signature System.Threading.Tasks.Task`1[Microsoft.AspNetCore.Mvc.ActionResult`1[ThucLuc.Api.Common.Models.ApiResponse`1[System.Collections.Generic.IReadOnlyCollection`1[ThucLuc.Application.Features.Roles.RoleDto]]]] GetAll(System.Threading.CancellationToken) on controller ThucLuc.Api.Controllers.V1.RolesController (ThucLuc.Api).
2026-04-27 16:30:36.196 +07:00 [INF] Executing OkObjectResult, writing value of type 'ThucLuc.Api.Common.Models.ApiResponse`1[[System.Collections.Generic.IReadOnlyCollection`1[[ThucLuc.Application.Features.Roles.RoleDto, ThucLuc.Application, Version=1.0.0.0, Culture=neutral, PublicKeyToken=null]], System.Private.CoreLib, Version=8.0.0.0, Culture=neutral, PublicKeyToken=7cec85d7bea7798e]]'.
2026-04-27 16:30:36.198 +07:00 [INF] Executed action ThucLuc.Api.Controllers.V1.RolesController.GetAll (ThucLuc.Api) in 10.5044ms
2026-04-27 16:30:36.199 +07:00 [INF] Executed endpoint 'ThucLuc.Api.Controllers.V1.RolesController.GetAll (ThucLuc.Api)'
2026-04-27 16:30:36.200 +07:00 [INF] HTTP GET /api/v1/roles => 200 in 17.5591 ms CorrelationId=cd282778803e42c0b80ba5c9a07ec75e UserId=5001
2026-04-27 16:30:36.201 +07:00 [INF] HTTP GET /api/v1/roles responded 200 in 18.6582 ms
2026-04-27 16:30:36.202 +07:00 [INF] Request finished HTTP/1.1 GET http://localhost:5283/api/v1/roles - 200 null application/json; charset=utf-8 24.643ms
2026-04-27 16:30:36.205 +07:00 [INF] Request starting HTTP/1.1 OPTIONS http://localhost:5283/api/v1/phan-quyen/user-roles - null null
2026-04-27 16:30:36.207 +07:00 [INF] CORS policy execution successful.
2026-04-27 16:30:36.208 +07:00 [INF] HTTP OPTIONS /api/v1/phan-quyen/user-roles => 204 in 0.6474 ms CorrelationId=8768f27664cf424e8af3b461607453e9 UserId=anonymous
2026-04-27 16:30:36.210 +07:00 [INF] HTTP OPTIONS /api/v1/phan-quyen/user-roles responded 204 in 2.3318 ms
2026-04-27 16:30:36.212 +07:00 [INF] Request finished HTTP/1.1 OPTIONS http://localhost:5283/api/v1/phan-quyen/user-roles - 204 null null 6.7598ms
2026-04-27 16:30:36.215 +07:00 [INF] Request starting HTTP/1.1 GET http://localhost:5283/api/v1/phan-quyen/user-roles - null null
2026-04-27 16:30:36.218 +07:00 [INF] CORS policy execution successful.
2026-04-27 16:30:36.219 +07:00 [INF] Executing endpoint 'ThucLuc.Api.Controllers.V1.PhanQuyenController.GetUserRoleMappings (ThucLuc.Api)'
2026-04-27 16:30:36.222 +07:00 [INF] Route matched with {action = "GetUserRoleMappings", controller = "PhanQuyen"}. Executing controller action with signature System.Threading.Tasks.Task`1[Microsoft.AspNetCore.Mvc.ActionResult`1[ThucLuc.Api.Common.Models.ApiResponse`1[System.Collections.Generic.IReadOnlyCollection`1[ThucLuc.Api.Controllers.V1.UserRoleMappingDto]]]] GetUserRoleMappings(System.Nullable`1[System.Int64], System.Threading.CancellationToken) on controller ThucLuc.Api.Controllers.V1.PhanQuyenController (ThucLuc.Api).
2026-04-27 16:30:36.244 +07:00 [INF] Executing OkObjectResult, writing value of type 'ThucLuc.Api.Common.Models.ApiResponse`1[[System.Collections.Generic.IReadOnlyCollection`1[[ThucLuc.Api.Controllers.V1.UserRoleMappingDto, ThucLuc.Api, Version=1.0.0.0, Culture=neutral, PublicKeyToken=null]], System.Private.CoreLib, Version=8.0.0.0, Culture=neutral, PublicKeyToken=7cec85d7bea7798e]]'.
2026-04-27 16:30:36.248 +07:00 [INF] Executed action ThucLuc.Api.Controllers.V1.PhanQuyenController.GetUserRoleMappings (ThucLuc.Api) in 24.3335ms
2026-04-27 16:30:36.250 +07:00 [INF] Executed endpoint 'ThucLuc.Api.Controllers.V1.PhanQuyenController.GetUserRoleMappings (ThucLuc.Api)'
2026-04-27 16:30:36.250 +07:00 [INF] HTTP GET /api/v1/phan-quyen/user-roles => 200 in 32.6097 ms CorrelationId=d276f02be0b945ce9114236300dde1f5 UserId=5001
2026-04-27 16:30:36.252 +07:00 [INF] HTTP GET /api/v1/phan-quyen/user-roles responded 200 in 34.0049 ms
2026-04-27 16:30:36.253 +07:00 [INF] Request finished HTTP/1.1 GET http://localhost:5283/api/v1/phan-quyen/user-roles - 200 null application/json; charset=utf-8 37.4788ms
2026-04-27 17:26:59.169 +07:00 [INF] Request starting HTTP/1.1 OPTIONS http://localhost:5283/api/v1/don-vi/2001 - null null
2026-04-27 17:26:59.172 +07:00 [INF] CORS policy execution successful.
2026-04-27 17:26:59.174 +07:00 [INF] HTTP OPTIONS /api/v1/don-vi/2001 => 204 in 1.3696 ms CorrelationId=873b62748766433abdcdcf1148aeae57 UserId=anonymous
2026-04-27 17:26:59.177 +07:00 [INF] HTTP OPTIONS /api/v1/don-vi/2001 responded 204 in 4.4262 ms
2026-04-27 17:26:59.179 +07:00 [INF] Request finished HTTP/1.1 OPTIONS http://localhost:5283/api/v1/don-vi/2001 - 204 null null 9.7769ms
2026-04-27 17:26:59.184 +07:00 [INF] Request starting HTTP/1.1 GET http://localhost:5283/api/v1/don-vi/2001 - null null
2026-04-27 17:26:59.188 +07:00 [INF] CORS policy execution successful.
2026-04-27 17:26:59.190 +07:00 [INF] Executing endpoint 'ThucLuc.Api.Controllers.V1.DonViController.GetById (ThucLuc.Api)'
2026-04-27 17:26:59.191 +07:00 [INF] Route matched with {action = "GetById", controller = "DonVi"}. Executing controller action with signature System.Threading.Tasks.Task`1[Microsoft.AspNetCore.Mvc.ActionResult`1[ThucLuc.Api.Common.Models.ApiResponse`1[ThucLuc.Application.Features.DonVi.DonViDto]]] GetById(Int64, System.Threading.CancellationToken) on controller ThucLuc.Api.Controllers.V1.DonViController (ThucLuc.Api).
2026-04-27 17:26:59.201 +07:00 [INF] Request starting HTTP/1.1 OPTIONS http://localhost:5283/api/v1/users - null null
2026-04-27 17:26:59.202 +07:00 [INF] Request starting HTTP/1.1 OPTIONS http://localhost:5283/api/v1/don-vi - null null
2026-04-27 17:26:59.204 +07:00 [INF] CORS policy execution successful.
2026-04-27 17:26:59.207 +07:00 [INF] CORS policy execution successful.
2026-04-27 17:26:59.207 +07:00 [INF] HTTP OPTIONS /api/v1/users => 204 in 3.5728 ms CorrelationId=0af32e0cab7143d5a1e358d2fd8aebcf UserId=anonymous
2026-04-27 17:26:59.208 +07:00 [INF] HTTP OPTIONS /api/v1/don-vi => 204 in 1.0278 ms CorrelationId=68f6050cf22648f7ba867001bcdc3c7f UserId=anonymous
2026-04-27 17:26:59.210 +07:00 [INF] HTTP OPTIONS /api/v1/users responded 204 in 6.0549 ms
2026-04-27 17:26:59.212 +07:00 [INF] HTTP OPTIONS /api/v1/don-vi responded 204 in 5.7742 ms
2026-04-27 17:26:59.214 +07:00 [INF] Request finished HTTP/1.1 OPTIONS http://localhost:5283/api/v1/users - 204 null null 13.0746ms
2026-04-27 17:26:59.217 +07:00 [INF] Request finished HTTP/1.1 OPTIONS http://localhost:5283/api/v1/don-vi - 204 null null 15.0046ms
2026-04-27 17:26:59.220 +07:00 [INF] Request starting HTTP/1.1 GET http://localhost:5283/api/v1/users - null null
2026-04-27 17:26:59.222 +07:00 [INF] Request starting HTTP/1.1 GET http://localhost:5283/api/v1/don-vi - null null
2026-04-27 17:26:59.245 +07:00 [INF] Executing OkObjectResult, writing value of type 'ThucLuc.Api.Common.Models.ApiResponse`1[[ThucLuc.Application.Features.DonVi.DonViDto, ThucLuc.Application, Version=1.0.0.0, Culture=neutral, PublicKeyToken=null]]'.
2026-04-27 17:26:59.261 +07:00 [INF] CORS policy execution successful.
2026-04-27 17:26:59.267 +07:00 [INF] CORS policy execution successful.
2026-04-27 17:26:59.275 +07:00 [INF] Executed action ThucLuc.Api.Controllers.V1.DonViController.GetById (ThucLuc.Api) in 82.0867ms
2026-04-27 17:26:59.276 +07:00 [INF] Executing endpoint 'ThucLuc.Api.Controllers.V1.UsersController.GetAll (ThucLuc.Api)'
2026-04-27 17:26:59.277 +07:00 [INF] Executing endpoint 'ThucLuc.Api.Controllers.V1.DonViController.GetList (ThucLuc.Api)'
2026-04-27 17:26:59.278 +07:00 [INF] Executed endpoint 'ThucLuc.Api.Controllers.V1.DonViController.GetById (ThucLuc.Api)'
2026-04-27 17:26:59.279 +07:00 [INF] Route matched with {action = "GetAll", controller = "Users"}. Executing controller action with signature System.Threading.Tasks.Task`1[Microsoft.AspNetCore.Mvc.ActionResult`1[ThucLuc.Api.Common.Models.ApiResponse`1[System.Collections.Generic.IReadOnlyCollection`1[ThucLuc.Application.Features.Users.UserDto]]]] GetAll(System.Threading.CancellationToken) on controller ThucLuc.Api.Controllers.V1.UsersController (ThucLuc.Api).
2026-04-27 17:26:59.280 +07:00 [INF] Route matched with {action = "GetList", controller = "DonVi"}. Executing controller action with signature System.Threading.Tasks.Task`1[Microsoft.AspNetCore.Mvc.ActionResult`1[ThucLuc.Api.Common.Models.ApiResponse`1[System.Collections.Generic.IReadOnlyCollection`1[ThucLuc.Application.Features.DonVi.DonViDto]]]] GetList(System.Threading.CancellationToken) on controller ThucLuc.Api.Controllers.V1.DonViController (ThucLuc.Api).
2026-04-27 17:26:59.281 +07:00 [INF] HTTP GET /api/v1/don-vi/2001 => 200 in 93.0137 ms CorrelationId=a71f8357a6544575b9f38bc6463bf5cf UserId=5001
2026-04-27 17:26:59.286 +07:00 [INF] Executing OkObjectResult, writing value of type 'ThucLuc.Api.Common.Models.ApiResponse`1[[System.Collections.Generic.IReadOnlyCollection`1[[ThucLuc.Application.Features.Users.UserDto, ThucLuc.Application, Version=1.0.0.0, Culture=neutral, PublicKeyToken=null]], System.Private.CoreLib, Version=8.0.0.0, Culture=neutral, PublicKeyToken=7cec85d7bea7798e]]'.
2026-04-27 17:26:59.287 +07:00 [INF] HTTP GET /api/v1/don-vi/2001 responded 200 in 99.0238 ms
2026-04-27 17:26:59.288 +07:00 [INF] Executed action ThucLuc.Api.Controllers.V1.UsersController.GetAll (ThucLuc.Api) in 5.6678ms
2026-04-27 17:26:59.290 +07:00 [INF] Request finished HTTP/1.1 GET http://localhost:5283/api/v1/don-vi/2001 - 200 null application/json; charset=utf-8 106.231ms
2026-04-27 17:26:59.295 +07:00 [INF] Executed endpoint 'ThucLuc.Api.Controllers.V1.UsersController.GetAll (ThucLuc.Api)'
2026-04-27 17:26:59.300 +07:00 [INF] HTTP GET /api/v1/users => 200 in 38.7879 ms CorrelationId=164ea144a5c4459ab41de645ea8eaf42 UserId=5001
2026-04-27 17:26:59.302 +07:00 [INF] HTTP GET /api/v1/users responded 200 in 40.7541 ms
2026-04-27 17:26:59.303 +07:00 [INF] Request finished HTTP/1.1 GET http://localhost:5283/api/v1/users - 200 null application/json; charset=utf-8 83.135ms
2026-04-27 17:26:59.386 +07:00 [INF] Executing OkObjectResult, writing value of type 'ThucLuc.Api.Common.Models.ApiResponse`1[[System.Collections.Generic.IReadOnlyCollection`1[[ThucLuc.Application.Features.DonVi.DonViDto, ThucLuc.Application, Version=1.0.0.0, Culture=neutral, PublicKeyToken=null]], System.Private.CoreLib, Version=8.0.0.0, Culture=neutral, PublicKeyToken=7cec85d7bea7798e]]'.
2026-04-27 17:26:59.388 +07:00 [INF] Executed action ThucLuc.Api.Controllers.V1.DonViController.GetList (ThucLuc.Api) in 103.4148ms
2026-04-27 17:26:59.390 +07:00 [INF] Executed endpoint 'ThucLuc.Api.Controllers.V1.DonViController.GetList (ThucLuc.Api)'
2026-04-27 17:26:59.390 +07:00 [INF] HTTP GET /api/v1/don-vi => 200 in 123.224 ms CorrelationId=e7bd0161d16a420b8300d834e6b111bf UserId=5001
2026-04-27 17:26:59.391 +07:00 [INF] HTTP GET /api/v1/don-vi responded 200 in 124.3468 ms
2026-04-27 17:26:59.392 +07:00 [INF] Request finished HTTP/1.1 GET http://localhost:5283/api/v1/don-vi - 200 null application/json; charset=utf-8 169.8791ms
2026-04-27 17:26:59.432 +07:00 [INF] Request starting HTTP/1.1 OPTIONS http://localhost:5283/api/v1/roles - null null
2026-04-27 17:26:59.434 +07:00 [INF] CORS policy execution successful.
2026-04-27 17:26:59.434 +07:00 [INF] HTTP OPTIONS /api/v1/roles => 204 in 0.4589 ms CorrelationId=305512bdf4fe4164a25552eeb2c11fcd UserId=anonymous
2026-04-27 17:26:59.435 +07:00 [INF] HTTP OPTIONS /api/v1/roles responded 204 in 1.6603 ms
2026-04-27 17:26:59.436 +07:00 [INF] Request finished HTTP/1.1 OPTIONS http://localhost:5283/api/v1/roles - 204 null null 4.0885ms
2026-04-27 17:26:59.440 +07:00 [INF] Request starting HTTP/1.1 GET http://localhost:5283/api/v1/roles - null null
2026-04-27 17:26:59.441 +07:00 [INF] CORS policy execution successful.
2026-04-27 17:26:59.442 +07:00 [INF] Executing endpoint 'ThucLuc.Api.Controllers.V1.RolesController.GetAll (ThucLuc.Api)'
2026-04-27 17:26:59.443 +07:00 [INF] Route matched with {action = "GetAll", controller = "Roles"}. Executing controller action with signature System.Threading.Tasks.Task`1[Microsoft.AspNetCore.Mvc.ActionResult`1[ThucLuc.Api.Common.Models.ApiResponse`1[System.Collections.Generic.IReadOnlyCollection`1[ThucLuc.Application.Features.Roles.RoleDto]]]] GetAll(System.Threading.CancellationToken) on controller ThucLuc.Api.Controllers.V1.RolesController (ThucLuc.Api).
2026-04-27 17:26:59.452 +07:00 [INF] Executing OkObjectResult, writing value of type 'ThucLuc.Api.Common.Models.ApiResponse`1[[System.Collections.Generic.IReadOnlyCollection`1[[ThucLuc.Application.Features.Roles.RoleDto, ThucLuc.Application, Version=1.0.0.0, Culture=neutral, PublicKeyToken=null]], System.Private.CoreLib, Version=8.0.0.0, Culture=neutral, PublicKeyToken=7cec85d7bea7798e]]'.
2026-04-27 17:26:59.453 +07:00 [INF] Executed action ThucLuc.Api.Controllers.V1.RolesController.GetAll (ThucLuc.Api) in 8.3738ms
2026-04-27 17:26:59.454 +07:00 [INF] Executed endpoint 'ThucLuc.Api.Controllers.V1.RolesController.GetAll (ThucLuc.Api)'
2026-04-27 17:26:59.454 +07:00 [INF] HTTP GET /api/v1/roles => 200 in 13.0207 ms CorrelationId=8f03b36f46da4ff7be6ab256aacc1c8a UserId=5001
2026-04-27 17:26:59.456 +07:00 [INF] HTTP GET /api/v1/roles responded 200 in 14.2183 ms
2026-04-27 17:26:59.457 +07:00 [INF] Request finished HTTP/1.1 GET http://localhost:5283/api/v1/roles - 200 null application/json; charset=utf-8 17.0403ms
2026-04-27 17:26:59.468 +07:00 [INF] Request starting HTTP/1.1 OPTIONS http://localhost:5283/api/v1/phan-quyen/user-roles - null null
2026-04-27 17:26:59.469 +07:00 [INF] CORS policy execution successful.
2026-04-27 17:26:59.469 +07:00 [INF] HTTP OPTIONS /api/v1/phan-quyen/user-roles => 204 in 0.8008 ms CorrelationId=106951ada0414ca5860f4f29b7661aef UserId=anonymous
2026-04-27 17:26:59.470 +07:00 [INF] HTTP OPTIONS /api/v1/phan-quyen/user-roles responded 204 in 1.8095 ms
2026-04-27 17:26:59.471 +07:00 [INF] Request finished HTTP/1.1 OPTIONS http://localhost:5283/api/v1/phan-quyen/user-roles - 204 null null 3.713ms
2026-04-27 17:26:59.473 +07:00 [INF] Request starting HTTP/1.1 GET http://localhost:5283/api/v1/phan-quyen/user-roles - null null
2026-04-27 17:26:59.476 +07:00 [INF] CORS policy execution successful.
2026-04-27 17:26:59.477 +07:00 [INF] Executing endpoint 'ThucLuc.Api.Controllers.V1.PhanQuyenController.GetUserRoleMappings (ThucLuc.Api)'
2026-04-27 17:26:59.477 +07:00 [INF] Route matched with {action = "GetUserRoleMappings", controller = "PhanQuyen"}. Executing controller action with signature System.Threading.Tasks.Task`1[Microsoft.AspNetCore.Mvc.ActionResult`1[ThucLuc.Api.Common.Models.ApiResponse`1[System.Collections.Generic.IReadOnlyCollection`1[ThucLuc.Api.Controllers.V1.UserRoleMappingDto]]]] GetUserRoleMappings(System.Nullable`1[System.Int64], System.Threading.CancellationToken) on controller ThucLuc.Api.Controllers.V1.PhanQuyenController (ThucLuc.Api).
2026-04-27 17:26:59.483 +07:00 [INF] Executing OkObjectResult, writing value of type 'ThucLuc.Api.Common.Models.ApiResponse`1[[System.Collections.Generic.IReadOnlyCollection`1[[ThucLuc.Api.Controllers.V1.UserRoleMappingDto, ThucLuc.Api, Version=1.0.0.0, Culture=neutral, PublicKeyToken=null]], System.Private.CoreLib, Version=8.0.0.0, Culture=neutral, PublicKeyToken=7cec85d7bea7798e]]'.
2026-04-27 17:26:59.485 +07:00 [INF] Executed action ThucLuc.Api.Controllers.V1.PhanQuyenController.GetUserRoleMappings (ThucLuc.Api) in 5.8702ms
2026-04-27 17:26:59.485 +07:00 [INF] Executed endpoint 'ThucLuc.Api.Controllers.V1.PhanQuyenController.GetUserRoleMappings (ThucLuc.Api)'
2026-04-27 17:26:59.486 +07:00 [INF] HTTP GET /api/v1/phan-quyen/user-roles => 200 in 10.2106 ms CorrelationId=12b23857dc8e4af5b186210a8e976692 UserId=5001
2026-04-27 17:26:59.487 +07:00 [INF] HTTP GET /api/v1/phan-quyen/user-roles responded 200 in 11.4428 ms
2026-04-27 17:26:59.488 +07:00 [INF] Request finished HTTP/1.1 GET http://localhost:5283/api/v1/phan-quyen/user-roles - 200 null application/json; charset=utf-8 15.0623ms
